Command line invocation:
    /Applications/Xcode.app/Contents/Developer/usr/bin/xcodebuild -project LADM.xcodeproj -scheme LADM -configuration Release build CODE_SIGNING_ALLOWED=NO CONFIGURATION_BUILD_DIR=/Users/akhilmeesala/LADM/Build

Build settings from command line:
    CODE_SIGNING_ALLOWED = NO
    CONFIGURATION_BUILD_DIR = /Users/akhilmeesala/LADM/Build

--- xcodebuild: WARNING: Using the first of multiple matching destinations:
{ platform:macOS, arch:arm64, id:00006040-000A504101A0801C, name:My Mac }
{ platform:macOS, arch:x86_64, id:00006040-000A504101A0801C, name:My Mac }
{ platform:macOS, name:Any Mac }
ComputePackagePrebuildTargetDependencyGraph

Prepare packages

CreateBuildRequest

SendProjectDescription

CreateBuildOperation

ComputeTargetDependencyGraph
note: Building targets in dependency order
note: Target dependency graph (2 targets)
    Target 'LADM' in project 'LADM'
        ➜ Explicit dependency on target 'LADMCore' in project 'LADM'
    Target 'LADMCore' in project 'LADM' (no dependencies)

GatherProvisioningInputs

CreateBuildDescription

ClangStatCache /Applications/Xcode.app/Contents/Developer/Toolchains/XcodeDefault.xctoolchain/usr/bin/clang-stat-cache /Applications/Xcode.app/Contents/Developer/Platforms/MacOSX.platform/Developer/SDKs/MacOSX26.4.sdk /Users/akhilmeesala/Library/Developer/Xcode/DerivedData/SDKStatCaches.noindex/macosx26.4-25E251-30f9ca8789b706f8bd3fc906a70d770f.sdkstatcache
    cd /Users/akhilmeesala/LADM/LADM.xcodeproj
    /Applications/Xcode.app/Contents/Developer/Toolchains/XcodeDefault.xctoolchain/usr/bin/clang-stat-cache /Applications/Xcode.app/Contents/Developer/Platforms/MacOSX.platform/Developer/SDKs/MacOSX26.4.sdk -o /Users/akhilmeesala/Library/Developer/Xcode/DerivedData/SDKStatCaches.noindex/macosx26.4-25E251-30f9ca8789b706f8bd3fc906a70d770f.sdkstatcache

Copy /Users/akhilmeesala/LADM/Build/LADM.app/Contents/Frameworks/LADMCore.framework /Users/akhilmeesala/LADM/Build/LADMCore.framework (in target 'LADM' from project 'LADM')
    cd /Users/akhilmeesala/LADM
    builtin-copy -exclude .DS_Store -exclude CVS -exclude .svn -exclude .git -exclude .hg -exclude Headers -exclude PrivateHeaders -exclude Modules -exclude \*.tbd -resolve-src-symlinks -remove-static-executable /Users/akhilmeesala/LADM/Build/LADMCore.framework /Users/akhilmeesala/LADM/Build/LADM.app/Contents/Frameworks

CopySwiftLibs /Users/akhilmeesala/LADM/Build/LADM.app (in target 'LADM' from project 'LADM')
    cd /Users/akhilmeesala/LADM
    builtin-swiftStdLibTool --copy --verbose --scan-executable /Users/akhilmeesala/LADM/Build/LADM.app/Contents/MacOS/LADM --scan-folder /Users/akhilmeesala/LADM/Build/LADM.app/Contents/Frameworks --scan-folder /Users/akhilmeesala/LADM/Build/LADM.app/Contents/PlugIns --scan-folder /Users/akhilmeesala/LADM/Build/LADM.app/Contents/Library/SystemExtensions --scan-folder /Users/akhilmeesala/LADM/Build/LADM.app/Contents/Extensions --scan-folder /Users/akhilmeesala/LADM/Build/LADMCore.framework --platform macosx --toolchain /Applications/Xcode.app/Contents/Developer/Toolchains/XcodeDefault.xctoolchain --destination /Users/akhilmeesala/LADM/Build/LADM.app/Contents/Frameworks --strip-bitcode --strip-bitcode-tool /Applications/Xcode.app/Contents/Developer/Toolchains/XcodeDefault.xctoolchain/usr/bin/bitcode_strip --emit-dependency-info /Users/akhilmeesala/Library/Developer/Xcode/DerivedData/LADM-dcfwxbpqmqbyeieftnccnvynrhwl/Build/Intermediates.noindex/LADM.build/Release/LADM.build/SwiftStdLibToolInputDependencies.dep --filter-for-swift-os --back-deploy-swift-span
Ignoring --strip-bitcode because --sign was not passed

ProcessInfoPlistFile /Users/akhilmeesala/LADM/Build/LADM.app/Contents/Info.plist /Users/akhilmeesala/LADM/Resources/Info.plist (in target 'LADM' from project 'LADM')
    cd /Users/akhilmeesala/LADM
    builtin-infoPlistUtility /Users/akhilmeesala/LADM/Resources/Info.plist -producttype com.apple.product-type.application -genpkginfo /Users/akhilmeesala/LADM/Build/LADM.app/Contents/PkgInfo -expandbuildsettings -platform macosx -additionalcontentfile /Users/akhilmeesala/Library/Developer/Xcode/DerivedData/LADM-dcfwxbpqmqbyeieftnccnvynrhwl/Build/Intermediates.noindex/LADM.build/Release/LADM.build/Base.lproj/Main-SBPartialInfo.plist -additionalcontentfile /Users/akhilmeesala/Library/Developer/Xcode/DerivedData/LADM-dcfwxbpqmqbyeieftnccnvynrhwl/Build/Intermediates.noindex/LADM.build/Release/LADM.build/assetcatalog_generated_info.plist -scanforprivacyfile /Users/akhilmeesala/LADM/Build/LADM.app/Contents/Frameworks/LADMCore.framework -o /Users/akhilmeesala/LADM/Build/LADM.app/Contents/Info.plist

** BUILD SUCCEEDED **

