2026-04-18 13:04:41.465 xcodebuild[17556:716477]  DVTErrorPresenter: Unable to load simulator devices.
Domain: DVTCoreSimulatorAdditionsErrorDomain
Code: 3
Failure Reason: The version of the CoreSimulator framework installed on this Mac is out-of-date and not supported by this version of Xcode.
Recovery Suggestion: Please ensure that you have installed all available updates to your Mac's software, and that you are running the most recent version of Xcode supported by macOS.
--
CoreSimulator is out of date. Current version (1051.49.0) is older than build version (1051.50.0).
Domain: DVTCoreSimulatorAdditionsErrorDomain
Code: 3
--

2026-04-18 13:04:41.466 xcodebuild[17556:716477]  iOSSimulator: [SimServiceContext sharedServiceContextForDeveloperDir:error:] returned nil (Error Domain=DVTCoreSimulatorAdditionsErrorDomain Code=3 "CoreSimulator is out of date. Current version (1051.49.0) is older than build version (1051.50.0)." UserInfo={NSLocalizedDescription=CoreSimulator is out of date. Current version (1051.49.0) is older than build version (1051.50.0).}). Simulator device support disabled.
Command line invocation:
    /Applications/Xcode.app/Contents/Developer/usr/bin/xcodebuild -workspace LADM.xcodeproj/project.xcworkspace -scheme LADM -configuration Release build CODE_SIGNING_ALLOWED=NO

Build settings from command line:
    CODE_SIGNING_ALLOWED = NO

--- xcodebuild: WARNING: Using the first of multiple matching destinations:
{ platform:macOS, arch:arm64, id:00006040-000A504101A0801C, name:My Mac }
{ platform:macOS, arch:x86_64, id:00006040-000A504101A0801C, name:My Mac }
{ platform:macOS, name:Any Mac }
ComputePackagePrebuildTargetDependencyGraph

Prepare packages

CreateBuildRequest

SendProjectDescription

CreateBuildOperation

ComputeTargetDependencyGraph
note: Building targets in dependency order
note: Target dependency graph (2 targets)
    Target 'LADM' in project 'LADM'
        ➜ Explicit dependency on target 'LADMCore' in project 'LADM'
    Target 'LADMCore' in project 'LADM' (no dependencies)

GatherProvisioningInputs

CreateBuildDescription

ClangStatCache /Applications/Xcode.app/Contents/Developer/Toolchains/XcodeDefault.xctoolchain/usr/bin/clang-stat-cache /Applications/Xcode.app/Contents/Developer/Platforms/MacOSX.platform/Developer/SDKs/MacOSX26.4.sdk /Users/akhilmeesala/Library/Developer/Xcode/DerivedData/SDKStatCaches.noindex/macosx26.4-25E251-30f9ca8789b706f8bd3fc906a70d770f.sdkstatcache
    cd /Users/akhilmeesala/LADM/LADM.xcodeproj
    /Applications/Xcode.app/Contents/Developer/Toolchains/XcodeDefault.xctoolchain/usr/bin/clang-stat-cache /Applications/Xcode.app/Contents/Developer/Platforms/MacOSX.platform/Developer/SDKs/MacOSX26.4.sdk -o /Users/akhilmeesala/Library/Developer/Xcode/DerivedData/SDKStatCaches.noindex/macosx26.4-25E251-30f9ca8789b706f8bd3fc906a70d770f.sdkstatcache

SwiftDriver LADMCore normal arm64 com.apple.xcode.tools.swift.compiler (in target 'LADMCore' from project 'LADM')
    cd /Users/akhilmeesala/LADM
    builtin-SwiftDriver -- /Applications/Xcode.app/Contents/Developer/Toolchains/XcodeDefault.xctoolchain/usr/bin/swiftc -module-name LADMCore -O -whole-module-optimization @/Users/akhilmeesala/Library/Developer/Xcode/DerivedData/LADM-dcfwxbpqmqbyeieftnccnvynrhwl/Build/Intermediates.noindex/LADM.build/Release/LADMCore.build/Objects-normal/arm64/LADMCore.SwiftFileList -enable-bare-slash-regex -enable-experimental-feature DebugDescriptionMacro -sdk /Applications/Xcode.app/Contents/Developer/Platforms/MacOSX.platform/Developer/SDKs/MacOSX26.4.sdk -target arm64-apple-macos12.0 -g -module-cache-path /Users/akhilmeesala/Library/Developer/Xcode/DerivedData/ModuleCache.noindex -Xfrontend -serialize-debugging-options -swift-version 5 -I /Users/akhilmeesala/Library/Developer/Xcode/DerivedData/LADM-dcfwxbpqmqbyeieftnccnvynrhwl/Build/Products/Release -F /Users/akhilmeesala/Library/Developer/Xcode/DerivedData/LADM-dcfwxbpqmqbyeieftnccnvynrhwl/Build/Products/Release -F /System/Library/PrivateFrameworks -c -num-threads 14 -Xcc -ivfsstatcache -Xcc /Users/akhilmeesala/Library/Developer/Xcode/DerivedData/SDKStatCaches.noindex/macosx26.4-25E251-30f9ca8789b706f8bd3fc906a70d770f.sdkstatcache -output-file-map /Users/akhilmeesala/Library/Developer/Xcode/DerivedData/LADM-dcfwxbpqmqbyeieftnccnvynrhwl/Build/Intermediates.noindex/LADM.build/Release/LADMCore.build/Objects-normal/arm64/LADMCore-OutputFileMap.json -use-frontend-parseable-output -save-temps -no-color-diagnostics -explicit-module-build -module-cache-path /Users/akhilmeesala/Library/Developer/Xcode/DerivedData/LADM-dcfwxbpqmqbyeieftnccnvynrhwl/Build/Intermediates.noindex/SwiftExplicitPrecompiledModules -clang-scanner-module-cache-path /Users/akhilmeesala/Library/Developer/Xcode/DerivedData/ModuleCache.noindex -sdk-module-cache-path /Users/akhilmeesala/Library/Developer/Xcode/DerivedData/ModuleCache.noindex -serialize-diagnostics -emit-dependencies -emit-module -emit-module-path /Users/akhilmeesala/Library/Developer/Xcode/DerivedData/LADM-dcfwxbpqmqbyeieftnccnvynrhwl/Build/Intermediates.noindex/LADM.build/Release/LADMCore.build/Objects-normal/arm64/LADMCore.swiftmodule -validate-clang-modules-once -clang-build-session-file /Users/akhilmeesala/Library/Developer/Xcode/DerivedData/ModuleCache.noindex/Session.modulevalidation -Xcc -I/Users/akhilmeesala/Library/Developer/Xcode/DerivedData/LADM-dcfwxbpqmqbyeieftnccnvynrhwl/Build/Intermediates.noindex/LADM.build/Release/LADMCore.build/swift-overrides.hmap -emit-const-values -Xfrontend -const-gather-protocols-file -Xfrontend /Users/akhilmeesala/Library/Developer/Xcode/DerivedData/LADM-dcfwxbpqmqbyeieftnccnvynrhwl/Build/Intermediates.noindex/LADM.build/Release/LADMCore.build/Objects-normal/arm64/LADMCore_const_extract_protocols.json -Xcc -iquote -Xcc /Users/akhilmeesala/Library/Developer/Xcode/DerivedData/LADM-dcfwxbpqmqbyeieftnccnvynrhwl/Build/Intermediates.noindex/LADM.build/Release/LADMCore.build/LADMCore-generated-files.hmap -Xcc -I/Users/akhilmeesala/Library/Developer/Xcode/DerivedData/LADM-dcfwxbpqmqbyeieftnccnvynrhwl/Build/Intermediates.noindex/LADM.build/Release/LADMCore.build/LADMCore-own-target-headers.hmap -Xcc -I/Users/akhilmeesala/Library/Developer/Xcode/DerivedData/LADM-dcfwxbpqmqbyeieftnccnvynrhwl/Build/Intermediates.noindex/LADM.build/Release/LADMCore.build/LADMCore-all-non-framework-target-headers.hmap -Xcc -ivfsoverlay -Xcc /Users/akhilmeesala/Library/Developer/Xcode/DerivedData/LADM-dcfwxbpqmqbyeieftnccnvynrhwl/Build/Intermediates.noindex/LADM.build/Release/LADM-e2216feeb8af4e91610adbc941f5795f-VFS/all-product-headers.yaml -Xcc -iquote -Xcc /Users/akhilmeesala/Library/Developer/Xcode/DerivedData/LADM-dcfwxbpqmqbyeieftnccnvynrhwl/Build/Intermediates.noindex/LADM.build/Release/LADMCore.build/LADMCore-project-headers.hmap -Xcc -I/Users/akhilmeesala/Library/Developer/Xcode/DerivedData/LADM-dcfwxbpqmqbyeieftnccnvynrhwl/Build/Products/Release/include -Xcc -I/Users/akhilmeesala/Library/Developer/Xcode/DerivedData/LADM-dcfwxbpqmqbyeieftnccnvynrhwl/Build/Intermediates.noindex/LADM.build/Release/LADMCore.build/DerivedSources-normal/arm64 -Xcc -I/Users/akhilmeesala/Library/Developer/Xcode/DerivedData/LADM-dcfwxbpqmqbyeieftnccnvynrhwl/Build/Intermediates.noindex/LADM.build/Release/LADMCore.build/DerivedSources/arm64 -Xcc -I/Users/akhilmeesala/Library/Developer/Xcode/DerivedData/LADM-dcfwxbpqmqbyeieftnccnvynrhwl/Build/Intermediates.noindex/LADM.build/Release/LADMCore.build/DerivedSources -emit-objc-header -emit-objc-header-path /Users/akhilmeesala/Library/Developer/Xcode/DerivedData/LADM-dcfwxbpqmqbyeieftnccnvynrhwl/Build/Intermediates.noindex/LADM.build/Release/LADMCore.build/Objects-normal/arm64/LADMCore-Swift.h -import-underlying-module -Xcc -ivfsoverlay -Xcc /Users/akhilmeesala/Library/Developer/Xcode/DerivedData/LADM-dcfwxbpqmqbyeieftnccnvynrhwl/Build/Intermediates.noindex/LADM.build/Release/LADMCore.build/unextended-module-overlay.yaml -working-directory /Users/akhilmeesala/LADM -no-emit-module-separately-wmo

SwiftCompile normal arm64 Compiling\ LADMAmbientLightSensorReader.swift,\ LADMSettings.swift,\ LADMSystemAppearanceSwitcher.swift,\ ClamshellStateChecker.swift /Users/akhilmeesala/LADM/LADMCore/Source/AmbientLight/LADMAmbientLightSensorReader.swift /Users/akhilmeesala/LADM/LADMCore/Source/Storage/LADMSettings.swift /Users/akhilmeesala/LADM/LADMCore/Source/System/LADMSystemAppearanceSwitcher.swift /Users/akhilmeesala/LADM/LADMCore/Source/Utilities/ClamshellStateChecker.swift /Applications/Xcode.app/Contents/Developer/Toolchains/XcodeDefault.xctoolchain/usr/lib/swift/macosx/prebuilt-modules/26.4/os.swiftmodule/arm64e-apple-macos.swiftmodule /Applications/Xcode.app/Contents/Developer/Toolchains/XcodeDefault.xctoolchain/usr/lib/swift/macosx/prebuilt-modules/26.4/Symbols.swiftmodule/arm64e-apple-macos.swiftmodule /Applications/Xcode.app/Contents/Developer/Toolchains/XcodeDefault.xctoolchain/usr/lib/swift/macosx/prebuilt-modules/26.4/QuartzCore.swiftmodule/arm64e-apple-macos.swiftmodule /Applications/Xcode.app/Contents/Developer/Toolchains/XcodeDefault.xctoolchain/usr/lib/swift/macosx/prebuilt-modules/26.4/Accessibility.swiftmodule/arm64e-apple-macos.swiftmodule /Applications/Xcode.app/Contents/Developer/Toolchains/XcodeDefault.xctoolchain/usr/lib/swift/macosx/prebuilt-modules/26.4/Foundation.swiftmodule/arm64e-apple-macos.swiftmodule /Applications/Xcode.app/Contents/Developer/Toolchains/XcodeDefault.xctoolchain/usr/lib/swift/macosx/prebuilt-modules/26.4/CoreTransferable.swiftmodule/arm64e-apple-macos.swiftmodule /Applications/Xcode.app/Contents/Developer/Toolchains/XcodeDefault.xctoolchain/usr/lib/swift/macosx/prebuilt-modules/26.4/Metal.swiftmodule/arm64e-apple-macos.swiftmodule /Applications/Xcode.app/Contents/Developer/Toolchains/XcodeDefault.xctoolchain/usr/lib/swift/macosx/prebuilt-modules/26.4/CoreFoundation.swiftmodule/arm64e-apple-macos.swiftmodule /Applications/Xcode.app/Contents/Developer/Toolchains/XcodeDefault.xctoolchain/usr/lib/swift/macosx/prebuilt-modules/26.4/_Builtin_float.swiftmodule/arm64e-apple-macos.swiftmodule /Applications/Xcode.app/Contents/Developer/Toolchains/XcodeDefault.xctoolchain/usr/lib/swift/macosx/prebuilt-modules/26.4/ObjectiveC.swiftmodule/arm64e-apple-macos.swiftmodule /Applications/Xcode.app/Contents/Developer/Toolchains/XcodeDefault.xctoolchain/usr/lib/swift/macosx/prebuilt-modules/26.4/DeveloperToolsSupport.swiftmodule/arm64e-apple-macos.swiftmodule /Applications/Xcode.app/Contents/Developer/Toolchains/XcodeDefault.xctoolchain/usr/lib/swift/macosx/prebuilt-modules/26.4/IOKit.swiftmodule/arm64e-apple-macos.swiftmodule /Applications/Xcode.app/Contents/Developer/Toolchains/XcodeDefault.xctoolchain/usr/lib/swift/macosx/prebuilt-modules/26.4/UniformTypeIdentifiers.swiftmodule/arm64e-apple-macos.swiftmodule /Applications/Xcode.app/Contents/Developer/Toolchains/XcodeDefault.xctoolchain/usr/lib/swift/macosx/prebuilt-modules/26.4/Spatial.swiftmodule/arm64e-apple-macos.swiftmodule /Applications/Xcode.app/Contents/Developer/Toolchains/XcodeDefault.xctoolchain/usr/lib/swift/macosx/prebuilt-modules/26.4/AppKit.swiftmodule/arm64e-apple-macos.swiftmodule /Applications/Xcode.app/Contents/Developer/Toolchains/XcodeDefault.xctoolchain/usr/lib/swift/macosx/prebuilt-modules/26.4/SwiftUICore.swiftmodule/arm64e-apple-macos.swiftmodule /Applications/Xcode.app/Contents/Developer/Toolchains/XcodeDefault.xctoolchain/usr/lib/swift/macosx/prebuilt-modules/26.4/CoreVideo.swiftmodule/arm64e-apple-macos.swiftmodule /Applications/Xcode.app/Contents/Developer/Toolchains/XcodeDefault.xctoolchain/usr/lib/swift/macosx/prebuilt-modules/26.4/_DarwinFoundation2.swiftmodule/arm64e-apple-macos.swiftmodule /Applications/Xcode.app/Contents/Developer/Toolchains/XcodeDefault.xctoolchain/usr/lib/swift/macosx/prebuilt-modules/26.4/XPC.swiftmodule/arm64e-apple-macos.swiftmodule /Applications/Xcode.app/Contents/Developer/Toolchains/XcodeDefault.xctoolchain/usr/lib/swift/macosx/prebuilt-modules/26.4/CoreImage.swiftmodule/arm64e-apple-macos.swiftmodule /Applications/Xcode.app/Contents/Developer/Toolchains/XcodeDefault.xctoolchain/usr/lib/swift/macosx/prebuilt-modules/26.4/System.swiftmodule/arm64e-apple-macos.swiftmodule /Applications/Xcode.app/Contents/Developer/Toolchains/XcodeDefault.xctoolchain/usr/lib/swift/macosx/prebuilt-modules/26.4/simd.swiftmodule/arm64e-apple-macos.swiftmodule /Applications/Xcode.app/Contents/Developer/Toolchains/XcodeDefault.xctoolchain/usr/lib/swift/macosx/prebuilt-modules/26.4/_DarwinFoundation3.swiftmodule/arm64e-apple-macos.swiftmodule /Applications/Xcode.app/Contents/Developer/Toolchains/XcodeDefault.xctoolchain/usr/lib/swift/macosx/prebuilt-modules/26.4/SwiftUI.swiftmodule/arm64e-apple-macos.swiftmodule /Applications/Xcode.app/Contents/Developer/Toolchains/XcodeDefault.xctoolchain/usr/lib/swift/macosx/prebuilt-modules/26.4/Darwin.swiftmodule/arm64e-apple-macos.swiftmodule /Applications/Xcode.app/Contents/Developer/Toolchains/XcodeDefault.xctoolchain/usr/lib/swift/macosx/prebuilt-modules/26.4/Swift.swiftmodule/arm64e-apple-macos.swiftmodule /Applications/Xcode.app/Contents/Developer/Toolchains/XcodeDefault.xctoolchain/usr/lib/swift/macosx/prebuilt-modules/26.4/DataDetection.swiftmodule/arm64e-apple-macos.swiftmodule /Applications/Xcode.app/Contents/Developer/Toolchains/XcodeDefault.xctoolchain/usr/lib/swift/macosx/prebuilt-modules/26.4/Combine.swiftmodule/arm64e-apple-macos.swiftmodule /Applications/Xcode.app/Contents/Developer/Toolchains/XcodeDefault.xctoolchain/usr/lib/swift/macosx/prebuilt-modules/26.4/OSLog.swiftmodule/arm64e-apple-macos.swiftmodule /Applications/Xcode.app/Contents/Developer/Toolchains/XcodeDefault.xctoolchain/usr/lib/swift/macosx/prebuilt-modules/26.4/_Concurrency.swiftmodule/arm64e-apple-macos.swiftmodule /Applications/Xcode.app/Contents/Developer/Toolchains/XcodeDefault.xctoolchain/usr/lib/swift/macosx/prebuilt-modules/26.4/CoreGraphics.swiftmodule/arm64e-apple-macos.swiftmodule /Applications/Xcode.app/Contents/Developer/Toolchains/XcodeDefault.xctoolchain/usr/lib/swift/macosx/prebuilt-modules/26.4/_DarwinFoundation1.swiftmodule/arm64e-apple-macos.swiftmodule /Applications/Xcode.app/Contents/Developer/Toolchains/XcodeDefault.xctoolchain/usr/lib/swift/macosx/prebuilt-modules/26.4/_StringProcessing.swiftmodule/arm64e-apple-macos.swiftmodule /Applications/Xcode.app/Contents/Developer/Toolchains/XcodeDefault.xctoolchain/usr/lib/swift/macosx/prebuilt-modules/26.4/CoreData.swiftmodule/arm64e-apple-macos.swiftmodule /Applications/Xcode.app/Contents/Developer/Toolchains/XcodeDefault.xctoolchain/usr/lib/swift/macosx/prebuilt-modules/26.4/Dispatch.swiftmodule/arm64e-apple-macos.swiftmodule /Applications/Xcode.app/Contents/Developer/Toolchains/XcodeDefault.xctoolchain/usr/lib/swift/macosx/prebuilt-modules/26.4/Observation.swiftmodule/arm64e-apple-macos.swiftmodule /Applications/Xcode.app/Contents/Developer/Toolchains/XcodeDefault.xctoolchain/usr/lib/swift/macosx/prebuilt-modules/26.4/CoreText.swiftmodule/arm64e-apple-macos.swiftmodule /Users/akhilmeesala/Library/Developer/Xcode/DerivedData/ModuleCache.noindex/CoreText-KUDOT057LYIUMFHOUIZCTX8Z.pcm /Users/akhilmeesala/Library/Developer/Xcode/DerivedData/ModuleCache.noindex/ptrcheck-8CFS1FDC7IT737PNFDSX13MRM.pcm /Users/akhilmeesala/Library/Developer/Xcode/DerivedData/ModuleCache.noindex/CUPS-VJ8R8VILECZYUFN4AJMRC0T4.pcm /Users/akhilmeesala/Library/Developer/Xcode/DerivedData/ModuleCache.noindex/OpenGL-CMENHZ6H28T08QXUFTPVLIR4J.pcm /Users/akhilmeesala/Library/Developer/Xcode/DerivedData/ModuleCache.noindex/_Builtin_stddef-CICF91U3GSRM5V9U22BSNREYG.pcm /Users/akhilmeesala/Library/Developer/Xcode/DerivedData/ModuleCache.noindex/os-8S3AZ1XIIT9NC9NMI79F6PP95.pcm /Users/akhilmeesala/Library/Developer/Xcode/DerivedData/ModuleCache.noindex/_Builtin_inttypes-26KXEP0HPS7WM1KCXMDPYUVFZ.pcm /Users/akhilmeesala/Library/Developer/Xcode/DerivedData/ModuleCache.noindex/ObjectiveC-9EF3UEZM0QY2P1RMHQL85L8DO.pcm /Users/akhilmeesala/Library/Developer/Xcode/DerivedData/ModuleCache.noindex/_Builtin_stdarg-80YL0MF3FYJR7BAFKRYCWTIA1.pcm /Users/akhilmeesala/Library/Developer/Xcode/DerivedData/ModuleCache.noindex/SwiftShims-9WZPDEUDSJ8GL2WQJ4YG19R0Q.pcm /Users/akhilmeesala/Library/Developer/Xcode/DerivedData/ModuleCache.noindex/CoreGraphics-E5HSX7ZUABBL31483T7DUE83O.pcm /Users/akhilmeesala/Library/Developer/Xcode/DerivedData/ModuleCache.noindex/DiskArbitration-4E1TVG2C1X27WPSGUPNRBYL77.pcm /Users/akhilmeesala/Library/Developer/Xcode/DerivedData/ModuleCache.noindex/Dispatch-97RORZ8H08N5JGGWH0UOSQWSJ.pcm /Users/akhilmeesala/Library/Developer/Xcode/DerivedData/ModuleCache.noindex/CoreFoundation-3HT0EX0E7IGIAH8PX8HYEDY92.pcm /Users/akhilmeesala/Library/Developer/Xcode/DerivedData/ModuleCache.noindex/IOSurface-EJV371AILPLLHIH4ZRHIARNPE.pcm /Users/akhilmeesala/Library/Developer/Xcode/DerivedData/ModuleCache.noindex/_Builtin_float-1ALQEEDZV0Y165PBNTNJMUEJY.pcm /Users/akhilmeesala/Library/Developer/Xcode/DerivedData/ModuleCache.noindex/OSLog-1TENU8NS2GHX268YW87BJZKVL.pcm /Users/akhilmeesala/Library/Developer/Xcode/DerivedData/ModuleCache.noindex/AppKit-8LW1PJVNTR3SUXZYTO4XYI3MK.pcm /Users/akhilmeesala/Library/Developer/Xcode/DerivedData/ModuleCache.noindex/ApplicationServices-F2TSMW12UR3PGL4JQB8PEQ80W.pcm /Users/akhilmeesala/Library/Developer/Xcode/DerivedData/ModuleCache.noindex/Accessibility-VP7GW12MS599FSMWZ8OJJ2JR.pcm /Users/akhilmeesala/Library/Developer/Xcode/DerivedData/ModuleCache.noindex/_DarwinFoundation1-673W3O2Q9VP53NNWHHD2H14D8.pcm /Users/akhilmeesala/Library/Developer/Xcode/DerivedData/ModuleCache.noindex/Spatial-1EP7CZNSX7RUQA97AJO663A4Y.pcm /Users/akhilmeesala/Library/Developer/Xcode/DerivedData/ModuleCache.noindex/Security-NH7MA7835RJ5UW16D8GRMT3R.pcm /Users/akhilmeesala/Library/Developer/Xcode/DerivedData/ModuleCache.noindex/Symbols-85SIVVYXN75LX53D2VQ8PPRA2.pcm /Users/akhilmeesala/Library/Developer/Xcode/DerivedData/ModuleCache.noindex/ServiceManagement-5VZRN1XDOD9RMZCAK11PDIOD8.pcm /Users/akhilmeesala/Library/Developer/Xcode/DerivedData/ModuleCache.noindex/os_workgroup-BW4O66HQ78UBC9I6EHD8T1G2J.pcm /Users/akhilmeesala/Library/Developer/Xcode/DerivedData/ModuleCache.noindex/os_object-87Z5OMXRM7S967YK5D5XJEW8K.pcm /Users/akhilmeesala/Library/Developer/Xcode/DerivedData/ModuleCache.noindex/IOKit-CXPMSSSSK7PGK28SFHP4DW6MF.pcm /Users/akhilmeesala/Library/Developer/Xcode/DerivedData/ModuleCache.noindex/Foundation-AHMSPXAQUTMLMK278FFXD7L7T.pcm /Users/akhilmeesala/Library/Developer/Xcode/DerivedData/ModuleCache.noindex/libDER-2MZA34OZ0JALH9HU768LW0HH8.pcm /Users/akhilmeesala/Library/Developer/Xcode/DerivedData/ModuleCache.noindex/Metal-DZGCFAQLIL2VRC0D0ES5ULAC4.pcm /Users/akhilmeesala/Library/Developer/Xcode/DerivedData/ModuleCache.noindex/_DarwinFoundation3-6TR18CK7R4ZX5OPAUGLZGHM40.pcm /Users/akhilmeesala/Library/Developer/Xcode/DerivedData/ModuleCache.noindex/XPC-C6QWTFCHAQHNOEGJZGPJU4U0F.pcm /Users/akhilmeesala/Library/Developer/Xcode/DerivedData/ModuleCache.noindex/CoreTransferable-6ASJ4MP117JBR5DB5C1GJCK2I.pcm /Users/akhilmeesala/Library/Developer/Xcode/DerivedData/ModuleCache.noindex/ColorSync-9RR1E6N2KVLWDNCRYD7ACF1JL.pcm /Users/akhilmeesala/Library/Developer/Xcode/DerivedData/ModuleCache.noindex/sys_types-Y0968MFFKH5VOJMHBGWU74EX.pcm /Users/akhilmeesala/Library/Developer/Xcode/DerivedData/ModuleCache.noindex/SwiftUICore-9RX27X28PJ6VAVPXM885L6AHY.pcm /Users/akhilmeesala/Library/Developer/Xcode/DerivedData/ModuleCache.noindex/ImageIO-6Z2Z0U8QR3ZWPIRYT62LRDIIK.pcm /Users/akhilmeesala/Library/Developer/Xcode/DerivedData/ModuleCache.noindex/CoreData-90C5B2DY7OY7C3SN0YV156XWI.pcm /Users/akhilmeesala/Library/Developer/Xcode/DerivedData/ModuleCache.noindex/_Builtin_stdatomic-4Y9MIWHBYTIYP2BB54AQLZ8AQ.pcm /Users/akhilmeesala/Library/Developer/Xcode/DerivedData/ModuleCache.noindex/libkern-CYP5L76WS7W52GRA8R16SEQMT.pcm /Users/akhilmeesala/Library/Developer/Xcode/DerivedData/ModuleCache.noindex/CFNetwork-6Z5ZOHN7ROP75ICOXU87GFUMW.pcm /Users/akhilmeesala/Library/Developer/Xcode/DerivedData/ModuleCache.noindex/_Builtin_stdint-4OX18SXGQ9B0C679LB9TR1S1S.pcm /Users/akhilmeesala/Library/Developer/Xcode/DerivedData/ModuleCache.noindex/CoreVideo-ETXCDIQKHOSHTQO2AADU96URD.pcm /Users/akhilmeesala/Library/Developer/Xcode/DerivedData/ModuleCache.noindex/UniformTypeIdentifiers-78TZMRX0UT5ZIKCTVMDKEL46B.pcm /Users/akhilmeesala/Library/Developer/Xcode/DerivedData/ModuleCache.noindex/QuartzCore-5YM0MTECLIMNNM3ARCC31PLQM.pcm /Users/akhilmeesala/Library/Developer/Xcode/DerivedData/ModuleCache.noindex/_Builtin_tgmath-3M773G15TT5EDW4ZWQ5IEL9A.pcm /Users/akhilmeesala/Library/Developer/Xcode/DerivedData/ModuleCache.noindex/launch-6AV2PEWVSMQHB82JGVB6L8JYU.pcm /Users/akhilmeesala/Library/Developer/Xcode/DerivedData/ModuleCache.noindex/_Builtin_intrinsics-5L2767MAGBOKZU14S9PVX836B.pcm /Users/akhilmeesala/Library/Developer/Xcode/DerivedData/ModuleCache.noindex/CoreServices-DL1AG1XTFDW28ZDCFLEHV7I8R.pcm /Users/akhilmeesala/Library/Developer/Xcode/DerivedData/ModuleCache.noindex/SwiftUI-D0OEJ7TJ9C48WVNFFLMHVUSY3.pcm /Users/akhilmeesala/Library/Developer/Xcode/DerivedData/ModuleCache.noindex/Darwin-PQ9ZAAGCWL3UDKK3J3JIVB0I.pcm /Users/akhilmeesala/Library/Developer/Xcode/DerivedData/ModuleCache.noindex/_DarwinFoundation2-DWZ1TNWIFFARS94IOPW379PBV.pcm /Users/akhilmeesala/Library/Developer/Xcode/DerivedData/ModuleCache.noindex/ptrauth-SJGEQNAA2X3RPVH2DJHPGK9K.pcm /Users/akhilmeesala/Library/Developer/Xcode/DerivedData/ModuleCache.noindex/_Builtin_limits-7HQXPWWNEH6HJ84CIUKZ97GUS.pcm /Users/akhilmeesala/Library/Developer/Xcode/DerivedData/ModuleCache.noindex/_Builtin_stdbool-4A7TPSYJ73FNLTH5ULEXSCYO8.pcm /Users/akhilmeesala/Library/Developer/Xcode/DerivedData/LADM-dcfwxbpqmqbyeieftnccnvynrhwl/Build/Intermediates.noindex/SwiftExplicitPrecompiledModules/LADMCore-4ZD4YMPIETPKF4MABYMUVJ6DT.pcm /Users/akhilmeesala/Library/Developer/Xcode/DerivedData/ModuleCache.noindex/Cocoa-7K5BOK4US347RLECWKMVH7VJK.pcm /Users/akhilmeesala/Library/Developer/Xcode/DerivedData/ModuleCache.noindex/simd-38CTUVSE3MQ61DW9TLMCEU9E8.pcm /Users/akhilmeesala/Library/Developer/Xcode/DerivedData/ModuleCache.noindex/_AvailabilityInternal-DW908IQ482B7ZTTS7CBAJ78T0.pcm /Users/akhilmeesala/Library/Developer/Xcode/DerivedData/ModuleCache.noindex/CoreImage-BNJJ618JKHQ68QFCLP0AF9LND.pcm /Users/akhilmeesala/Library/Developer/Xcode/DerivedData/ModuleCache.noindex/MachO-E1USY99WLOTM7B3NBWT18YRUQ.pcm /Users/akhilmeesala/Library/Developer/Xcode/DerivedData/ModuleCache.noindex/_SwiftConcurrencyShims-7T4ULEQINFK5TZ4BRQZ9B569E.pcm /Users/akhilmeesala/Library/Developer/Xcode/DerivedData/ModuleCache.noindex/DeveloperToolsSupport-7KUN4TDY3AC6ZMQ5ZJV7S4G3L.pcm /Users/akhilmeesala/Library/Developer/Xcode/DerivedData/ModuleCache.noindex/DataDetection-B2FKI06VMEZEDAA6HMG2A9K8N.pcm /Users/akhilmeesala/Library/Developer/Xcode/DerivedData/LADM-dcfwxbpqmqbyeieftnccnvynrhwl/Build/Intermediates.noindex/LADM.build/Release/LADMCore.build/Objects-normal/arm64/LADMCore-dependencies-1.json (in target 'LADMCore' from project 'LADM')

CompileSwift normal arm64 (in target 'LADMCore' from project 'LADM')
    cd /Users/akhilmeesala/LADM
    

SwiftDriverJobDiscovery normal arm64 Compiling LADMAmbientLightSensorReader.swift, LADMSettings.swift, LADMSystemAppearanceSwitcher.swift, ClamshellStateChecker.swift (in target 'LADMCore' from project 'LADM')

SwiftDriver\ Compilation\ Requirements LADMCore normal arm64 com.apple.xcode.tools.swift.compiler (in target 'LADMCore' from project 'LADM')
    cd /Users/akhilmeesala/LADM
    builtin-Swift-Compilation-Requirements -- /Applications/Xcode.app/Contents/Developer/Toolchains/XcodeDefault.xctoolchain/usr/bin/swiftc -module-name LADMCore -O -whole-module-optimization @/Users/akhilmeesala/Library/Developer/Xcode/DerivedData/LADM-dcfwxbpqmqbyeieftnccnvynrhwl/Build/Intermediates.noindex/LADM.build/Release/LADMCore.build/Objects-normal/arm64/LADMCore.SwiftFileList -enable-bare-slash-regex -enable-experimental-feature DebugDescriptionMacro -sdk /Applications/Xcode.app/Contents/Developer/Platforms/MacOSX.platform/Developer/SDKs/MacOSX26.4.sdk -target arm64-apple-macos12.0 -g -module-cache-path /Users/akhilmeesala/Library/Developer/Xcode/DerivedData/ModuleCache.noindex -Xfrontend -serialize-debugging-options -swift-version 5 -I /Users/akhilmeesala/Library/Developer/Xcode/DerivedData/LADM-dcfwxbpqmqbyeieftnccnvynrhwl/Build/Products/Release -F /Users/akhilmeesala/Library/Developer/Xcode/DerivedData/LADM-dcfwxbpqmqbyeieftnccnvynrhwl/Build/Products/Release -F /System/Library/PrivateFrameworks -c -num-threads 14 -Xcc -ivfsstatcache -Xcc /Users/akhilmeesala/Library/Developer/Xcode/DerivedData/SDKStatCaches.noindex/macosx26.4-25E251-30f9ca8789b706f8bd3fc906a70d770f.sdkstatcache -output-file-map /Users/akhilmeesala/Library/Developer/Xcode/DerivedData/LADM-dcfwxbpqmqbyeieftnccnvynrhwl/Build/Intermediates.noindex/LADM.build/Release/LADMCore.build/Objects-normal/arm64/LADMCore-OutputFileMap.json -use-frontend-parseable-output -save-temps -no-color-diagnostics -explicit-module-build -module-cache-path /Users/akhilmeesala/Library/Developer/Xcode/DerivedData/LADM-dcfwxbpqmqbyeieftnccnvynrhwl/Build/Intermediates.noindex/SwiftExplicitPrecompiledModules -clang-scanner-module-cache-path /Users/akhilmeesala/Library/Developer/Xcode/DerivedData/ModuleCache.noindex -sdk-module-cache-path /Users/akhilmeesala/Library/Developer/Xcode/DerivedData/ModuleCache.noindex -serialize-diagnostics -emit-dependencies -emit-module -emit-module-path /Users/akhilmeesala/Library/Developer/Xcode/DerivedData/LADM-dcfwxbpqmqbyeieftnccnvynrhwl/Build/Intermediates.noindex/LADM.build/Release/LADMCore.build/Objects-normal/arm64/LADMCore.swiftmodule -validate-clang-modules-once -clang-build-session-file /Users/akhilmeesala/Library/Developer/Xcode/DerivedData/ModuleCache.noindex/Session.modulevalidation -Xcc -I/Users/akhilmeesala/Library/Developer/Xcode/DerivedData/LADM-dcfwxbpqmqbyeieftnccnvynrhwl/Build/Intermediates.noindex/LADM.build/Release/LADMCore.build/swift-overrides.hmap -emit-const-values -Xfrontend -const-gather-protocols-file -Xfrontend /Users/akhilmeesala/Library/Developer/Xcode/DerivedData/LADM-dcfwxbpqmqbyeieftnccnvynrhwl/Build/Intermediates.noindex/LADM.build/Release/LADMCore.build/Objects-normal/arm64/LADMCore_const_extract_protocols.json -Xcc -iquote -Xcc /Users/akhilmeesala/Library/Developer/Xcode/DerivedData/LADM-dcfwxbpqmqbyeieftnccnvynrhwl/Build/Intermediates.noindex/LADM.build/Release/LADMCore.build/LADMCore-generated-files.hmap -Xcc -I/Users/akhilmeesala/Library/Developer/Xcode/DerivedData/LADM-dcfwxbpqmqbyeieftnccnvynrhwl/Build/Intermediates.noindex/LADM.build/Release/LADMCore.build/LADMCore-own-target-headers.hmap -Xcc -I/Users/akhilmeesala/Library/Developer/Xcode/DerivedData/LADM-dcfwxbpqmqbyeieftnccnvynrhwl/Build/Intermediates.noindex/LADM.build/Release/LADMCore.build/LADMCore-all-non-framework-target-headers.hmap -Xcc -ivfsoverlay -Xcc /Users/akhilmeesala/Library/Developer/Xcode/DerivedData/LADM-dcfwxbpqmqbyeieftnccnvynrhwl/Build/Intermediates.noindex/LADM.build/Release/LADM-e2216feeb8af4e91610adbc941f5795f-VFS/all-product-headers.yaml -Xcc -iquote -Xcc /Users/akhilmeesala/Library/Developer/Xcode/DerivedData/LADM-dcfwxbpqmqbyeieftnccnvynrhwl/Build/Intermediates.noindex/LADM.build/Release/LADMCore.build/LADMCore-project-headers.hmap -Xcc -I/Users/akhilmeesala/Library/Developer/Xcode/DerivedData/LADM-dcfwxbpqmqbyeieftnccnvynrhwl/Build/Products/Release/include -Xcc -I/Users/akhilmeesala/Library/Developer/Xcode/DerivedData/LADM-dcfwxbpqmqbyeieftnccnvynrhwl/Build/Intermediates.noindex/LADM.build/Release/LADMCore.build/DerivedSources-normal/arm64 -Xcc -I/Users/akhilmeesala/Library/Developer/Xcode/DerivedData/LADM-dcfwxbpqmqbyeieftnccnvynrhwl/Build/Intermediates.noindex/LADM.build/Release/LADMCore.build/DerivedSources/arm64 -Xcc -I/Users/akhilmeesala/Library/Developer/Xcode/DerivedData/LADM-dcfwxbpqmqbyeieftnccnvynrhwl/Build/Intermediates.noindex/LADM.build/Release/LADMCore.build/DerivedSources -emit-objc-header -emit-objc-header-path /Users/akhilmeesala/Library/Developer/Xcode/DerivedData/LADM-dcfwxbpqmqbyeieftnccnvynrhwl/Build/Intermediates.noindex/LADM.build/Release/LADMCore.build/Objects-normal/arm64/LADMCore-Swift.h -import-underlying-module -Xcc -ivfsoverlay -Xcc /Users/akhilmeesala/Library/Developer/Xcode/DerivedData/LADM-dcfwxbpqmqbyeieftnccnvynrhwl/Build/Intermediates.noindex/LADM.build/Release/LADMCore.build/unextended-module-overlay.yaml -working-directory /Users/akhilmeesala/LADM -no-emit-module-separately-wmo

SwiftDriver LADMCore normal x86_64 com.apple.xcode.tools.swift.compiler (in target 'LADMCore' from project 'LADM')
    cd /Users/akhilmeesala/LADM
    builtin-SwiftDriver -- /Applications/Xcode.app/Contents/Developer/Toolchains/XcodeDefault.xctoolchain/usr/bin/swiftc -module-name LADMCore -O -whole-module-optimization @/Users/akhilmeesala/Library/Developer/Xcode/DerivedData/LADM-dcfwxbpqmqbyeieftnccnvynrhwl/Build/Intermediates.noindex/LADM.build/Release/LADMCore.build/Objects-normal/x86_64/LADMCore.SwiftFileList -enable-bare-slash-regex -enable-experimental-feature DebugDescriptionMacro -sdk /Applications/Xcode.app/Contents/Developer/Platforms/MacOSX.platform/Developer/SDKs/MacOSX26.4.sdk -target x86_64-apple-macos12.0 -g -module-cache-path /Users/akhilmeesala/Library/Developer/Xcode/DerivedData/ModuleCache.noindex -Xfrontend -serialize-debugging-options -swift-version 5 -I /Users/akhilmeesala/Library/Developer/Xcode/DerivedData/LADM-dcfwxbpqmqbyeieftnccnvynrhwl/Build/Products/Release -F /Users/akhilmeesala/Library/Developer/Xcode/DerivedData/LADM-dcfwxbpqmqbyeieftnccnvynrhwl/Build/Products/Release -F /System/Library/PrivateFrameworks -c -num-threads 14 -Xcc -ivfsstatcache -Xcc /Users/akhilmeesala/Library/Developer/Xcode/DerivedData/SDKStatCaches.noindex/macosx26.4-25E251-30f9ca8789b706f8bd3fc906a70d770f.sdkstatcache -output-file-map /Users/akhilmeesala/Library/Developer/Xcode/DerivedData/LADM-dcfwxbpqmqbyeieftnccnvynrhwl/Build/Intermediates.noindex/LADM.build/Release/LADMCore.build/Objects-normal/x86_64/LADMCore-OutputFileMap.json -use-frontend-parseable-output -save-temps -no-color-diagnostics -explicit-module-build -module-cache-path /Users/akhilmeesala/Library/Developer/Xcode/DerivedData/LADM-dcfwxbpqmqbyeieftnccnvynrhwl/Build/Intermediates.noindex/SwiftExplicitPrecompiledModules -clang-scanner-module-cache-path /Users/akhilmeesala/Library/Developer/Xcode/DerivedData/ModuleCache.noindex -sdk-module-cache-path /Users/akhilmeesala/Library/Developer/Xcode/DerivedData/ModuleCache.noindex -serialize-diagnostics -emit-dependencies -emit-module -emit-module-path /Users/akhilmeesala/Library/Developer/Xcode/DerivedData/LADM-dcfwxbpqmqbyeieftnccnvynrhwl/Build/Intermediates.noindex/LADM.build/Release/LADMCore.build/Objects-normal/x86_64/LADMCore.swiftmodule -validate-clang-modules-once -clang-build-session-file /Users/akhilmeesala/Library/Developer/Xcode/DerivedData/ModuleCache.noindex/Session.modulevalidation -Xcc -I/Users/akhilmeesala/Library/Developer/Xcode/DerivedData/LADM-dcfwxbpqmqbyeieftnccnvynrhwl/Build/Intermediates.noindex/LADM.build/Release/LADMCore.build/swift-overrides.hmap -emit-const-values -Xfrontend -const-gather-protocols-file -Xfrontend /Users/akhilmeesala/Library/Developer/Xcode/DerivedData/LADM-dcfwxbpqmqbyeieftnccnvynrhwl/Build/Intermediates.noindex/LADM.build/Release/LADMCore.build/Objects-normal/x86_64/LADMCore_const_extract_protocols.json -Xcc -iquote -Xcc /Users/akhilmeesala/Library/Developer/Xcode/DerivedData/LADM-dcfwxbpqmqbyeieftnccnvynrhwl/Build/Intermediates.noindex/LADM.build/Release/LADMCore.build/LADMCore-generated-files.hmap -Xcc -I/Users/akhilmeesala/Library/Developer/Xcode/DerivedData/LADM-dcfwxbpqmqbyeieftnccnvynrhwl/Build/Intermediates.noindex/LADM.build/Release/LADMCore.build/LADMCore-own-target-headers.hmap -Xcc -I/Users/akhilmeesala/Library/Developer/Xcode/DerivedData/LADM-dcfwxbpqmqbyeieftnccnvynrhwl/Build/Intermediates.noindex/LADM.build/Release/LADMCore.build/LADMCore-all-non-framework-target-headers.hmap -Xcc -ivfsoverlay -Xcc /Users/akhilmeesala/Library/Developer/Xcode/DerivedData/LADM-dcfwxbpqmqbyeieftnccnvynrhwl/Build/Intermediates.noindex/LADM.build/Release/LADM-e2216feeb8af4e91610adbc941f5795f-VFS/all-product-headers.yaml -Xcc -iquote -Xcc /Users/akhilmeesala/Library/Developer/Xcode/DerivedData/LADM-dcfwxbpqmqbyeieftnccnvynrhwl/Build/Intermediates.noindex/LADM.build/Release/LADMCore.build/LADMCore-project-headers.hmap -Xcc -I/Users/akhilmeesala/Library/Developer/Xcode/DerivedData/LADM-dcfwxbpqmqbyeieftnccnvynrhwl/Build/Products/Release/include -Xcc -I/Users/akhilmeesala/Library/Developer/Xcode/DerivedData/LADM-dcfwxbpqmqbyeieftnccnvynrhwl/Build/Intermediates.noindex/LADM.build/Release/LADMCore.build/DerivedSources-normal/x86_64 -Xcc -I/Users/akhilmeesala/Library/Developer/Xcode/DerivedData/LADM-dcfwxbpqmqbyeieftnccnvynrhwl/Build/Intermediates.noindex/LADM.build/Release/LADMCore.build/DerivedSources/x86_64 -Xcc -I/Users/akhilmeesala/Library/Developer/Xcode/DerivedData/LADM-dcfwxbpqmqbyeieftnccnvynrhwl/Build/Intermediates.noindex/LADM.build/Release/LADMCore.build/DerivedSources -emit-objc-header -emit-objc-header-path /Users/akhilmeesala/Library/Developer/Xcode/DerivedData/LADM-dcfwxbpqmqbyeieftnccnvynrhwl/Build/Intermediates.noindex/LADM.build/Release/LADMCore.build/Objects-normal/x86_64/LADMCore-Swift.h -import-underlying-module -Xcc -ivfsoverlay -Xcc /Users/akhilmeesala/Library/Developer/Xcode/DerivedData/LADM-dcfwxbpqmqbyeieftnccnvynrhwl/Build/Intermediates.noindex/LADM.build/Release/LADMCore.build/unextended-module-overlay.yaml -working-directory /Users/akhilmeesala/LADM -no-emit-module-separately-wmo

SwiftCompile normal x86_64 Compiling\ LADMAmbientLightSensorReader.swift,\ LADMSettings.swift,\ LADMSystemAppearanceSwitcher.swift,\ ClamshellStateChecker.swift /Users/akhilmeesala/LADM/LADMCore/Source/AmbientLight/LADMAmbientLightSensorReader.swift /Users/akhilmeesala/LADM/LADMCore/Source/Storage/LADMSettings.swift /Users/akhilmeesala/LADM/LADMCore/Source/System/LADMSystemAppearanceSwitcher.swift /Users/akhilmeesala/LADM/LADMCore/Source/Utilities/ClamshellStateChecker.swift /Applications/Xcode.app/Contents/Developer/Toolchains/XcodeDefault.xctoolchain/usr/lib/swift/macosx/prebuilt-modules/26.4/QuartzCore.swiftmodule/x86_64-apple-macos.swiftmodule /Applications/Xcode.app/Contents/Developer/Toolchains/XcodeDefault.xctoolchain/usr/lib/swift/macosx/prebuilt-modules/26.4/AppKit.swiftmodule/x86_64-apple-macos.swiftmodule /Applications/Xcode.app/Contents/Developer/Toolchains/XcodeDefault.xctoolchain/usr/lib/swift/macosx/prebuilt-modules/26.4/_Builtin_float.swiftmodule/x86_64-apple-macos.swiftmodule /Applications/Xcode.app/Contents/Developer/Toolchains/XcodeDefault.xctoolchain/usr/lib/swift/macosx/prebuilt-modules/26.4/os.swiftmodule/x86_64-apple-macos.swiftmodule /Applications/Xcode.app/Contents/Developer/Toolchains/XcodeDefault.xctoolchain/usr/lib/swift/macosx/prebuilt-modules/26.4/XPC.swiftmodule/x86_64-apple-macos.swiftmodule /Applications/Xcode.app/Contents/Developer/Toolchains/XcodeDefault.xctoolchain/usr/lib/swift/macosx/prebuilt-modules/26.4/_StringProcessing.swiftmodule/x86_64-apple-macos.swiftmodule /Applications/Xcode.app/Contents/Developer/Toolchains/XcodeDefault.xctoolchain/usr/lib/swift/macosx/prebuilt-modules/26.4/OSLog.swiftmodule/x86_64-apple-macos.swiftmodule /Applications/Xcode.app/Contents/Developer/Toolchains/XcodeDefault.xctoolchain/usr/lib/swift/macosx/prebuilt-modules/26.4/SwiftUICore.swiftmodule/x86_64-apple-macos.swiftmodule /Applications/Xcode.app/Contents/Developer/Toolchains/XcodeDefault.xctoolchain/usr/lib/swift/macosx/prebuilt-modules/26.4/Swift.swiftmodule/x86_64-apple-macos.swiftmodule /Applications/Xcode.app/Contents/Developer/Toolchains/XcodeDefault.xctoolchain/usr/lib/swift/macosx/prebuilt-modules/26.4/CoreFoundation.swiftmodule/x86_64-apple-macos.swiftmodule /Applications/Xcode.app/Contents/Developer/Toolchains/XcodeDefault.xctoolchain/usr/lib/swift/macosx/prebuilt-modules/26.4/CoreImage.swiftmodule/x86_64-apple-macos.swiftmodule /Applications/Xcode.app/Contents/Developer/Toolchains/XcodeDefault.xctoolchain/usr/lib/swift/macosx/prebuilt-modules/26.4/Darwin.swiftmodule/x86_64-apple-macos.swiftmodule /Applications/Xcode.app/Contents/Developer/Toolchains/XcodeDefault.xctoolchain/usr/lib/swift/macosx/prebuilt-modules/26.4/Spatial.swiftmodule/x86_64-apple-macos.swiftmodule /Applications/Xcode.app/Contents/Developer/Toolchains/XcodeDefault.xctoolchain/usr/lib/swift/macosx/prebuilt-modules/26.4/_DarwinFoundation3.swiftmodule/x86_64-apple-macos.swiftmodule /Applications/Xcode.app/Contents/Developer/Toolchains/XcodeDefault.xctoolchain/usr/lib/swift/macosx/prebuilt-modules/26.4/_DarwinFoundation2.swiftmodule/x86_64-apple-macos.swiftmodule /Applications/Xcode.app/Contents/Developer/Toolchains/XcodeDefault.xctoolchain/usr/lib/swift/macosx/prebuilt-modules/26.4/DataDetection.swiftmodule/x86_64-apple-macos.swiftmodule /Applications/Xcode.app/Contents/Developer/Toolchains/XcodeDefault.xctoolchain/usr/lib/swift/macosx/prebuilt-modules/26.4/Symbols.swiftmodule/x86_64-apple-macos.swiftmodule /Applications/Xcode.app/Contents/Developer/Toolchains/XcodeDefault.xctoolchain/usr/lib/swift/macosx/prebuilt-modules/26.4/Observation.swiftmodule/x86_64-apple-macos.swiftmodule /Applications/Xcode.app/Contents/Developer/Toolchains/XcodeDefault.xctoolchain/usr/lib/swift/macosx/prebuilt-modules/26.4/_Concurrency.swiftmodule/x86_64-apple-macos.swiftmodule /Applications/Xcode.app/Contents/Developer/Toolchains/XcodeDefault.xctoolchain/usr/lib/swift/macosx/prebuilt-modules/26.4/IOKit.swiftmodule/x86_64-apple-macos.swiftmodule /Applications/Xcode.app/Contents/Developer/Toolchains/XcodeDefault.xctoolchain/usr/lib/swift/macosx/prebuilt-modules/26.4/CoreTransferable.swiftmodule/x86_64-apple-macos.swiftmodule /Applications/Xcode.app/Contents/Developer/Toolchains/XcodeDefault.xctoolchain/usr/lib/swift/macosx/prebuilt-modules/26.4/simd.swiftmodule/x86_64-apple-macos.swiftmodule /Applications/Xcode.app/Contents/Developer/Toolchains/XcodeDefault.xctoolchain/usr/lib/swift/macosx/prebuilt-modules/26.4/CoreGraphics.swiftmodule/x86_64-apple-macos.swiftmodule /Applications/Xcode.app/Contents/Developer/Toolchains/XcodeDefault.xctoolchain/usr/lib/swift/macosx/prebuilt-modules/26.4/Foundation.swiftmodule/x86_64-apple-macos.swiftmodule /Applications/Xcode.app/Contents/Developer/Toolchains/XcodeDefault.xctoolchain/usr/lib/swift/macosx/prebuilt-modules/26.4/UniformTypeIdentifiers.swiftmodule/x86_64-apple-macos.swiftmodule /Applications/Xcode.app/Contents/Developer/Toolchains/XcodeDefault.xctoolchain/usr/lib/swift/macosx/prebuilt-modules/26.4/DeveloperToolsSupport.swiftmodule/x86_64-apple-macos.swiftmodule /Applications/Xcode.app/Contents/Developer/Toolchains/XcodeDefault.xctoolchain/usr/lib/swift/macosx/prebuilt-modules/26.4/Combine.swiftmodule/x86_64-apple-macos.swiftmodule /Applications/Xcode.app/Contents/Developer/Toolchains/XcodeDefault.xctoolchain/usr/lib/swift/macosx/prebuilt-modules/26.4/System.swiftmodule/x86_64-apple-macos.swiftmodule /Applications/Xcode.app/Contents/Developer/Toolchains/XcodeDefault.xctoolchain/usr/lib/swift/macosx/prebuilt-modules/26.4/Accessibility.swiftmodule/x86_64-apple-macos.swiftmodule /Applications/Xcode.app/Contents/Developer/Toolchains/XcodeDefault.xctoolchain/usr/lib/swift/macosx/prebuilt-modules/26.4/SwiftUI.swiftmodule/x86_64-apple-macos.swiftmodule /Applications/Xcode.app/Contents/Developer/Toolchains/XcodeDefault.xctoolchain/usr/lib/swift/macosx/prebuilt-modules/26.4/_DarwinFoundation1.swiftmodule/x86_64-apple-macos.swiftmodule /Applications/Xcode.app/Contents/Developer/Toolchains/XcodeDefault.xctoolchain/usr/lib/swift/macosx/prebuilt-modules/26.4/CoreText.swiftmodule/x86_64-apple-macos.swiftmodule /Applications/Xcode.app/Contents/Developer/Toolchains/XcodeDefault.xctoolchain/usr/lib/swift/macosx/prebuilt-modules/26.4/Dispatch.swiftmodule/x86_64-apple-macos.swiftmodule /Applications/Xcode.app/Contents/Developer/Toolchains/XcodeDefault.xctoolchain/usr/lib/swift/macosx/prebuilt-modules/26.4/CoreData.swiftmodule/x86_64-apple-macos.swiftmodule /Applications/Xcode.app/Contents/Developer/Toolchains/XcodeDefault.xctoolchain/usr/lib/swift/macosx/prebuilt-modules/26.4/ObjectiveC.swiftmodule/x86_64-apple-macos.swiftmodule /Applications/Xcode.app/Contents/Developer/Toolchains/XcodeDefault.xctoolchain/usr/lib/swift/macosx/prebuilt-modules/26.4/CoreVideo.swiftmodule/x86_64-apple-macos.swiftmodule /Applications/Xcode.app/Contents/Developer/Toolchains/XcodeDefault.xctoolchain/usr/lib/swift/macosx/prebuilt-modules/26.4/Metal.swiftmodule/x86_64-apple-macos.swiftmodule /Users/akhilmeesala/Library/Developer/Xcode/DerivedData/ModuleCache.noindex/UniformTypeIdentifiers-C31ROWRVVNPZP4UWXMJ656CJ6.pcm /Users/akhilmeesala/Library/Developer/Xcode/DerivedData/ModuleCache.noindex/CoreImage-F4D7Q737PIVZI2C2PZ301XE46.pcm /Users/akhilmeesala/Library/Developer/Xcode/DerivedData/ModuleCache.noindex/IOSurface-4GBMXRIOLPLG995JB95H5X5U9.pcm /Users/akhilmeesala/Library/Developer/Xcode/DerivedData/ModuleCache.noindex/MachO-1ZOJO2DN85U0FKPJKHMQRZSZ0.pcm /Users/akhilmeesala/Library/Developer/Xcode/DerivedData/ModuleCache.noindex/_Builtin_stdbool-6TACB5BGOCDYMYLC23PTQAWDX.pcm /Users/akhilmeesala/Library/Developer/Xcode/DerivedData/ModuleCache.noindex/Accessibility-87FJ56JSU51WTQ3QUG6MZJGOD.pcm /Users/akhilmeesala/Library/Developer/Xcode/DerivedData/ModuleCache.noindex/SwiftUI-9SS3VP358VPFTZ92LMXNNFCAP.pcm /Users/akhilmeesala/Library/Developer/Xcode/DerivedData/ModuleCache.noindex/ServiceManagement-9D6E3SSRCDW53K6UBIXVNHRJK.pcm /Users/akhilmeesala/Library/Developer/Xcode/DerivedData/ModuleCache.noindex/XPC-3U2QKYHCVYX7AY8HKC12IUX2H.pcm /Users/akhilmeesala/Library/Developer/Xcode/DerivedData/ModuleCache.noindex/Dispatch-2AFC58STB50XB8HICO8QYSHG1.pcm /Users/akhilmeesala/Library/Developer/Xcode/DerivedData/ModuleCache.noindex/_Builtin_stdatomic-AACZHIWRNLJN5BD8TD9UIRXHY.pcm /Users/akhilmeesala/Library/Developer/Xcode/DerivedData/ModuleCache.noindex/_SwiftConcurrencyShims-CT8URTD6XUPMXYTGIKTX9Q4T5.pcm /Users/akhilmeesala/Library/Developer/Xcode/DerivedData/ModuleCache.noindex/libDER-D6NOVIM5F39AQFTC1NDWBKPQZ.pcm /Users/akhilmeesala/Library/Developer/Xcode/DerivedData/ModuleCache.noindex/os-4KHULFSBDQW85BHQ7VPOKUG5Y.pcm /Users/akhilmeesala/Library/Developer/Xcode/DerivedData/ModuleCache.noindex/CoreData-1XU1LOPCLQL0N88HPVRPHXBGW.pcm /Users/akhilmeesala/Library/Developer/Xcode/DerivedData/ModuleCache.noindex/DiskArbitration-8R6IUGCUHMYITUZ1URYWY5JXP.pcm /Users/akhilmeesala/Library/Developer/Xcode/DerivedData/ModuleCache.noindex/AppKit-6BPI74ZI67TH85H4NVQARU7EY.pcm /Users/akhilmeesala/Library/Developer/Xcode/DerivedData/ModuleCache.noindex/_DarwinFoundation2-CTX274X974HDL1MHUM9HBV8SZ.pcm /Users/akhilmeesala/Library/Developer/Xcode/DerivedData/ModuleCache.noindex/launch-ADWFVTOORSI952CTW6HL01HP1.pcm /Users/akhilmeesala/Library/Developer/Xcode/DerivedData/ModuleCache.noindex/ptrauth-B9E8PO1DSYCTPCMAMJOHLE415.pcm /Users/akhilmeesala/Library/Developer/Xcode/DerivedData/ModuleCache.noindex/CoreText-C8MSF5T4F8U304Q0AMRNBIIW6.pcm /Users/akhilmeesala/Library/Developer/Xcode/DerivedData/ModuleCache.noindex/_AvailabilityInternal-D939CLAVNADN0KSU0RBZIRX8I.pcm /Users/akhilmeesala/Library/Developer/Xcode/DerivedData/ModuleCache.noindex/Metal-7MLVJFNWTIPJP1DOMJZ5A0S6.pcm /Users/akhilmeesala/Library/Developer/Xcode/DerivedData/ModuleCache.noindex/_Builtin_inttypes-CNWLPY8MTG9H7BPC6GI345KQ1.pcm /Users/akhilmeesala/Library/Developer/Xcode/DerivedData/ModuleCache.noindex/Darwin-AZ3ONHCXG68BLXAQWKJ4JZ1Q6.pcm /Users/akhilmeesala/Library/Developer/Xcode/DerivedData/ModuleCache.noindex/ImageIO-7YX9CVP9DUU88JIS93DDY15M7.pcm /Users/akhilmeesala/Library/Developer/Xcode/DerivedData/ModuleCache.noindex/ApplicationServices-79QBZCVXW84UJS8APPEXY9AFF.pcm /Users/akhilmeesala/Library/Developer/Xcode/DerivedData/ModuleCache.noindex/ptrcheck-2S2GOU7OT43XX8AABDLBUGW5Y.pcm /Users/akhilmeesala/Library/Developer/Xcode/DerivedData/ModuleCache.noindex/_DarwinFoundation1-2VWNXJBTQVA0UXASQAST4J12K.pcm /Users/akhilmeesala/Library/Developer/Xcode/DerivedData/ModuleCache.noindex/CFNetwork-C7YHIDC2961G14HXB1GBWN55T.pcm /Users/akhilmeesala/Library/Developer/Xcode/DerivedData/ModuleCache.noindex/libkern-E3LRY973U70LD7MJ83JP6Y596.pcm /Users/akhilmeesala/Library/Developer/Xcode/DerivedData/ModuleCache.noindex/CoreFoundation-22UZI08Q7YLTUTPGP3YW45C3N.pcm /Users/akhilmeesala/Library/Developer/Xcode/DerivedData/ModuleCache.noindex/sys_types-C7L659AIPDPNFMHSWQ5BL9MN6.pcm /Users/akhilmeesala/Library/Developer/Xcode/DerivedData/ModuleCache.noindex/SwiftUICore-AUANAC1832B3WBVL1ZUDQHKM5.pcm /Users/akhilmeesala/Library/Developer/Xcode/DerivedData/ModuleCache.noindex/_DarwinFoundation3-8DM76H0C686YEAAOHOFGS9WGZ.pcm /Users/akhilmeesala/Library/Developer/Xcode/DerivedData/ModuleCache.noindex/Foundation-DO1J41ZAA2NHKP23YZYU2P094.pcm /Users/akhilmeesala/Library/Developer/Xcode/DerivedData/ModuleCache.noindex/DataDetection-4F5A919RHKSRAJBI6A86HQMY4.pcm /Users/akhilmeesala/Library/Developer/Xcode/DerivedData/ModuleCache.noindex/CoreVideo-BK60JW598SESI03RVBW4RLC5L.pcm /Users/akhilmeesala/Library/Developer/Xcode/DerivedData/ModuleCache.noindex/ColorSync-EKOR1MOTF68TXSFUE8VYMDR8E.pcm /Users/akhilmeesala/Library/Developer/Xcode/DerivedData/ModuleCache.noindex/_Builtin_stddef-874QK9JG325SFFXXZQST1GQTH.pcm /Users/akhilmeesala/Library/Developer/Xcode/DerivedData/ModuleCache.noindex/CoreServices-2065WOUQLQMR1Z230JSMEV8ID.pcm /Users/akhilmeesala/Library/Developer/Xcode/DerivedData/ModuleCache.noindex/SwiftShims-AY3LYCS96R6A9LM2Z0PGMYKSG.pcm /Users/akhilmeesala/Library/Developer/Xcode/DerivedData/ModuleCache.noindex/ObjectiveC-5DHT3J8M0B1B0LX2QD8CQFFI.pcm /Users/akhilmeesala/Library/Developer/Xcode/DerivedData/ModuleCache.noindex/Security-A9OWYAS40LGIKF1TQL62O6MCE.pcm /Users/akhilmeesala/Library/Developer/Xcode/DerivedData/ModuleCache.noindex/CoreGraphics-C2YU21URA5RMRBI6LN6AECFYV.pcm /Users/akhilmeesala/Library/Developer/Xcode/DerivedData/ModuleCache.noindex/_Builtin_limits-6ETJYH16VGS4ITM3V5K1S49FF.pcm /Users/akhilmeesala/Library/Developer/Xcode/DerivedData/ModuleCache.noindex/os_object-66G1P3Q6TOUU4NEARMHC9C5UI.pcm /Users/akhilmeesala/Library/Developer/Xcode/DerivedData/ModuleCache.noindex/DeveloperToolsSupport-ADYWF1J8ZEMOR29S3IGN8MO2Z.pcm /Users/akhilmeesala/Library/Developer/Xcode/DerivedData/ModuleCache.noindex/OSLog-EIIJMY54KJLKG8T2HV9009DVC.pcm /Users/akhilmeesala/Library/Developer/Xcode/DerivedData/ModuleCache.noindex/_Builtin_float-BIDISS3ZHFJA8ZD4LQGE6MZSN.pcm /Users/akhilmeesala/Library/Developer/Xcode/DerivedData/ModuleCache.noindex/simd-DKU9XOYJTAP5AT9W1ORDBB9RN.pcm /Users/akhilmeesala/Library/Developer/Xcode/DerivedData/ModuleCache.noindex/_Builtin_stdarg-2ON60SPEYCBV5X4BM0JWCLTXK.pcm /Users/akhilmeesala/Library/Developer/Xcode/DerivedData/ModuleCache.noindex/OpenGL-BLYGQF5U7I7SQQCZ9YCQZUY62.pcm /Users/akhilmeesala/Library/Developer/Xcode/DerivedData/ModuleCache.noindex/os_workgroup-CJ9OPD09CXZIHUTJI3DKZ6J6C.pcm /Users/akhilmeesala/Library/Developer/Xcode/DerivedData/ModuleCache.noindex/Symbols-EGC3AXJKD1DST2IM2Z2Q3IPKU.pcm /Users/akhilmeesala/Library/Developer/Xcode/DerivedData/ModuleCache.noindex/Spatial-DHEWIYLUA8K0LGO44Y9Z4WI60.pcm /Users/akhilmeesala/Library/Developer/Xcode/DerivedData/LADM-dcfwxbpqmqbyeieftnccnvynrhwl/Build/Intermediates.noindex/SwiftExplicitPrecompiledModules/LADMCore-3T91E9YCBLBYFPBL71TUK5ZHE.pcm /Users/akhilmeesala/Library/Developer/Xcode/DerivedData/ModuleCache.noindex/IOKit-7VUYYGXNUBSDYYQ5CH6L9DI41.pcm /Users/akhilmeesala/Library/Developer/Xcode/DerivedData/ModuleCache.noindex/CoreTransferable-FJ8WLKZ36QZJOEH10124I8HM.pcm /Users/akhilmeesala/Library/Developer/Xcode/DerivedData/ModuleCache.noindex/_Builtin_tgmath-8XYTRFPSLK3XVYZFLDU75GLOV.pcm /Users/akhilmeesala/Library/Developer/Xcode/DerivedData/ModuleCache.noindex/CUPS-DQP554LB92LVYHOR7LRYPFHZ0.pcm /Users/akhilmeesala/Library/Developer/Xcode/DerivedData/ModuleCache.noindex/QuartzCore-CP7GCGZR4KB6NR2FRMIGTLDVF.pcm /Users/akhilmeesala/Library/Developer/Xcode/DerivedData/ModuleCache.noindex/_Builtin_intrinsics-DT1VRFRF0T66XKQPTWIFIN4IB.pcm /Users/akhilmeesala/Library/Developer/Xcode/DerivedData/ModuleCache.noindex/Cocoa-7RAY12VVVPV52FULWLFK6PUY0.pcm /Users/akhilmeesala/Library/Developer/Xcode/DerivedData/ModuleCache.noindex/_Builtin_stdint-4XRINWCXJSBB4AHB2GXM8ZGRG.pcm /Users/akhilmeesala/Library/Developer/Xcode/DerivedData/LADM-dcfwxbpqmqbyeieftnccnvynrhwl/Build/Intermediates.noindex/LADM.build/Release/LADMCore.build/Objects-normal/x86_64/LADMCore-dependencies-2.json (in target 'LADMCore' from project 'LADM')

CompileSwift normal x86_64 (in target 'LADMCore' from project 'LADM')
    cd /Users/akhilmeesala/LADM
    

SwiftDriverJobDiscovery normal x86_64 Compiling LADMAmbientLightSensorReader.swift, LADMSettings.swift, LADMSystemAppearanceSwitcher.swift, ClamshellStateChecker.swift (in target 'LADMCore' from project 'LADM')

SwiftDriver\ Compilation\ Requirements LADMCore normal x86_64 com.apple.xcode.tools.swift.compiler (in target 'LADMCore' from project 'LADM')
    cd /Users/akhilmeesala/LADM
    builtin-Swift-Compilation-Requirements -- /Applications/Xcode.app/Contents/Developer/Toolchains/XcodeDefault.xctoolchain/usr/bin/swiftc -module-name LADMCore -O -whole-module-optimization @/Users/akhilmeesala/Library/Developer/Xcode/DerivedData/LADM-dcfwxbpqmqbyeieftnccnvynrhwl/Build/Intermediates.noindex/LADM.build/Release/LADMCore.build/Objects-normal/x86_64/LADMCore.SwiftFileList -enable-bare-slash-regex -enable-experimental-feature DebugDescriptionMacro -sdk /Applications/Xcode.app/Contents/Developer/Platforms/MacOSX.platform/Developer/SDKs/MacOSX26.4.sdk -target x86_64-apple-macos12.0 -g -module-cache-path /Users/akhilmeesala/Library/Developer/Xcode/DerivedData/ModuleCache.noindex -Xfrontend -serialize-debugging-options -swift-version 5 -I /Users/akhilmeesala/Library/Developer/Xcode/DerivedData/LADM-dcfwxbpqmqbyeieftnccnvynrhwl/Build/Products/Release -F /Users/akhilmeesala/Library/Developer/Xcode/DerivedData/LADM-dcfwxbpqmqbyeieftnccnvynrhwl/Build/Products/Release -F /System/Library/PrivateFrameworks -c -num-threads 14 -Xcc -ivfsstatcache -Xcc /Users/akhilmeesala/Library/Developer/Xcode/DerivedData/SDKStatCaches.noindex/macosx26.4-25E251-30f9ca8789b706f8bd3fc906a70d770f.sdkstatcache -output-file-map /Users/akhilmeesala/Library/Developer/Xcode/DerivedData/LADM-dcfwxbpqmqbyeieftnccnvynrhwl/Build/Intermediates.noindex/LADM.build/Release/LADMCore.build/Objects-normal/x86_64/LADMCore-OutputFileMap.json -use-frontend-parseable-output -save-temps -no-color-diagnostics -explicit-module-build -module-cache-path /Users/akhilmeesala/Library/Developer/Xcode/DerivedData/LADM-dcfwxbpqmqbyeieftnccnvynrhwl/Build/Intermediates.noindex/SwiftExplicitPrecompiledModules -clang-scanner-module-cache-path /Users/akhilmeesala/Library/Developer/Xcode/DerivedData/ModuleCache.noindex -sdk-module-cache-path /Users/akhilmeesala/Library/Developer/Xcode/DerivedData/ModuleCache.noindex -serialize-diagnostics -emit-dependencies -emit-module -emit-module-path /Users/akhilmeesala/Library/Developer/Xcode/DerivedData/LADM-dcfwxbpqmqbyeieftnccnvynrhwl/Build/Intermediates.noindex/LADM.build/Release/LADMCore.build/Objects-normal/x86_64/LADMCore.swiftmodule -validate-clang-modules-once -clang-build-session-file /Users/akhilmeesala/Library/Developer/Xcode/DerivedData/ModuleCache.noindex/Session.modulevalidation -Xcc -I/Users/akhilmeesala/Library/Developer/Xcode/DerivedData/LADM-dcfwxbpqmqbyeieftnccnvynrhwl/Build/Intermediates.noindex/LADM.build/Release/LADMCore.build/swift-overrides.hmap -emit-const-values -Xfrontend -const-gather-protocols-file -Xfrontend /Users/akhilmeesala/Library/Developer/Xcode/DerivedData/LADM-dcfwxbpqmqbyeieftnccnvynrhwl/Build/Intermediates.noindex/LADM.build/Release/LADMCore.build/Objects-normal/x86_64/LADMCore_const_extract_protocols.json -Xcc -iquote -Xcc /Users/akhilmeesala/Library/Developer/Xcode/DerivedData/LADM-dcfwxbpqmqbyeieftnccnvynrhwl/Build/Intermediates.noindex/LADM.build/Release/LADMCore.build/LADMCore-generated-files.hmap -Xcc -I/Users/akhilmeesala/Library/Developer/Xcode/DerivedData/LADM-dcfwxbpqmqbyeieftnccnvynrhwl/Build/Intermediates.noindex/LADM.build/Release/LADMCore.build/LADMCore-own-target-headers.hmap -Xcc -I/Users/akhilmeesala/Library/Developer/Xcode/DerivedData/LADM-dcfwxbpqmqbyeieftnccnvynrhwl/Build/Intermediates.noindex/LADM.build/Release/LADMCore.build/LADMCore-all-non-framework-target-headers.hmap -Xcc -ivfsoverlay -Xcc /Users/akhilmeesala/Library/Developer/Xcode/DerivedData/LADM-dcfwxbpqmqbyeieftnccnvynrhwl/Build/Intermediates.noindex/LADM.build/Release/LADM-e2216feeb8af4e91610adbc941f5795f-VFS/all-product-headers.yaml -Xcc -iquote -Xcc /Users/akhilmeesala/Library/Developer/Xcode/DerivedData/LADM-dcfwxbpqmqbyeieftnccnvynrhwl/Build/Intermediates.noindex/LADM.build/Release/LADMCore.build/LADMCore-project-headers.hmap -Xcc -I/Users/akhilmeesala/Library/Developer/Xcode/DerivedData/LADM-dcfwxbpqmqbyeieftnccnvynrhwl/Build/Products/Release/include -Xcc -I/Users/akhilmeesala/Library/Developer/Xcode/DerivedData/LADM-dcfwxbpqmqbyeieftnccnvynrhwl/Build/Intermediates.noindex/LADM.build/Release/LADMCore.build/DerivedSources-normal/x86_64 -Xcc -I/Users/akhilmeesala/Library/Developer/Xcode/DerivedData/LADM-dcfwxbpqmqbyeieftnccnvynrhwl/Build/Intermediates.noindex/LADM.build/Release/LADMCore.build/DerivedSources/x86_64 -Xcc -I/Users/akhilmeesala/Library/Developer/Xcode/DerivedData/LADM-dcfwxbpqmqbyeieftnccnvynrhwl/Build/Intermediates.noindex/LADM.build/Release/LADMCore.build/DerivedSources -emit-objc-header -emit-objc-header-path /Users/akhilmeesala/Library/Developer/Xcode/DerivedData/LADM-dcfwxbpqmqbyeieftnccnvynrhwl/Build/Intermediates.noindex/LADM.build/Release/LADMCore.build/Objects-normal/x86_64/LADMCore-Swift.h -import-underlying-module -Xcc -ivfsoverlay -Xcc /Users/akhilmeesala/Library/Developer/Xcode/DerivedData/LADM-dcfwxbpqmqbyeieftnccnvynrhwl/Build/Intermediates.noindex/LADM.build/Release/LADMCore.build/unextended-module-overlay.yaml -working-directory /Users/akhilmeesala/LADM -no-emit-module-separately-wmo

Ld /Users/akhilmeesala/Library/Developer/Xcode/DerivedData/LADM-dcfwxbpqmqbyeieftnccnvynrhwl/Build/Intermediates.noindex/LADM.build/Release/LADMCore.build/Objects-normal/arm64/Binary/LADMCore normal arm64 (in target 'LADMCore' from project 'LADM')
    cd /Users/akhilmeesala/LADM
    /Applications/Xcode.app/Contents/Developer/Toolchains/XcodeDefault.xctoolchain/usr/bin/clang -Xlinker -reproducible -target arm64-apple-macos12.0 -dynamiclib -isysroot /Applications/Xcode.app/Contents/Developer/Platforms/MacOSX.platform/Developer/SDKs/MacOSX26.4.sdk -Os -L/Users/akhilmeesala/Library/Developer/Xcode/DerivedData/LADM-dcfwxbpqmqbyeieftnccnvynrhwl/Build/Intermediates.noindex/EagerLinkingTBDs/Release -L/Users/akhilmeesala/Library/Developer/Xcode/DerivedData/LADM-dcfwxbpqmqbyeieftnccnvynrhwl/Build/Products/Release -F/Users/akhilmeesala/Library/Developer/Xcode/DerivedData/LADM-dcfwxbpqmqbyeieftnccnvynrhwl/Build/Intermediates.noindex/EagerLinkingTBDs/Release -F/Users/akhilmeesala/Library/Developer/Xcode/DerivedData/LADM-dcfwxbpqmqbyeieftnccnvynrhwl/Build/Products/Release -iframework /System/Library/PrivateFrameworks -filelist /Users/akhilmeesala/Library/Developer/Xcode/DerivedData/LADM-dcfwxbpqmqbyeieftnccnvynrhwl/Build/Intermediates.noindex/LADM.build/Release/LADMCore.build/Objects-normal/arm64/LADMCore.LinkFileList -install_name @rpath/LADMCore.framework/Versions/A/LADMCore -Xlinker -rpath -Xlinker /usr/lib/swift -Xlinker -rpath -Xlinker @executable_path/../Frameworks -Xlinker -rpath -Xlinker @loader_path/Frameworks -Xlinker -object_path_lto -Xlinker /Users/akhilmeesala/Library/Developer/Xcode/DerivedData/LADM-dcfwxbpqmqbyeieftnccnvynrhwl/Build/Intermediates.noindex/LADM.build/Release/LADMCore.build/Objects-normal/arm64/LADMCore_lto.o -Xlinker -dependency_info -Xlinker /Users/akhilmeesala/Library/Developer/Xcode/DerivedData/LADM-dcfwxbpqmqbyeieftnccnvynrhwl/Build/Intermediates.noindex/LADM.build/Release/LADMCore.build/Objects-normal/arm64/LADMCore_dependency_info.dat -fobjc-arc -fobjc-link-runtime -L/Applications/Xcode.app/Contents/Developer/Toolchains/XcodeDefault.xctoolchain/usr/lib/swift/macosx -L/usr/lib/swift -Xlinker -add_ast_path -Xlinker /Users/akhilmeesala/Library/Developer/Xcode/DerivedData/LADM-dcfwxbpqmqbyeieftnccnvynrhwl/Build/Intermediates.noindex/LADM.build/Release/LADMCore.build/Objects-normal/arm64/LADMCore.swiftmodule @/Users/akhilmeesala/Library/Developer/Xcode/DerivedData/LADM-dcfwxbpqmqbyeieftnccnvynrhwl/Build/Intermediates.noindex/LADM.build/Release/LADMCore.build/Objects-normal/arm64/LADMCore-linker-args.resp -framework BezelServices -framework SkyLight -compatibility_version 1 -current_version 10 -o /Users/akhilmeesala/Library/Developer/Xcode/DerivedData/LADM-dcfwxbpqmqbyeieftnccnvynrhwl/Build/Intermediates.noindex/LADM.build/Release/LADMCore.build/Objects-normal/arm64/Binary/LADMCore

Ld /Users/akhilmeesala/Library/Developer/Xcode/DerivedData/LADM-dcfwxbpqmqbyeieftnccnvynrhwl/Build/Intermediates.noindex/LADM.build/Release/LADMCore.build/Objects-normal/x86_64/Binary/LADMCore normal x86_64 (in target 'LADMCore' from project 'LADM')
    cd /Users/akhilmeesala/LADM
    /Applications/Xcode.app/Contents/Developer/Toolchains/XcodeDefault.xctoolchain/usr/bin/clang -Xlinker -reproducible -target x86_64-apple-macos12.0 -dynamiclib -isysroot /Applications/Xcode.app/Contents/Developer/Platforms/MacOSX.platform/Developer/SDKs/MacOSX26.4.sdk -Os -L/Users/akhilmeesala/Library/Developer/Xcode/DerivedData/LADM-dcfwxbpqmqbyeieftnccnvynrhwl/Build/Intermediates.noindex/EagerLinkingTBDs/Release -L/Users/akhilmeesala/Library/Developer/Xcode/DerivedData/LADM-dcfwxbpqmqbyeieftnccnvynrhwl/Build/Products/Release -F/Users/akhilmeesala/Library/Developer/Xcode/DerivedData/LADM-dcfwxbpqmqbyeieftnccnvynrhwl/Build/Intermediates.noindex/EagerLinkingTBDs/Release -F/Users/akhilmeesala/Library/Developer/Xcode/DerivedData/LADM-dcfwxbpqmqbyeieftnccnvynrhwl/Build/Products/Release -iframework /System/Library/PrivateFrameworks -filelist /Users/akhilmeesala/Library/Developer/Xcode/DerivedData/LADM-dcfwxbpqmqbyeieftnccnvynrhwl/Build/Intermediates.noindex/LADM.build/Release/LADMCore.build/Objects-normal/x86_64/LADMCore.LinkFileList -install_name @rpath/LADMCore.framework/Versions/A/LADMCore -Xlinker -rpath -Xlinker /usr/lib/swift -Xlinker -rpath -Xlinker @executable_path/../Frameworks -Xlinker -rpath -Xlinker @loader_path/Frameworks -Xlinker -object_path_lto -Xlinker /Users/akhilmeesala/Library/Developer/Xcode/DerivedData/LADM-dcfwxbpqmqbyeieftnccnvynrhwl/Build/Intermediates.noindex/LADM.build/Release/LADMCore.build/Objects-normal/x86_64/LADMCore_lto.o -Xlinker -dependency_info -Xlinker /Users/akhilmeesala/Library/Developer/Xcode/DerivedData/LADM-dcfwxbpqmqbyeieftnccnvynrhwl/Build/Intermediates.noindex/LADM.build/Release/LADMCore.build/Objects-normal/x86_64/LADMCore_dependency_info.dat -fobjc-arc -fobjc-link-runtime -L/Applications/Xcode.app/Contents/Developer/Toolchains/XcodeDefault.xctoolchain/usr/lib/swift/macosx -L/usr/lib/swift -Xlinker -add_ast_path -Xlinker /Users/akhilmeesala/Library/Developer/Xcode/DerivedData/LADM-dcfwxbpqmqbyeieftnccnvynrhwl/Build/Intermediates.noindex/LADM.build/Release/LADMCore.build/Objects-normal/x86_64/LADMCore.swiftmodule @/Users/akhilmeesala/Library/Developer/Xcode/DerivedData/LADM-dcfwxbpqmqbyeieftnccnvynrhwl/Build/Intermediates.noindex/LADM.build/Release/LADMCore.build/Objects-normal/x86_64/LADMCore-linker-args.resp -framework BezelServices -framework SkyLight -compatibility_version 1 -current_version 10 -o /Users/akhilmeesala/Library/Developer/Xcode/DerivedData/LADM-dcfwxbpqmqbyeieftnccnvynrhwl/Build/Intermediates.noindex/LADM.build/Release/LADMCore.build/Objects-normal/x86_64/Binary/LADMCore

CreateUniversalBinary /Users/akhilmeesala/Library/Developer/Xcode/DerivedData/LADM-dcfwxbpqmqbyeieftnccnvynrhwl/Build/Products/Release/LADMCore.framework/Versions/A/LADMCore normal arm64\ x86_64 (in target 'LADMCore' from project 'LADM')
    cd /Users/akhilmeesala/LADM
    /Applications/Xcode.app/Contents/Developer/Toolchains/XcodeDefault.xctoolchain/usr/bin/lipo -create /Users/akhilmeesala/Library/Developer/Xcode/DerivedData/LADM-dcfwxbpqmqbyeieftnccnvynrhwl/Build/Intermediates.noindex/LADM.build/Release/LADMCore.build/Objects-normal/arm64/Binary/LADMCore /Users/akhilmeesala/Library/Developer/Xcode/DerivedData/LADM-dcfwxbpqmqbyeieftnccnvynrhwl/Build/Intermediates.noindex/LADM.build/Release/LADMCore.build/Objects-normal/x86_64/Binary/LADMCore -output /Users/akhilmeesala/Library/Developer/Xcode/DerivedData/LADM-dcfwxbpqmqbyeieftnccnvynrhwl/Build/Products/Release/LADMCore.framework/Versions/A/LADMCore

SwiftDriver\ Compilation LADMCore normal arm64 com.apple.xcode.tools.swift.compiler (in target 'LADMCore' from project 'LADM')
    cd /Users/akhilmeesala/LADM
    builtin-Swift-Compilation -- /Applications/Xcode.app/Contents/Developer/Toolchains/XcodeDefault.xctoolchain/usr/bin/swiftc -module-name LADMCore -O -whole-module-optimization @/Users/akhilmeesala/Library/Developer/Xcode/DerivedData/LADM-dcfwxbpqmqbyeieftnccnvynrhwl/Build/Intermediates.noindex/LADM.build/Release/LADMCore.build/Objects-normal/arm64/LADMCore.SwiftFileList -enable-bare-slash-regex -enable-experimental-feature DebugDescriptionMacro -sdk /Applications/Xcode.app/Contents/Developer/Platforms/MacOSX.platform/Developer/SDKs/MacOSX26.4.sdk -target arm64-apple-macos12.0 -g -module-cache-path /Users/akhilmeesala/Library/Developer/Xcode/DerivedData/ModuleCache.noindex -Xfrontend -serialize-debugging-options -swift-version 5 -I /Users/akhilmeesala/Library/Developer/Xcode/DerivedData/LADM-dcfwxbpqmqbyeieftnccnvynrhwl/Build/Products/Release -F /Users/akhilmeesala/Library/Developer/Xcode/DerivedData/LADM-dcfwxbpqmqbyeieftnccnvynrhwl/Build/Products/Release -F /System/Library/PrivateFrameworks -c -num-threads 14 -Xcc -ivfsstatcache -Xcc /Users/akhilmeesala/Library/Developer/Xcode/DerivedData/SDKStatCaches.noindex/macosx26.4-25E251-30f9ca8789b706f8bd3fc906a70d770f.sdkstatcache -output-file-map /Users/akhilmeesala/Library/Developer/Xcode/DerivedData/LADM-dcfwxbpqmqbyeieftnccnvynrhwl/Build/Intermediates.noindex/LADM.build/Release/LADMCore.build/Objects-normal/arm64/LADMCore-OutputFileMap.json -use-frontend-parseable-output -save-temps -no-color-diagnostics -explicit-module-build -module-cache-path /Users/akhilmeesala/Library/Developer/Xcode/DerivedData/LADM-dcfwxbpqmqbyeieftnccnvynrhwl/Build/Intermediates.noindex/SwiftExplicitPrecompiledModules -clang-scanner-module-cache-path /Users/akhilmeesala/Library/Developer/Xcode/DerivedData/ModuleCache.noindex -sdk-module-cache-path /Users/akhilmeesala/Library/Developer/Xcode/DerivedData/ModuleCache.noindex -serialize-diagnostics -emit-dependencies -emit-module -emit-module-path /Users/akhilmeesala/Library/Developer/Xcode/DerivedData/LADM-dcfwxbpqmqbyeieftnccnvynrhwl/Build/Intermediates.noindex/LADM.build/Release/LADMCore.build/Objects-normal/arm64/LADMCore.swiftmodule -validate-clang-modules-once -clang-build-session-file /Users/akhilmeesala/Library/Developer/Xcode/DerivedData/ModuleCache.noindex/Session.modulevalidation -Xcc -I/Users/akhilmeesala/Library/Developer/Xcode/DerivedData/LADM-dcfwxbpqmqbyeieftnccnvynrhwl/Build/Intermediates.noindex/LADM.build/Release/LADMCore.build/swift-overrides.hmap -emit-const-values -Xfrontend -const-gather-protocols-file -Xfrontend /Users/akhilmeesala/Library/Developer/Xcode/DerivedData/LADM-dcfwxbpqmqbyeieftnccnvynrhwl/Build/Intermediates.noindex/LADM.build/Release/LADMCore.build/Objects-normal/arm64/LADMCore_const_extract_protocols.json -Xcc -iquote -Xcc /Users/akhilmeesala/Library/Developer/Xcode/DerivedData/LADM-dcfwxbpqmqbyeieftnccnvynrhwl/Build/Intermediates.noindex/LADM.build/Release/LADMCore.build/LADMCore-generated-files.hmap -Xcc -I/Users/akhilmeesala/Library/Developer/Xcode/DerivedData/LADM-dcfwxbpqmqbyeieftnccnvynrhwl/Build/Intermediates.noindex/LADM.build/Release/LADMCore.build/LADMCore-own-target-headers.hmap -Xcc -I/Users/akhilmeesala/Library/Developer/Xcode/DerivedData/LADM-dcfwxbpqmqbyeieftnccnvynrhwl/Build/Intermediates.noindex/LADM.build/Release/LADMCore.build/LADMCore-all-non-framework-target-headers.hmap -Xcc -ivfsoverlay -Xcc /Users/akhilmeesala/Library/Developer/Xcode/DerivedData/LADM-dcfwxbpqmqbyeieftnccnvynrhwl/Build/Intermediates.noindex/LADM.build/Release/LADM-e2216feeb8af4e91610adbc941f5795f-VFS/all-product-headers.yaml -Xcc -iquote -Xcc /Users/akhilmeesala/Library/Developer/Xcode/DerivedData/LADM-dcfwxbpqmqbyeieftnccnvynrhwl/Build/Intermediates.noindex/LADM.build/Release/LADMCore.build/LADMCore-project-headers.hmap -Xcc -I/Users/akhilmeesala/Library/Developer/Xcode/DerivedData/LADM-dcfwxbpqmqbyeieftnccnvynrhwl/Build/Products/Release/include -Xcc -I/Users/akhilmeesala/Library/Developer/Xcode/DerivedData/LADM-dcfwxbpqmqbyeieftnccnvynrhwl/Build/Intermediates.noindex/LADM.build/Release/LADMCore.build/DerivedSources-normal/arm64 -Xcc -I/Users/akhilmeesala/Library/Developer/Xcode/DerivedData/LADM-dcfwxbpqmqbyeieftnccnvynrhwl/Build/Intermediates.noindex/LADM.build/Release/LADMCore.build/DerivedSources/arm64 -Xcc -I/Users/akhilmeesala/Library/Developer/Xcode/DerivedData/LADM-dcfwxbpqmqbyeieftnccnvynrhwl/Build/Intermediates.noindex/LADM.build/Release/LADMCore.build/DerivedSources -emit-objc-header -emit-objc-header-path /Users/akhilmeesala/Library/Developer/Xcode/DerivedData/LADM-dcfwxbpqmqbyeieftnccnvynrhwl/Build/Intermediates.noindex/LADM.build/Release/LADMCore.build/Objects-normal/arm64/LADMCore-Swift.h -import-underlying-module -Xcc -ivfsoverlay -Xcc /Users/akhilmeesala/Library/Developer/Xcode/DerivedData/LADM-dcfwxbpqmqbyeieftnccnvynrhwl/Build/Intermediates.noindex/LADM.build/Release/LADMCore.build/unextended-module-overlay.yaml -working-directory /Users/akhilmeesala/LADM -no-emit-module-separately-wmo

SwiftDriver\ Compilation LADMCore normal x86_64 com.apple.xcode.tools.swift.compiler (in target 'LADMCore' from project 'LADM')
    cd /Users/akhilmeesala/LADM
    builtin-Swift-Compilation -- /Applications/Xcode.app/Contents/Developer/Toolchains/XcodeDefault.xctoolchain/usr/bin/swiftc -module-name LADMCore -O -whole-module-optimization @/Users/akhilmeesala/Library/Developer/Xcode/DerivedData/LADM-dcfwxbpqmqbyeieftnccnvynrhwl/Build/Intermediates.noindex/LADM.build/Release/LADMCore.build/Objects-normal/x86_64/LADMCore.SwiftFileList -enable-bare-slash-regex -enable-experimental-feature DebugDescriptionMacro -sdk /Applications/Xcode.app/Contents/Developer/Platforms/MacOSX.platform/Developer/SDKs/MacOSX26.4.sdk -target x86_64-apple-macos12.0 -g -module-cache-path /Users/akhilmeesala/Library/Developer/Xcode/DerivedData/ModuleCache.noindex -Xfrontend -serialize-debugging-options -swift-version 5 -I /Users/akhilmeesala/Library/Developer/Xcode/DerivedData/LADM-dcfwxbpqmqbyeieftnccnvynrhwl/Build/Products/Release -F /Users/akhilmeesala/Library/Developer/Xcode/DerivedData/LADM-dcfwxbpqmqbyeieftnccnvynrhwl/Build/Products/Release -F /System/Library/PrivateFrameworks -c -num-threads 14 -Xcc -ivfsstatcache -Xcc /Users/akhilmeesala/Library/Developer/Xcode/DerivedData/SDKStatCaches.noindex/macosx26.4-25E251-30f9ca8789b706f8bd3fc906a70d770f.sdkstatcache -output-file-map /Users/akhilmeesala/Library/Developer/Xcode/DerivedData/LADM-dcfwxbpqmqbyeieftnccnvynrhwl/Build/Intermediates.noindex/LADM.build/Release/LADMCore.build/Objects-normal/x86_64/LADMCore-OutputFileMap.json -use-frontend-parseable-output -save-temps -no-color-diagnostics -explicit-module-build -module-cache-path /Users/akhilmeesala/Library/Developer/Xcode/DerivedData/LADM-dcfwxbpqmqbyeieftnccnvynrhwl/Build/Intermediates.noindex/SwiftExplicitPrecompiledModules -clang-scanner-module-cache-path /Users/akhilmeesala/Library/Developer/Xcode/DerivedData/ModuleCache.noindex -sdk-module-cache-path /Users/akhilmeesala/Library/Developer/Xcode/DerivedData/ModuleCache.noindex -serialize-diagnostics -emit-dependencies -emit-module -emit-module-path /Users/akhilmeesala/Library/Developer/Xcode/DerivedData/LADM-dcfwxbpqmqbyeieftnccnvynrhwl/Build/Intermediates.noindex/LADM.build/Release/LADMCore.build/Objects-normal/x86_64/LADMCore.swiftmodule -validate-clang-modules-once -clang-build-session-file /Users/akhilmeesala/Library/Developer/Xcode/DerivedData/ModuleCache.noindex/Session.modulevalidation -Xcc -I/Users/akhilmeesala/Library/Developer/Xcode/DerivedData/LADM-dcfwxbpqmqbyeieftnccnvynrhwl/Build/Intermediates.noindex/LADM.build/Release/LADMCore.build/swift-overrides.hmap -emit-const-values -Xfrontend -const-gather-protocols-file -Xfrontend /Users/akhilmeesala/Library/Developer/Xcode/DerivedData/LADM-dcfwxbpqmqbyeieftnccnvynrhwl/Build/Intermediates.noindex/LADM.build/Release/LADMCore.build/Objects-normal/x86_64/LADMCore_const_extract_protocols.json -Xcc -iquote -Xcc /Users/akhilmeesala/Library/Developer/Xcode/DerivedData/LADM-dcfwxbpqmqbyeieftnccnvynrhwl/Build/Intermediates.noindex/LADM.build/Release/LADMCore.build/LADMCore-generated-files.hmap -Xcc -I/Users/akhilmeesala/Library/Developer/Xcode/DerivedData/LADM-dcfwxbpqmqbyeieftnccnvynrhwl/Build/Intermediates.noindex/LADM.build/Release/LADMCore.build/LADMCore-own-target-headers.hmap -Xcc -I/Users/akhilmeesala/Library/Developer/Xcode/DerivedData/LADM-dcfwxbpqmqbyeieftnccnvynrhwl/Build/Intermediates.noindex/LADM.build/Release/LADMCore.build/LADMCore-all-non-framework-target-headers.hmap -Xcc -ivfsoverlay -Xcc /Users/akhilmeesala/Library/Developer/Xcode/DerivedData/LADM-dcfwxbpqmqbyeieftnccnvynrhwl/Build/Intermediates.noindex/LADM.build/Release/LADM-e2216feeb8af4e91610adbc941f5795f-VFS/all-product-headers.yaml -Xcc -iquote -Xcc /Users/akhilmeesala/Library/Developer/Xcode/DerivedData/LADM-dcfwxbpqmqbyeieftnccnvynrhwl/Build/Intermediates.noindex/LADM.build/Release/LADMCore.build/LADMCore-project-headers.hmap -Xcc -I/Users/akhilmeesala/Library/Developer/Xcode/DerivedData/LADM-dcfwxbpqmqbyeieftnccnvynrhwl/Build/Products/Release/include -Xcc -I/Users/akhilmeesala/Library/Developer/Xcode/DerivedData/LADM-dcfwxbpqmqbyeieftnccnvynrhwl/Build/Intermediates.noindex/LADM.build/Release/LADMCore.build/DerivedSources-normal/x86_64 -Xcc -I/Users/akhilmeesala/Library/Developer/Xcode/DerivedData/LADM-dcfwxbpqmqbyeieftnccnvynrhwl/Build/Intermediates.noindex/LADM.build/Release/LADMCore.build/DerivedSources/x86_64 -Xcc -I/Users/akhilmeesala/Library/Developer/Xcode/DerivedData/LADM-dcfwxbpqmqbyeieftnccnvynrhwl/Build/Intermediates.noindex/LADM.build/Release/LADMCore.build/DerivedSources -emit-objc-header -emit-objc-header-path /Users/akhilmeesala/Library/Developer/Xcode/DerivedData/LADM-dcfwxbpqmqbyeieftnccnvynrhwl/Build/Intermediates.noindex/LADM.build/Release/LADMCore.build/Objects-normal/x86_64/LADMCore-Swift.h -import-underlying-module -Xcc -ivfsoverlay -Xcc /Users/akhilmeesala/Library/Developer/Xcode/DerivedData/LADM-dcfwxbpqmqbyeieftnccnvynrhwl/Build/Intermediates.noindex/LADM.build/Release/LADMCore.build/unextended-module-overlay.yaml -working-directory /Users/akhilmeesala/LADM -no-emit-module-separately-wmo

Copy /Users/akhilmeesala/Library/Developer/Xcode/DerivedData/LADM-dcfwxbpqmqbyeieftnccnvynrhwl/Build/Products/Release/LADMCore.framework/Versions/A/Modules/LADMCore.swiftmodule/Project/arm64-apple-macos.swiftsourceinfo /Users/akhilmeesala/Library/Developer/Xcode/DerivedData/LADM-dcfwxbpqmqbyeieftnccnvynrhwl/Build/Intermediates.noindex/LADM.build/Release/LADMCore.build/Objects-normal/arm64/LADMCore.swiftsourceinfo (in target 'LADMCore' from project 'LADM')
    cd /Users/akhilmeesala/LADM
    builtin-copy -exclude .DS_Store -exclude CVS -exclude .svn -exclude .git -exclude .hg -resolve-src-symlinks -rename /Users/akhilmeesala/Library/Developer/Xcode/DerivedData/LADM-dcfwxbpqmqbyeieftnccnvynrhwl/Build/Intermediates.noindex/LADM.build/Release/LADMCore.build/Objects-normal/arm64/LADMCore.swiftsourceinfo /Users/akhilmeesala/Library/Developer/Xcode/DerivedData/LADM-dcfwxbpqmqbyeieftnccnvynrhwl/Build/Products/Release/LADMCore.framework/Versions/A/Modules/LADMCore.swiftmodule/Project/arm64-apple-macos.swiftsourceinfo

Copy /Users/akhilmeesala/Library/Developer/Xcode/DerivedData/LADM-dcfwxbpqmqbyeieftnccnvynrhwl/Build/Products/Release/LADMCore.framework/Versions/A/Modules/LADMCore.swiftmodule/x86_64-apple-macos.swiftmodule /Users/akhilmeesala/Library/Developer/Xcode/DerivedData/LADM-dcfwxbpqmqbyeieftnccnvynrhwl/Build/Intermediates.noindex/LADM.build/Release/LADMCore.build/Objects-normal/x86_64/LADMCore.swiftmodule (in target 'LADMCore' from project 'LADM')
    cd /Users/akhilmeesala/LADM
    builtin-copy -exclude .DS_Store -exclude CVS -exclude .svn -exclude .git -exclude .hg -resolve-src-symlinks -rename /Users/akhilmeesala/Library/Developer/Xcode/DerivedData/LADM-dcfwxbpqmqbyeieftnccnvynrhwl/Build/Intermediates.noindex/LADM.build/Release/LADMCore.build/Objects-normal/x86_64/LADMCore.swiftmodule /Users/akhilmeesala/Library/Developer/Xcode/DerivedData/LADM-dcfwxbpqmqbyeieftnccnvynrhwl/Build/Products/Release/LADMCore.framework/Versions/A/Modules/LADMCore.swiftmodule/x86_64-apple-macos.swiftmodule

Copy /Users/akhilmeesala/Library/Developer/Xcode/DerivedData/LADM-dcfwxbpqmqbyeieftnccnvynrhwl/Build/Products/Release/LADMCore.framework/Versions/A/Modules/LADMCore.swiftmodule/arm64-apple-macos.abi.json /Users/akhilmeesala/Library/Developer/Xcode/DerivedData/LADM-dcfwxbpqmqbyeieftnccnvynrhwl/Build/Intermediates.noindex/LADM.build/Release/LADMCore.build/Objects-normal/arm64/LADMCore.abi.json (in target 'LADMCore' from project 'LADM')
    cd /Users/akhilmeesala/LADM
    builtin-copy -exclude .DS_Store -exclude CVS -exclude .svn -exclude .git -exclude .hg -resolve-src-symlinks -rename /Users/akhilmeesala/Library/Developer/Xcode/DerivedData/LADM-dcfwxbpqmqbyeieftnccnvynrhwl/Build/Intermediates.noindex/LADM.build/Release/LADMCore.build/Objects-normal/arm64/LADMCore.abi.json /Users/akhilmeesala/Library/Developer/Xcode/DerivedData/LADM-dcfwxbpqmqbyeieftnccnvynrhwl/Build/Products/Release/LADMCore.framework/Versions/A/Modules/LADMCore.swiftmodule/arm64-apple-macos.abi.json

Copy /Users/akhilmeesala/Library/Developer/Xcode/DerivedData/LADM-dcfwxbpqmqbyeieftnccnvynrhwl/Build/Products/Release/LADMCore.framework/Versions/A/Modules/LADMCore.swiftmodule/x86_64-apple-macos.abi.json /Users/akhilmeesala/Library/Developer/Xcode/DerivedData/LADM-dcfwxbpqmqbyeieftnccnvynrhwl/Build/Intermediates.noindex/LADM.build/Release/LADMCore.build/Objects-normal/x86_64/LADMCore.abi.json (in target 'LADMCore' from project 'LADM')
    cd /Users/akhilmeesala/LADM
    builtin-copy -exclude .DS_Store -exclude CVS -exclude .svn -exclude .git -exclude .hg -resolve-src-symlinks -rename /Users/akhilmeesala/Library/Developer/Xcode/DerivedData/LADM-dcfwxbpqmqbyeieftnccnvynrhwl/Build/Intermediates.noindex/LADM.build/Release/LADMCore.build/Objects-normal/x86_64/LADMCore.abi.json /Users/akhilmeesala/Library/Developer/Xcode/DerivedData/LADM-dcfwxbpqmqbyeieftnccnvynrhwl/Build/Products/Release/LADMCore.framework/Versions/A/Modules/LADMCore.swiftmodule/x86_64-apple-macos.abi.json

Copy /Users/akhilmeesala/Library/Developer/Xcode/DerivedData/LADM-dcfwxbpqmqbyeieftnccnvynrhwl/Build/Products/Release/LADMCore.framework/Versions/A/Modules/LADMCore.swiftmodule/arm64-apple-macos.swiftmodule /Users/akhilmeesala/Library/Developer/Xcode/DerivedData/LADM-dcfwxbpqmqbyeieftnccnvynrhwl/Build/Intermediates.noindex/LADM.build/Release/LADMCore.build/Objects-normal/arm64/LADMCore.swiftmodule (in target 'LADMCore' from project 'LADM')
    cd /Users/akhilmeesala/LADM
    builtin-copy -exclude .DS_Store -exclude CVS -exclude .svn -exclude .git -exclude .hg -resolve-src-symlinks -rename /Users/akhilmeesala/Library/Developer/Xcode/DerivedData/LADM-dcfwxbpqmqbyeieftnccnvynrhwl/Build/Intermediates.noindex/LADM.build/Release/LADMCore.build/Objects-normal/arm64/LADMCore.swiftmodule /Users/akhilmeesala/Library/Developer/Xcode/DerivedData/LADM-dcfwxbpqmqbyeieftnccnvynrhwl/Build/Products/Release/LADMCore.framework/Versions/A/Modules/LADMCore.swiftmodule/arm64-apple-macos.swiftmodule

Copy /Users/akhilmeesala/Library/Developer/Xcode/DerivedData/LADM-dcfwxbpqmqbyeieftnccnvynrhwl/Build/Products/Release/LADMCore.framework/Versions/A/Modules/LADMCore.swiftmodule/Project/x86_64-apple-macos.swiftsourceinfo /Users/akhilmeesala/Library/Developer/Xcode/DerivedData/LADM-dcfwxbpqmqbyeieftnccnvynrhwl/Build/Intermediates.noindex/LADM.build/Release/LADMCore.build/Objects-normal/x86_64/LADMCore.swiftsourceinfo (in target 'LADMCore' from project 'LADM')
    cd /Users/akhilmeesala/LADM
    builtin-copy -exclude .DS_Store -exclude CVS -exclude .svn -exclude .git -exclude .hg -resolve-src-symlinks -rename /Users/akhilmeesala/Library/Developer/Xcode/DerivedData/LADM-dcfwxbpqmqbyeieftnccnvynrhwl/Build/Intermediates.noindex/LADM.build/Release/LADMCore.build/Objects-normal/x86_64/LADMCore.swiftsourceinfo /Users/akhilmeesala/Library/Developer/Xcode/DerivedData/LADM-dcfwxbpqmqbyeieftnccnvynrhwl/Build/Products/Release/LADMCore.framework/Versions/A/Modules/LADMCore.swiftmodule/Project/x86_64-apple-macos.swiftsourceinfo

ExtractAppIntentsMetadata (in target 'LADMCore' from project 'LADM')
    cd /Users/akhilmeesala/LADM
    /Applications/Xcode.app/Contents/Developer/Toolchains/XcodeDefault.xctoolchain/usr/bin/appintentsmetadataprocessor --toolchain-dir /Applications/Xcode.app/Contents/Developer/Toolchains/XcodeDefault.xctoolchain --module-name LADMCore --sdk-root /Applications/Xcode.app/Contents/Developer/Platforms/MacOSX.platform/Developer/SDKs/MacOSX26.4.sdk --xcode-version 17E202 --platform-family macOS --deployment-target 12.0 --bundle-identifier com.akhilmeesala.LADMCore --output /Users/akhilmeesala/Library/Developer/Xcode/DerivedData/LADM-dcfwxbpqmqbyeieftnccnvynrhwl/Build/Products/Release/LADMCore.framework/Versions/A/Resources --target-triple arm64-apple-macos12.0 --target-triple x86_64-apple-macos12.0 --binary-file /Users/akhilmeesala/Library/Developer/Xcode/DerivedData/LADM-dcfwxbpqmqbyeieftnccnvynrhwl/Build/Products/Release/LADMCore.framework/Versions/A/LADMCore --dependency-file /Users/akhilmeesala/Library/Developer/Xcode/DerivedData/LADM-dcfwxbpqmqbyeieftnccnvynrhwl/Build/Intermediates.noindex/LADM.build/Release/LADMCore.build/Objects-normal/arm64/LADMCore_dependency_info.dat --dependency-file /Users/akhilmeesala/Library/Developer/Xcode/DerivedData/LADM-dcfwxbpqmqbyeieftnccnvynrhwl/Build/Intermediates.noindex/LADM.build/Release/LADMCore.build/Objects-normal/x86_64/LADMCore_dependency_info.dat --stringsdata-file /Users/akhilmeesala/Library/Developer/Xcode/DerivedData/LADM-dcfwxbpqmqbyeieftnccnvynrhwl/Build/Intermediates.noindex/LADM.build/Release/LADMCore.build/Objects-normal/arm64/ExtractedAppShortcutsMetadata.stringsdata --stringsdata-file /Users/akhilmeesala/Library/Developer/Xcode/DerivedData/LADM-dcfwxbpqmqbyeieftnccnvynrhwl/Build/Intermediates.noindex/LADM.build/Release/LADMCore.build/Objects-normal/x86_64/ExtractedAppShortcutsMetadata.stringsdata --source-file-list /Users/akhilmeesala/Library/Developer/Xcode/DerivedData/LADM-dcfwxbpqmqbyeieftnccnvynrhwl/Build/Intermediates.noindex/LADM.build/Release/LADMCore.build/Objects-normal/arm64/LADMCore.SwiftFileList --source-file-list /Users/akhilmeesala/Library/Developer/Xcode/DerivedData/LADM-dcfwxbpqmqbyeieftnccnvynrhwl/Build/Intermediates.noindex/LADM.build/Release/LADMCore.build/Objects-normal/x86_64/LADMCore.SwiftFileList --metadata-file-list /Users/akhilmeesala/Library/Developer/Xcode/DerivedData/LADM-dcfwxbpqmqbyeieftnccnvynrhwl/Build/Intermediates.noindex/LADM.build/Release/LADMCore.build/LADMCore.DependencyMetadataFileList --static-metadata-file-list /Users/akhilmeesala/Library/Developer/Xcode/DerivedData/LADM-dcfwxbpqmqbyeieftnccnvynrhwl/Build/Intermediates.noindex/LADM.build/Release/LADMCore.build/LADMCore.DependencyStaticMetadataFileList --swift-const-vals-list /Users/akhilmeesala/Library/Developer/Xcode/DerivedData/LADM-dcfwxbpqmqbyeieftnccnvynrhwl/Build/Intermediates.noindex/LADM.build/Release/LADMCore.build/Objects-normal/arm64/LADMCore.SwiftConstValuesFileList --swift-const-vals-list /Users/akhilmeesala/Library/Developer/Xcode/DerivedData/LADM-dcfwxbpqmqbyeieftnccnvynrhwl/Build/Intermediates.noindex/LADM.build/Release/LADMCore.build/Objects-normal/x86_64/LADMCore.SwiftConstValuesFileList --compile-time-extraction --deployment-aware-processing --validate-assistant-intents --no-app-shortcuts-localization
2026-04-18 13:04:45.729 appintentsmetadataprocessor[17589:716856] Starting appintentsmetadataprocessor export
2026-04-18 13:04:45.733 appintentsmetadataprocessor[17589:716856] warning: Metadata extraction skipped. No AppIntents.framework dependency found.

GenerateTAPI /Users/akhilmeesala/Library/Developer/Xcode/DerivedData/LADM-dcfwxbpqmqbyeieftnccnvynrhwl/Build/Intermediates.noindex/EagerLinkingTBDs/Release/LADMCore.framework/Versions/A/LADMCore.tbd (in target 'LADMCore' from project 'LADM')
    cd /Users/akhilmeesala/LADM
    /Applications/Xcode.app/Contents/Developer/Toolchains/XcodeDefault.xctoolchain/usr/bin/tapi stubify -isysroot /Applications/Xcode.app/Contents/Developer/Platforms/MacOSX.platform/Developer/SDKs/MacOSX26.4.sdk -F/Users/akhilmeesala/Library/Developer/Xcode/DerivedData/LADM-dcfwxbpqmqbyeieftnccnvynrhwl/Build/Products/Release -iframework /System/Library/PrivateFrameworks -L/Users/akhilmeesala/Library/Developer/Xcode/DerivedData/LADM-dcfwxbpqmqbyeieftnccnvynrhwl/Build/Products/Release /Users/akhilmeesala/Library/Developer/Xcode/DerivedData/LADM-dcfwxbpqmqbyeieftnccnvynrhwl/Build/Products/Release/LADMCore.framework/Versions/A/LADMCore -o /Users/akhilmeesala/Library/Developer/Xcode/DerivedData/LADM-dcfwxbpqmqbyeieftnccnvynrhwl/Build/Intermediates.noindex/EagerLinkingTBDs/Release/LADMCore.framework/Versions/A/LADMCore.tbd

GenerateDSYMFile /Users/akhilmeesala/Library/Developer/Xcode/DerivedData/LADM-dcfwxbpqmqbyeieftnccnvynrhwl/Build/Products/Release/LADMCore.framework.dSYM /Users/akhilmeesala/Library/Developer/Xcode/DerivedData/LADM-dcfwxbpqmqbyeieftnccnvynrhwl/Build/Products/Release/LADMCore.framework/Versions/A/LADMCore (in target 'LADMCore' from project 'LADM')
    cd /Users/akhilmeesala/LADM
    /Applications/Xcode.app/Contents/Developer/Toolchains/XcodeDefault.xctoolchain/usr/bin/dsymutil /Users/akhilmeesala/Library/Developer/Xcode/DerivedData/LADM-dcfwxbpqmqbyeieftnccnvynrhwl/Build/Products/Release/LADMCore.framework/Versions/A/LADMCore -o /Users/akhilmeesala/Library/Developer/Xcode/DerivedData/LADM-dcfwxbpqmqbyeieftnccnvynrhwl/Build/Products/Release/LADMCore.framework.dSYM

SwiftDriver LADM normal arm64 com.apple.xcode.tools.swift.compiler (in target 'LADM' from project 'LADM')
    cd /Users/akhilmeesala/LADM
    builtin-SwiftDriver -- /Applications/Xcode.app/Contents/Developer/Toolchains/XcodeDefault.xctoolchain/usr/bin/swiftc -module-name LADM -O -whole-module-optimization @/Users/akhilmeesala/Library/Developer/Xcode/DerivedData/LADM-dcfwxbpqmqbyeieftnccnvynrhwl/Build/Intermediates.noindex/LADM.build/Release/LADM.build/Objects-normal/arm64/LADM.SwiftFileList -enable-bare-slash-regex -enable-experimental-feature DebugDescriptionMacro -sdk /Applications/Xcode.app/Contents/Developer/Platforms/MacOSX.platform/Developer/SDKs/MacOSX26.4.sdk -target arm64-apple-macos12.0 -g -module-cache-path /Users/akhilmeesala/Library/Developer/Xcode/DerivedData/ModuleCache.noindex -Xfrontend -serialize-debugging-options -swift-version 5 -I /Users/akhilmeesala/Library/Developer/Xcode/DerivedData/LADM-dcfwxbpqmqbyeieftnccnvynrhwl/Build/Products/Release -F /Users/akhilmeesala/Library/Developer/Xcode/DerivedData/LADM-dcfwxbpqmqbyeieftnccnvynrhwl/Build/Products/Release -F /Users/akhilmeesala/LADM/Vendor -F /Users/akhilmeesala/LADM -c -num-threads 14 -Xcc -ivfsstatcache -Xcc /Users/akhilmeesala/Library/Developer/Xcode/DerivedData/SDKStatCaches.noindex/macosx26.4-25E251-30f9ca8789b706f8bd3fc906a70d770f.sdkstatcache -output-file-map /Users/akhilmeesala/Library/Developer/Xcode/DerivedData/LADM-dcfwxbpqmqbyeieftnccnvynrhwl/Build/Intermediates.noindex/LADM.build/Release/LADM.build/Objects-normal/arm64/LADM-OutputFileMap.json -use-frontend-parseable-output -save-temps -no-color-diagnostics -explicit-module-build -module-cache-path /Users/akhilmeesala/Library/Developer/Xcode/DerivedData/LADM-dcfwxbpqmqbyeieftnccnvynrhwl/Build/Intermediates.noindex/SwiftExplicitPrecompiledModules -clang-scanner-module-cache-path /Users/akhilmeesala/Library/Developer/Xcode/DerivedData/ModuleCache.noindex -sdk-module-cache-path /Users/akhilmeesala/Library/Developer/Xcode/DerivedData/ModuleCache.noindex -serialize-diagnostics -emit-dependencies -emit-module -emit-module-path /Users/akhilmeesala/Library/Developer/Xcode/DerivedData/LADM-dcfwxbpqmqbyeieftnccnvynrhwl/Build/Intermediates.noindex/LADM.build/Release/LADM.build/Objects-normal/arm64/LADM.swiftmodule -validate-clang-modules-once -clang-build-session-file /Users/akhilmeesala/Library/Developer/Xcode/DerivedData/ModuleCache.noindex/Session.modulevalidation -Xcc -I/Users/akhilmeesala/Library/Developer/Xcode/DerivedData/LADM-dcfwxbpqmqbyeieftnccnvynrhwl/Build/Intermediates.noindex/LADM.build/Release/LADM.build/swift-overrides.hmap -emit-const-values -Xfrontend -const-gather-protocols-file -Xfrontend /Users/akhilmeesala/Library/Developer/Xcode/DerivedData/LADM-dcfwxbpqmqbyeieftnccnvynrhwl/Build/Intermediates.noindex/LADM.build/Release/LADM.build/Objects-normal/arm64/LADM_const_extract_protocols.json -Xcc -iquote -Xcc /Users/akhilmeesala/Library/Developer/Xcode/DerivedData/LADM-dcfwxbpqmqbyeieftnccnvynrhwl/Build/Intermediates.noindex/LADM.build/Release/LADM.build/LADM-generated-files.hmap -Xcc -I/Users/akhilmeesala/Library/Developer/Xcode/DerivedData/LADM-dcfwxbpqmqbyeieftnccnvynrhwl/Build/Intermediates.noindex/LADM.build/Release/LADM.build/LADM-own-target-headers.hmap -Xcc -I/Users/akhilmeesala/Library/Developer/Xcode/DerivedData/LADM-dcfwxbpqmqbyeieftnccnvynrhwl/Build/Intermediates.noindex/LADM.build/Release/LADM.build/LADM-all-non-framework-target-headers.hmap -Xcc -ivfsoverlay -Xcc /Users/akhilmeesala/Library/Developer/Xcode/DerivedData/LADM-dcfwxbpqmqbyeieftnccnvynrhwl/Build/Intermediates.noindex/LADM.build/Release/LADM-e2216feeb8af4e91610adbc941f5795f-VFS/all-product-headers.yaml -Xcc -iquote -Xcc /Users/akhilmeesala/Library/Developer/Xcode/DerivedData/LADM-dcfwxbpqmqbyeieftnccnvynrhwl/Build/Intermediates.noindex/LADM.build/Release/LADM.build/LADM-project-headers.hmap -Xcc -I/Users/akhilmeesala/Library/Developer/Xcode/DerivedData/LADM-dcfwxbpqmqbyeieftnccnvynrhwl/Build/Products/Release/include -Xcc -I/Users/akhilmeesala/Library/Developer/Xcode/DerivedData/LADM-dcfwxbpqmqbyeieftnccnvynrhwl/Build/Intermediates.noindex/LADM.build/Release/LADM.build/DerivedSources-normal/arm64 -Xcc -I/Users/akhilmeesala/Library/Developer/Xcode/DerivedData/LADM-dcfwxbpqmqbyeieftnccnvynrhwl/Build/Intermediates.noindex/LADM.build/Release/LADM.build/DerivedSources/arm64 -Xcc -I/Users/akhilmeesala/Library/Developer/Xcode/DerivedData/LADM-dcfwxbpqmqbyeieftnccnvynrhwl/Build/Intermediates.noindex/LADM.build/Release/LADM.build/DerivedSources -emit-objc-header -emit-objc-header-path /Users/akhilmeesala/Library/Developer/Xcode/DerivedData/LADM-dcfwxbpqmqbyeieftnccnvynrhwl/Build/Intermediates.noindex/LADM.build/Release/LADM.build/Objects-normal/arm64/LADM-Swift.h -working-directory /Users/akhilmeesala/LADM -no-emit-module-separately-wmo

SwiftCompile normal arm64 Compiling\ SettingsView.swift,\ AppDelegate.swift,\ UnsupportedMacView.swift,\ GeneratedAssetSymbols.swift /Users/akhilmeesala/LADM/Views/SettingsView.swift /Users/akhilmeesala/LADM/Bootstrap/AppDelegate.swift /Users/akhilmeesala/LADM/Views/UnsupportedMacView.swift /Users/akhilmeesala/Library/Developer/Xcode/DerivedData/LADM-dcfwxbpqmqbyeieftnccnvynrhwl/Build/Intermediates.noindex/LADM.build/Release/LADM.build/DerivedSources/GeneratedAssetSymbols.swift /Applications/Xcode.app/Contents/Developer/Toolchains/XcodeDefault.xctoolchain/usr/lib/swift/macosx/prebuilt-modules/26.4/CoreFoundation.swiftmodule/arm64e-apple-macos.swiftmodule /Applications/Xcode.app/Contents/Developer/Toolchains/XcodeDefault.xctoolchain/usr/lib/swift/macosx/prebuilt-modules/26.4/Spatial.swiftmodule/arm64e-apple-macos.swiftmodule /Applications/Xcode.app/Contents/Developer/Toolchains/XcodeDefault.xctoolchain/usr/lib/swift/macosx/prebuilt-modules/26.4/QuartzCore.swiftmodule/arm64e-apple-macos.swiftmodule /Applications/Xcode.app/Contents/Developer/Toolchains/XcodeDefault.xctoolchain/usr/lib/swift/macosx/prebuilt-modules/26.4/System.swiftmodule/arm64e-apple-macos.swiftmodule /Applications/Xcode.app/Contents/Developer/Toolchains/XcodeDefault.xctoolchain/usr/lib/swift/macosx/prebuilt-modules/26.4/_DarwinFoundation1.swiftmodule/arm64e-apple-macos.swiftmodule /Applications/Xcode.app/Contents/Developer/Toolchains/XcodeDefault.xctoolchain/usr/lib/swift/macosx/prebuilt-modules/26.4/Observation.swiftmodule/arm64e-apple-macos.swiftmodule /Applications/Xcode.app/Contents/Developer/Toolchains/XcodeDefault.xctoolchain/usr/lib/swift/macosx/prebuilt-modules/26.4/UniformTypeIdentifiers.swiftmodule/arm64e-apple-macos.swiftmodule /Applications/Xcode.app/Contents/Developer/Toolchains/XcodeDefault.xctoolchain/usr/lib/swift/macosx/prebuilt-modules/26.4/DeveloperToolsSupport.swiftmodule/arm64e-apple-macos.swiftmodule /Applications/Xcode.app/Contents/Developer/Toolchains/XcodeDefault.xctoolchain/usr/lib/swift/macosx/prebuilt-modules/26.4/OSLog.swiftmodule/arm64e-apple-macos.swiftmodule /Applications/Xcode.app/Contents/Developer/Toolchains/XcodeDefault.xctoolchain/usr/lib/swift/macosx/prebuilt-modules/26.4/DataDetection.swiftmodule/arm64e-apple-macos.swiftmodule /Applications/Xcode.app/Contents/Developer/Toolchains/XcodeDefault.xctoolchain/usr/lib/swift/macosx/prebuilt-modules/26.4/CoreTransferable.swiftmodule/arm64e-apple-macos.swiftmodule /Applications/Xcode.app/Contents/Developer/Toolchains/XcodeDefault.xctoolchain/usr/lib/swift/macosx/prebuilt-modules/26.4/simd.swiftmodule/arm64e-apple-macos.swiftmodule /Applications/Xcode.app/Contents/Developer/Toolchains/XcodeDefault.xctoolchain/usr/lib/swift/macosx/prebuilt-modules/26.4/XPC.swiftmodule/arm64e-apple-macos.swiftmodule /Applications/Xcode.app/Contents/Developer/Toolchains/XcodeDefault.xctoolchain/usr/lib/swift/macosx/prebuilt-modules/26.4/_Builtin_float.swiftmodule/arm64e-apple-macos.swiftmodule /Applications/Xcode.app/Contents/Developer/Toolchains/XcodeDefault.xctoolchain/usr/lib/swift/macosx/prebuilt-modules/26.4/_Concurrency.swiftmodule/arm64e-apple-macos.swiftmodule /Applications/Xcode.app/Contents/Developer/Toolchains/XcodeDefault.xctoolchain/usr/lib/swift/macosx/prebuilt-modules/26.4/_StringProcessing.swiftmodule/arm64e-apple-macos.swiftmodule /Applications/Xcode.app/Contents/Developer/Toolchains/XcodeDefault.xctoolchain/usr/lib/swift/macosx/prebuilt-modules/26.4/ObjectiveC.swiftmodule/arm64e-apple-macos.swiftmodule /Applications/Xcode.app/Contents/Developer/Toolchains/XcodeDefault.xctoolchain/usr/lib/swift/macosx/prebuilt-modules/26.4/Combine.swiftmodule/arm64e-apple-macos.swiftmodule /Applications/Xcode.app/Contents/Developer/Toolchains/XcodeDefault.xctoolchain/usr/lib/swift/macosx/prebuilt-modules/26.4/Swift.swiftmodule/arm64e-apple-macos.swiftmodule /Applications/Xcode.app/Contents/Developer/Toolchains/XcodeDefault.xctoolchain/usr/lib/swift/macosx/prebuilt-modules/26.4/CoreImage.swiftmodule/arm64e-apple-macos.swiftmodule /Applications/Xcode.app/Contents/Developer/Toolchains/XcodeDefault.xctoolchain/usr/lib/swift/macosx/prebuilt-modules/26.4/CoreText.swiftmodule/arm64e-apple-macos.swiftmodule /Applications/Xcode.app/Contents/Developer/Toolchains/XcodeDefault.xctoolchain/usr/lib/swift/macosx/prebuilt-modules/26.4/CoreGraphics.swiftmodule/arm64e-apple-macos.swiftmodule /Applications/Xcode.app/Contents/Developer/Toolchains/XcodeDefault.xctoolchain/usr/lib/swift/macosx/prebuilt-modules/26.4/IOKit.swiftmodule/arm64e-apple-macos.swiftmodule /Applications/Xcode.app/Contents/Developer/Toolchains/XcodeDefault.xctoolchain/usr/lib/swift/macosx/prebuilt-modules/26.4/SwiftUI.swiftmodule/arm64e-apple-macos.swiftmodule /Applications/Xcode.app/Contents/Developer/Toolchains/XcodeDefault.xctoolchain/usr/lib/swift/macosx/prebuilt-modules/26.4/AppKit.swiftmodule/arm64e-apple-macos.swiftmodule /Applications/Xcode.app/Contents/Developer/Toolchains/XcodeDefault.xctoolchain/usr/lib/swift/macosx/prebuilt-modules/26.4/Symbols.swiftmodule/arm64e-apple-macos.swiftmodule /Applications/Xcode.app/Contents/Developer/Toolchains/XcodeDefault.xctoolchain/usr/lib/swift/macosx/prebuilt-modules/26.4/_DarwinFoundation3.swiftmodule/arm64e-apple-macos.swiftmodule /Applications/Xcode.app/Contents/Developer/Toolchains/XcodeDefault.xctoolchain/usr/lib/swift/macosx/prebuilt-modules/26.4/Darwin.swiftmodule/arm64e-apple-macos.swiftmodule /Applications/Xcode.app/Contents/Developer/Toolchains/XcodeDefault.xctoolchain/usr/lib/swift/macosx/prebuilt-modules/26.4/Dispatch.swiftmodule/arm64e-apple-macos.swiftmodule /Applications/Xcode.app/Contents/Developer/Toolchains/XcodeDefault.xctoolchain/usr/lib/swift/macosx/prebuilt-modules/26.4/Accessibility.swiftmodule/arm64e-apple-macos.swiftmodule /Applications/Xcode.app/Contents/Developer/Toolchains/XcodeDefault.xctoolchain/usr/lib/swift/macosx/prebuilt-modules/26.4/os.swiftmodule/arm64e-apple-macos.swiftmodule /Applications/Xcode.app/Contents/Developer/Toolchains/XcodeDefault.xctoolchain/usr/lib/swift/macosx/prebuilt-modules/26.4/CoreVideo.swiftmodule/arm64e-apple-macos.swiftmodule /Applications/Xcode.app/Contents/Developer/Toolchains/XcodeDefault.xctoolchain/usr/lib/swift/macosx/prebuilt-modules/26.4/CoreData.swiftmodule/arm64e-apple-macos.swiftmodule /Applications/Xcode.app/Contents/Developer/Toolchains/XcodeDefault.xctoolchain/usr/lib/swift/macosx/prebuilt-modules/26.4/Metal.swiftmodule/arm64e-apple-macos.swiftmodule /Users/akhilmeesala/Library/Developer/Xcode/DerivedData/LADM-dcfwxbpqmqbyeieftnccnvynrhwl/Build/Products/Release/LADMCore.framework/Modules/LADMCore.swiftmodule/arm64-apple-macos.swiftmodule /Applications/Xcode.app/Contents/Developer/Toolchains/XcodeDefault.xctoolchain/usr/lib/swift/macosx/prebuilt-modules/26.4/_DarwinFoundation2.swiftmodule/arm64e-apple-macos.swiftmodule /Applications/Xcode.app/Contents/Developer/Toolchains/XcodeDefault.xctoolchain/usr/lib/swift/macosx/prebuilt-modules/26.4/Foundation.swiftmodule/arm64e-apple-macos.swiftmodule /Applications/Xcode.app/Contents/Developer/Toolchains/XcodeDefault.xctoolchain/usr/lib/swift/macosx/prebuilt-modules/26.4/SwiftUICore.swiftmodule/arm64e-apple-macos.swiftmodule /Users/akhilmeesala/Library/Developer/Xcode/DerivedData/ModuleCache.noindex/os_object-87Z5OMXRM7S967YK5D5XJEW8K.pcm /Users/akhilmeesala/Library/Developer/Xcode/DerivedData/ModuleCache.noindex/SwiftShims-9WZPDEUDSJ8GL2WQJ4YG19R0Q.pcm /Users/akhilmeesala/Library/Developer/Xcode/DerivedData/ModuleCache.noindex/ptrcheck-8CFS1FDC7IT737PNFDSX13MRM.pcm /Users/akhilmeesala/Library/Developer/Xcode/DerivedData/ModuleCache.noindex/Foundation-AHMSPXAQUTMLMK278FFXD7L7T.pcm /Users/akhilmeesala/Library/Developer/Xcode/DerivedData/ModuleCache.noindex/CoreTransferable-6ASJ4MP117JBR5DB5C1GJCK2I.pcm /Users/akhilmeesala/Library/Developer/Xcode/DerivedData/ModuleCache.noindex/ObjectiveC-9EF3UEZM0QY2P1RMHQL85L8DO.pcm /Users/akhilmeesala/Library/Developer/Xcode/DerivedData/ModuleCache.noindex/_DarwinFoundation1-673W3O2Q9VP53NNWHHD2H14D8.pcm /Users/akhilmeesala/Library/Developer/Xcode/DerivedData/ModuleCache.noindex/XPC-C6QWTFCHAQHNOEGJZGPJU4U0F.pcm /Users/akhilmeesala/Library/Developer/Xcode/DerivedData/ModuleCache.noindex/_Builtin_stddef-CICF91U3GSRM5V9U22BSNREYG.pcm /Users/akhilmeesala/Library/Developer/Xcode/DerivedData/ModuleCache.noindex/_SwiftConcurrencyShims-7T4ULEQINFK5TZ4BRQZ9B569E.pcm /Users/akhilmeesala/Library/Developer/Xcode/DerivedData/ModuleCache.noindex/_Builtin_stdatomic-4Y9MIWHBYTIYP2BB54AQLZ8AQ.pcm /Users/akhilmeesala/Library/Developer/Xcode/DerivedData/ModuleCache.noindex/DeveloperToolsSupport-7KUN4TDY3AC6ZMQ5ZJV7S4G3L.pcm /Users/akhilmeesala/Library/Developer/Xcode/DerivedData/ModuleCache.noindex/CoreGraphics-E5HSX7ZUABBL31483T7DUE83O.pcm /Users/akhilmeesala/Library/Developer/Xcode/DerivedData/ModuleCache.noindex/Symbols-85SIVVYXN75LX53D2VQ8PPRA2.pcm /Users/akhilmeesala/Library/Developer/Xcode/DerivedData/ModuleCache.noindex/CoreVideo-ETXCDIQKHOSHTQO2AADU96URD.pcm /Users/akhilmeesala/Library/Developer/Xcode/DerivedData/ModuleCache.noindex/DiskArbitration-4E1TVG2C1X27WPSGUPNRBYL77.pcm /Users/akhilmeesala/Library/Developer/Xcode/DerivedData/ModuleCache.noindex/_AvailabilityInternal-DW908IQ482B7ZTTS7CBAJ78T0.pcm /Users/akhilmeesala/Library/Developer/Xcode/DerivedData/ModuleCache.noindex/DataDetection-B2FKI06VMEZEDAA6HMG2A9K8N.pcm /Users/akhilmeesala/Library/Developer/Xcode/DerivedData/ModuleCache.noindex/QuartzCore-5YM0MTECLIMNNM3ARCC31PLQM.pcm /Users/akhilmeesala/Library/Developer/Xcode/DerivedData/ModuleCache.noindex/CUPS-VJ8R8VILECZYUFN4AJMRC0T4.pcm /Users/akhilmeesala/Library/Developer/Xcode/DerivedData/ModuleCache.noindex/os_workgroup-BW4O66HQ78UBC9I6EHD8T1G2J.pcm /Users/akhilmeesala/Library/Developer/Xcode/DerivedData/ModuleCache.noindex/_Builtin_inttypes-26KXEP0HPS7WM1KCXMDPYUVFZ.pcm /Users/akhilmeesala/Library/Developer/Xcode/DerivedData/ModuleCache.noindex/_Builtin_stdbool-4A7TPSYJ73FNLTH5ULEXSCYO8.pcm /Users/akhilmeesala/Library/Developer/Xcode/DerivedData/ModuleCache.noindex/_Builtin_tgmath-3M773G15TT5EDW4ZWQ5IEL9A.pcm /Users/akhilmeesala/Library/Developer/Xcode/DerivedData/ModuleCache.noindex/Metal-DZGCFAQLIL2VRC0D0ES5ULAC4.pcm /Users/akhilmeesala/Library/Developer/Xcode/DerivedData/ModuleCache.noindex/_Builtin_intrinsics-5L2767MAGBOKZU14S9PVX836B.pcm /Users/akhilmeesala/Library/Developer/Xcode/DerivedData/ModuleCache.noindex/ImageIO-6Z2Z0U8QR3ZWPIRYT62LRDIIK.pcm /Users/akhilmeesala/Library/Developer/Xcode/DerivedData/ModuleCache.noindex/AppKit-8LW1PJVNTR3SUXZYTO4XYI3MK.pcm /Users/akhilmeesala/Library/Developer/Xcode/DerivedData/ModuleCache.noindex/libDER-2MZA34OZ0JALH9HU768LW0HH8.pcm /Users/akhilmeesala/Library/Developer/Xcode/DerivedData/LADM-dcfwxbpqmqbyeieftnccnvynrhwl/Build/Intermediates.noindex/SwiftExplicitPrecompiledModules/LADMCore-9F3C8WYNHQWQHUBUPXTYPVR68.pcm /Users/akhilmeesala/Library/Developer/Xcode/DerivedData/ModuleCache.noindex/Darwin-PQ9ZAAGCWL3UDKK3J3JIVB0I.pcm /Users/akhilmeesala/Library/Developer/Xcode/DerivedData/ModuleCache.noindex/Dispatch-97RORZ8H08N5JGGWH0UOSQWSJ.pcm /Users/akhilmeesala/Library/Developer/Xcode/DerivedData/ModuleCache.noindex/_DarwinFoundation3-6TR18CK7R4ZX5OPAUGLZGHM40.pcm /Users/akhilmeesala/Library/Developer/Xcode/DerivedData/ModuleCache.noindex/_Builtin_float-1ALQEEDZV0Y165PBNTNJMUEJY.pcm /Users/akhilmeesala/Library/Developer/Xcode/DerivedData/ModuleCache.noindex/OpenGL-CMENHZ6H28T08QXUFTPVLIR4J.pcm /Users/akhilmeesala/Library/Developer/Xcode/DerivedData/ModuleCache.noindex/_DarwinFoundation2-DWZ1TNWIFFARS94IOPW379PBV.pcm /Users/akhilmeesala/Library/Developer/Xcode/DerivedData/ModuleCache.noindex/launch-6AV2PEWVSMQHB82JGVB6L8JYU.pcm /Users/akhilmeesala/Library/Developer/Xcode/DerivedData/ModuleCache.noindex/sys_types-Y0968MFFKH5VOJMHBGWU74EX.pcm /Users/akhilmeesala/Library/Developer/Xcode/DerivedData/ModuleCache.noindex/_Builtin_stdint-4OX18SXGQ9B0C679LB9TR1S1S.pcm /Users/akhilmeesala/Library/Developer/Xcode/DerivedData/ModuleCache.noindex/IOKit-CXPMSSSSK7PGK28SFHP4DW6MF.pcm /Users/akhilmeesala/Library/Developer/Xcode/DerivedData/ModuleCache.noindex/Accessibility-VP7GW12MS599FSMWZ8OJJ2JR.pcm /Users/akhilmeesala/Library/Developer/Xcode/DerivedData/ModuleCache.noindex/Security-NH7MA7835RJ5UW16D8GRMT3R.pcm /Users/akhilmeesala/Library/Developer/Xcode/DerivedData/ModuleCache.noindex/CoreData-90C5B2DY7OY7C3SN0YV156XWI.pcm /Users/akhilmeesala/Library/Developer/Xcode/DerivedData/ModuleCache.noindex/SwiftUI-D0OEJ7TJ9C48WVNFFLMHVUSY3.pcm /Users/akhilmeesala/Library/Developer/Xcode/DerivedData/ModuleCache.noindex/CoreText-KUDOT057LYIUMFHOUIZCTX8Z.pcm /Users/akhilmeesala/Library/Developer/Xcode/DerivedData/ModuleCache.noindex/simd-38CTUVSE3MQ61DW9TLMCEU9E8.pcm /Users/akhilmeesala/Library/Developer/Xcode/DerivedData/ModuleCache.noindex/CoreFoundation-3HT0EX0E7IGIAH8PX8HYEDY92.pcm /Users/akhilmeesala/Library/Developer/Xcode/DerivedData/ModuleCache.noindex/CoreImage-BNJJ618JKHQ68QFCLP0AF9LND.pcm /Users/akhilmeesala/Library/Developer/Xcode/DerivedData/ModuleCache.noindex/Cocoa-7K5BOK4US347RLECWKMVH7VJK.pcm /Users/akhilmeesala/Library/Developer/Xcode/DerivedData/ModuleCache.noindex/_Builtin_stdarg-80YL0MF3FYJR7BAFKRYCWTIA1.pcm /Users/akhilmeesala/Library/Developer/Xcode/DerivedData/ModuleCache.noindex/Spatial-1EP7CZNSX7RUQA97AJO663A4Y.pcm /Users/akhilmeesala/Library/Developer/Xcode/DerivedData/ModuleCache.noindex/ServiceManagement-5VZRN1XDOD9RMZCAK11PDIOD8.pcm /Users/akhilmeesala/Library/Developer/Xcode/DerivedData/ModuleCache.noindex/_Builtin_limits-7HQXPWWNEH6HJ84CIUKZ97GUS.pcm /Users/akhilmeesala/Library/Developer/Xcode/DerivedData/ModuleCache.noindex/UniformTypeIdentifiers-78TZMRX0UT5ZIKCTVMDKEL46B.pcm /Users/akhilmeesala/Library/Developer/Xcode/DerivedData/LADM-dcfwxbpqmqbyeieftnccnvynrhwl/Build/Intermediates.noindex/SwiftExplicitPrecompiledModules/Sparkle-EJR9N8CWMM0WFUPVD3HPM6N40.pcm /Users/akhilmeesala/Library/Developer/Xcode/DerivedData/ModuleCache.noindex/MachO-E1USY99WLOTM7B3NBWT18YRUQ.pcm /Users/akhilmeesala/Library/Developer/Xcode/DerivedData/ModuleCache.noindex/ColorSync-9RR1E6N2KVLWDNCRYD7ACF1JL.pcm /Users/akhilmeesala/Library/Developer/Xcode/DerivedData/ModuleCache.noindex/ApplicationServices-F2TSMW12UR3PGL4JQB8PEQ80W.pcm /Users/akhilmeesala/Library/Developer/Xcode/DerivedData/ModuleCache.noindex/SwiftUICore-9RX27X28PJ6VAVPXM885L6AHY.pcm /Users/akhilmeesala/Library/Developer/Xcode/DerivedData/ModuleCache.noindex/libkern-CYP5L76WS7W52GRA8R16SEQMT.pcm /Users/akhilmeesala/Library/Developer/Xcode/DerivedData/ModuleCache.noindex/os-8S3AZ1XIIT9NC9NMI79F6PP95.pcm /Users/akhilmeesala/Library/Developer/Xcode/DerivedData/ModuleCache.noindex/CFNetwork-6Z5ZOHN7ROP75ICOXU87GFUMW.pcm /Users/akhilmeesala/Library/Developer/Xcode/DerivedData/ModuleCache.noindex/OSLog-1TENU8NS2GHX268YW87BJZKVL.pcm /Users/akhilmeesala/Library/Developer/Xcode/DerivedData/ModuleCache.noindex/IOSurface-EJV371AILPLLHIH4ZRHIARNPE.pcm /Users/akhilmeesala/Library/Developer/Xcode/DerivedData/ModuleCache.noindex/ptrauth-SJGEQNAA2X3RPVH2DJHPGK9K.pcm /Users/akhilmeesala/Library/Developer/Xcode/DerivedData/ModuleCache.noindex/CoreServices-DL1AG1XTFDW28ZDCFLEHV7I8R.pcm /Users/akhilmeesala/Library/Developer/Xcode/DerivedData/LADM-dcfwxbpqmqbyeieftnccnvynrhwl/Build/Intermediates.noindex/LADM.build/Release/LADM.build/Objects-normal/arm64/LADM-dependencies-1.json (in target 'LADM' from project 'LADM')

CompileSwift normal arm64 (in target 'LADM' from project 'LADM')
    cd /Users/akhilmeesala/LADM
    

SwiftDriverJobDiscovery normal arm64 Compiling SettingsView.swift, AppDelegate.swift, UnsupportedMacView.swift, GeneratedAssetSymbols.swift (in target 'LADM' from project 'LADM')

SwiftDriver\ Compilation\ Requirements LADM normal arm64 com.apple.xcode.tools.swift.compiler (in target 'LADM' from project 'LADM')
    cd /Users/akhilmeesala/LADM
    builtin-Swift-Compilation-Requirements -- /Applications/Xcode.app/Contents/Developer/Toolchains/XcodeDefault.xctoolchain/usr/bin/swiftc -module-name LADM -O -whole-module-optimization @/Users/akhilmeesala/Library/Developer/Xcode/DerivedData/LADM-dcfwxbpqmqbyeieftnccnvynrhwl/Build/Intermediates.noindex/LADM.build/Release/LADM.build/Objects-normal/arm64/LADM.SwiftFileList -enable-bare-slash-regex -enable-experimental-feature DebugDescriptionMacro -sdk /Applications/Xcode.app/Contents/Developer/Platforms/MacOSX.platform/Developer/SDKs/MacOSX26.4.sdk -target arm64-apple-macos12.0 -g -module-cache-path /Users/akhilmeesala/Library/Developer/Xcode/DerivedData/ModuleCache.noindex -Xfrontend -serialize-debugging-options -swift-version 5 -I /Users/akhilmeesala/Library/Developer/Xcode/DerivedData/LADM-dcfwxbpqmqbyeieftnccnvynrhwl/Build/Products/Release -F /Users/akhilmeesala/Library/Developer/Xcode/DerivedData/LADM-dcfwxbpqmqbyeieftnccnvynrhwl/Build/Products/Release -F /Users/akhilmeesala/LADM/Vendor -F /Users/akhilmeesala/LADM -c -num-threads 14 -Xcc -ivfsstatcache -Xcc /Users/akhilmeesala/Library/Developer/Xcode/DerivedData/SDKStatCaches.noindex/macosx26.4-25E251-30f9ca8789b706f8bd3fc906a70d770f.sdkstatcache -output-file-map /Users/akhilmeesala/Library/Developer/Xcode/DerivedData/LADM-dcfwxbpqmqbyeieftnccnvynrhwl/Build/Intermediates.noindex/LADM.build/Release/LADM.build/Objects-normal/arm64/LADM-OutputFileMap.json -use-frontend-parseable-output -save-temps -no-color-diagnostics -explicit-module-build -module-cache-path /Users/akhilmeesala/Library/Developer/Xcode/DerivedData/LADM-dcfwxbpqmqbyeieftnccnvynrhwl/Build/Intermediates.noindex/SwiftExplicitPrecompiledModules -clang-scanner-module-cache-path /Users/akhilmeesala/Library/Developer/Xcode/DerivedData/ModuleCache.noindex -sdk-module-cache-path /Users/akhilmeesala/Library/Developer/Xcode/DerivedData/ModuleCache.noindex -serialize-diagnostics -emit-dependencies -emit-module -emit-module-path /Users/akhilmeesala/Library/Developer/Xcode/DerivedData/LADM-dcfwxbpqmqbyeieftnccnvynrhwl/Build/Intermediates.noindex/LADM.build/Release/LADM.build/Objects-normal/arm64/LADM.swiftmodule -validate-clang-modules-once -clang-build-session-file /Users/akhilmeesala/Library/Developer/Xcode/DerivedData/ModuleCache.noindex/Session.modulevalidation -Xcc -I/Users/akhilmeesala/Library/Developer/Xcode/DerivedData/LADM-dcfwxbpqmqbyeieftnccnvynrhwl/Build/Intermediates.noindex/LADM.build/Release/LADM.build/swift-overrides.hmap -emit-const-values -Xfrontend -const-gather-protocols-file -Xfrontend /Users/akhilmeesala/Library/Developer/Xcode/DerivedData/LADM-dcfwxbpqmqbyeieftnccnvynrhwl/Build/Intermediates.noindex/LADM.build/Release/LADM.build/Objects-normal/arm64/LADM_const_extract_protocols.json -Xcc -iquote -Xcc /Users/akhilmeesala/Library/Developer/Xcode/DerivedData/LADM-dcfwxbpqmqbyeieftnccnvynrhwl/Build/Intermediates.noindex/LADM.build/Release/LADM.build/LADM-generated-files.hmap -Xcc -I/Users/akhilmeesala/Library/Developer/Xcode/DerivedData/LADM-dcfwxbpqmqbyeieftnccnvynrhwl/Build/Intermediates.noindex/LADM.build/Release/LADM.build/LADM-own-target-headers.hmap -Xcc -I/Users/akhilmeesala/Library/Developer/Xcode/DerivedData/LADM-dcfwxbpqmqbyeieftnccnvynrhwl/Build/Intermediates.noindex/LADM.build/Release/LADM.build/LADM-all-non-framework-target-headers.hmap -Xcc -ivfsoverlay -Xcc /Users/akhilmeesala/Library/Developer/Xcode/DerivedData/LADM-dcfwxbpqmqbyeieftnccnvynrhwl/Build/Intermediates.noindex/LADM.build/Release/LADM-e2216feeb8af4e91610adbc941f5795f-VFS/all-product-headers.yaml -Xcc -iquote -Xcc /Users/akhilmeesala/Library/Developer/Xcode/DerivedData/LADM-dcfwxbpqmqbyeieftnccnvynrhwl/Build/Intermediates.noindex/LADM.build/Release/LADM.build/LADM-project-headers.hmap -Xcc -I/Users/akhilmeesala/Library/Developer/Xcode/DerivedData/LADM-dcfwxbpqmqbyeieftnccnvynrhwl/Build/Products/Release/include -Xcc -I/Users/akhilmeesala/Library/Developer/Xcode/DerivedData/LADM-dcfwxbpqmqbyeieftnccnvynrhwl/Build/Intermediates.noindex/LADM.build/Release/LADM.build/DerivedSources-normal/arm64 -Xcc -I/Users/akhilmeesala/Library/Developer/Xcode/DerivedData/LADM-dcfwxbpqmqbyeieftnccnvynrhwl/Build/Intermediates.noindex/LADM.build/Release/LADM.build/DerivedSources/arm64 -Xcc -I/Users/akhilmeesala/Library/Developer/Xcode/DerivedData/LADM-dcfwxbpqmqbyeieftnccnvynrhwl/Build/Intermediates.noindex/LADM.build/Release/LADM.build/DerivedSources -emit-objc-header -emit-objc-header-path /Users/akhilmeesala/Library/Developer/Xcode/DerivedData/LADM-dcfwxbpqmqbyeieftnccnvynrhwl/Build/Intermediates.noindex/LADM.build/Release/LADM.build/Objects-normal/arm64/LADM-Swift.h -working-directory /Users/akhilmeesala/LADM -no-emit-module-separately-wmo

SwiftDriver LADM normal x86_64 com.apple.xcode.tools.swift.compiler (in target 'LADM' from project 'LADM')
    cd /Users/akhilmeesala/LADM
    builtin-SwiftDriver -- /Applications/Xcode.app/Contents/Developer/Toolchains/XcodeDefault.xctoolchain/usr/bin/swiftc -module-name LADM -O -whole-module-optimization @/Users/akhilmeesala/Library/Developer/Xcode/DerivedData/LADM-dcfwxbpqmqbyeieftnccnvynrhwl/Build/Intermediates.noindex/LADM.build/Release/LADM.build/Objects-normal/x86_64/LADM.SwiftFileList -enable-bare-slash-regex -enable-experimental-feature DebugDescriptionMacro -sdk /Applications/Xcode.app/Contents/Developer/Platforms/MacOSX.platform/Developer/SDKs/MacOSX26.4.sdk -target x86_64-apple-macos12.0 -g -module-cache-path /Users/akhilmeesala/Library/Developer/Xcode/DerivedData/ModuleCache.noindex -Xfrontend -serialize-debugging-options -swift-version 5 -I /Users/akhilmeesala/Library/Developer/Xcode/DerivedData/LADM-dcfwxbpqmqbyeieftnccnvynrhwl/Build/Products/Release -F /Users/akhilmeesala/Library/Developer/Xcode/DerivedData/LADM-dcfwxbpqmqbyeieftnccnvynrhwl/Build/Products/Release -F /Users/akhilmeesala/LADM/Vendor -F /Users/akhilmeesala/LADM -c -num-threads 14 -Xcc -ivfsstatcache -Xcc /Users/akhilmeesala/Library/Developer/Xcode/DerivedData/SDKStatCaches.noindex/macosx26.4-25E251-30f9ca8789b706f8bd3fc906a70d770f.sdkstatcache -output-file-map /Users/akhilmeesala/Library/Developer/Xcode/DerivedData/LADM-dcfwxbpqmqbyeieftnccnvynrhwl/Build/Intermediates.noindex/LADM.build/Release/LADM.build/Objects-normal/x86_64/LADM-OutputFileMap.json -use-frontend-parseable-output -save-temps -no-color-diagnostics -explicit-module-build -module-cache-path /Users/akhilmeesala/Library/Developer/Xcode/DerivedData/LADM-dcfwxbpqmqbyeieftnccnvynrhwl/Build/Intermediates.noindex/SwiftExplicitPrecompiledModules -clang-scanner-module-cache-path /Users/akhilmeesala/Library/Developer/Xcode/DerivedData/ModuleCache.noindex -sdk-module-cache-path /Users/akhilmeesala/Library/Developer/Xcode/DerivedData/ModuleCache.noindex -serialize-diagnostics -emit-dependencies -emit-module -emit-module-path /Users/akhilmeesala/Library/Developer/Xcode/DerivedData/LADM-dcfwxbpqmqbyeieftnccnvynrhwl/Build/Intermediates.noindex/LADM.build/Release/LADM.build/Objects-normal/x86_64/LADM.swiftmodule -validate-clang-modules-once -clang-build-session-file /Users/akhilmeesala/Library/Developer/Xcode/DerivedData/ModuleCache.noindex/Session.modulevalidation -Xcc -I/Users/akhilmeesala/Library/Developer/Xcode/DerivedData/LADM-dcfwxbpqmqbyeieftnccnvynrhwl/Build/Intermediates.noindex/LADM.build/Release/LADM.build/swift-overrides.hmap -emit-const-values -Xfrontend -const-gather-protocols-file -Xfrontend /Users/akhilmeesala/Library/Developer/Xcode/DerivedData/LADM-dcfwxbpqmqbyeieftnccnvynrhwl/Build/Intermediates.noindex/LADM.build/Release/LADM.build/Objects-normal/x86_64/LADM_const_extract_protocols.json -Xcc -iquote -Xcc /Users/akhilmeesala/Library/Developer/Xcode/DerivedData/LADM-dcfwxbpqmqbyeieftnccnvynrhwl/Build/Intermediates.noindex/LADM.build/Release/LADM.build/LADM-generated-files.hmap -Xcc -I/Users/akhilmeesala/Library/Developer/Xcode/DerivedData/LADM-dcfwxbpqmqbyeieftnccnvynrhwl/Build/Intermediates.noindex/LADM.build/Release/LADM.build/LADM-own-target-headers.hmap -Xcc -I/Users/akhilmeesala/Library/Developer/Xcode/DerivedData/LADM-dcfwxbpqmqbyeieftnccnvynrhwl/Build/Intermediates.noindex/LADM.build/Release/LADM.build/LADM-all-non-framework-target-headers.hmap -Xcc -ivfsoverlay -Xcc /Users/akhilmeesala/Library/Developer/Xcode/DerivedData/LADM-dcfwxbpqmqbyeieftnccnvynrhwl/Build/Intermediates.noindex/LADM.build/Release/LADM-e2216feeb8af4e91610adbc941f5795f-VFS/all-product-headers.yaml -Xcc -iquote -Xcc /Users/akhilmeesala/Library/Developer/Xcode/DerivedData/LADM-dcfwxbpqmqbyeieftnccnvynrhwl/Build/Intermediates.noindex/LADM.build/Release/LADM.build/LADM-project-headers.hmap -Xcc -I/Users/akhilmeesala/Library/Developer/Xcode/DerivedData/LADM-dcfwxbpqmqbyeieftnccnvynrhwl/Build/Products/Release/include -Xcc -I/Users/akhilmeesala/Library/Developer/Xcode/DerivedData/LADM-dcfwxbpqmqbyeieftnccnvynrhwl/Build/Intermediates.noindex/LADM.build/Release/LADM.build/DerivedSources-normal/x86_64 -Xcc -I/Users/akhilmeesala/Library/Developer/Xcode/DerivedData/LADM-dcfwxbpqmqbyeieftnccnvynrhwl/Build/Intermediates.noindex/LADM.build/Release/LADM.build/DerivedSources/x86_64 -Xcc -I/Users/akhilmeesala/Library/Developer/Xcode/DerivedData/LADM-dcfwxbpqmqbyeieftnccnvynrhwl/Build/Intermediates.noindex/LADM.build/Release/LADM.build/DerivedSources -emit-objc-header -emit-objc-header-path /Users/akhilmeesala/Library/Developer/Xcode/DerivedData/LADM-dcfwxbpqmqbyeieftnccnvynrhwl/Build/Intermediates.noindex/LADM.build/Release/LADM.build/Objects-normal/x86_64/LADM-Swift.h -working-directory /Users/akhilmeesala/LADM -no-emit-module-separately-wmo

Copy /Users/akhilmeesala/Library/Developer/Xcode/DerivedData/LADM-dcfwxbpqmqbyeieftnccnvynrhwl/Build/Products/Release/LADM.swiftmodule/Project/arm64-apple-macos.swiftsourceinfo /Users/akhilmeesala/Library/Developer/Xcode/DerivedData/LADM-dcfwxbpqmqbyeieftnccnvynrhwl/Build/Intermediates.noindex/LADM.build/Release/LADM.build/Objects-normal/arm64/LADM.swiftsourceinfo (in target 'LADM' from project 'LADM')
    cd /Users/akhilmeesala/LADM
    builtin-copy -exclude .DS_Store -exclude CVS -exclude .svn -exclude .git -exclude .hg -resolve-src-symlinks -rename /Users/akhilmeesala/Library/Developer/Xcode/DerivedData/LADM-dcfwxbpqmqbyeieftnccnvynrhwl/Build/Intermediates.noindex/LADM.build/Release/LADM.build/Objects-normal/arm64/LADM.swiftsourceinfo /Users/akhilmeesala/Library/Developer/Xcode/DerivedData/LADM-dcfwxbpqmqbyeieftnccnvynrhwl/Build/Products/Release/LADM.swiftmodule/Project/arm64-apple-macos.swiftsourceinfo

Copy /Users/akhilmeesala/Library/Developer/Xcode/DerivedData/LADM-dcfwxbpqmqbyeieftnccnvynrhwl/Build/Products/Release/LADM.swiftmodule/arm64-apple-macos.abi.json /Users/akhilmeesala/Library/Developer/Xcode/DerivedData/LADM-dcfwxbpqmqbyeieftnccnvynrhwl/Build/Intermediates.noindex/LADM.build/Release/LADM.build/Objects-normal/arm64/LADM.abi.json (in target 'LADM' from project 'LADM')
    cd /Users/akhilmeesala/LADM
    builtin-copy -exclude .DS_Store -exclude CVS -exclude .svn -exclude .git -exclude .hg -resolve-src-symlinks -rename /Users/akhilmeesala/Library/Developer/Xcode/DerivedData/LADM-dcfwxbpqmqbyeieftnccnvynrhwl/Build/Intermediates.noindex/LADM.build/Release/LADM.build/Objects-normal/arm64/LADM.abi.json /Users/akhilmeesala/Library/Developer/Xcode/DerivedData/LADM-dcfwxbpqmqbyeieftnccnvynrhwl/Build/Products/Release/LADM.swiftmodule/arm64-apple-macos.abi.json

Copy /Users/akhilmeesala/Library/Developer/Xcode/DerivedData/LADM-dcfwxbpqmqbyeieftnccnvynrhwl/Build/Products/Release/LADM.swiftmodule/arm64-apple-macos.swiftmodule /Users/akhilmeesala/Library/Developer/Xcode/DerivedData/LADM-dcfwxbpqmqbyeieftnccnvynrhwl/Build/Intermediates.noindex/LADM.build/Release/LADM.build/Objects-normal/arm64/LADM.swiftmodule (in target 'LADM' from project 'LADM')
    cd /Users/akhilmeesala/LADM
    builtin-copy -exclude .DS_Store -exclude CVS -exclude .svn -exclude .git -exclude .hg -resolve-src-symlinks -rename /Users/akhilmeesala/Library/Developer/Xcode/DerivedData/LADM-dcfwxbpqmqbyeieftnccnvynrhwl/Build/Intermediates.noindex/LADM.build/Release/LADM.build/Objects-normal/arm64/LADM.swiftmodule /Users/akhilmeesala/Library/Developer/Xcode/DerivedData/LADM-dcfwxbpqmqbyeieftnccnvynrhwl/Build/Products/Release/LADM.swiftmodule/arm64-apple-macos.swiftmodule

SwiftCompile normal x86_64 Compiling\ SettingsView.swift,\ AppDelegate.swift,\ UnsupportedMacView.swift,\ GeneratedAssetSymbols.swift /Users/akhilmeesala/LADM/Views/SettingsView.swift /Users/akhilmeesala/LADM/Bootstrap/AppDelegate.swift /Users/akhilmeesala/LADM/Views/UnsupportedMacView.swift /Users/akhilmeesala/Library/Developer/Xcode/DerivedData/LADM-dcfwxbpqmqbyeieftnccnvynrhwl/Build/Intermediates.noindex/LADM.build/Release/LADM.build/DerivedSources/GeneratedAssetSymbols.swift /Applications/Xcode.app/Contents/Developer/Toolchains/XcodeDefault.xctoolchain/usr/lib/swift/macosx/prebuilt-modules/26.4/Spatial.swiftmodule/x86_64-apple-macos.swiftmodule /Applications/Xcode.app/Contents/Developer/Toolchains/XcodeDefault.xctoolchain/usr/lib/swift/macosx/prebuilt-modules/26.4/Foundation.swiftmodule/x86_64-apple-macos.swiftmodule /Applications/Xcode.app/Contents/Developer/Toolchains/XcodeDefault.xctoolchain/usr/lib/swift/macosx/prebuilt-modules/26.4/Accessibility.swiftmodule/x86_64-apple-macos.swiftmodule /Applications/Xcode.app/Contents/Developer/Toolchains/XcodeDefault.xctoolchain/usr/lib/swift/macosx/prebuilt-modules/26.4/CoreTransferable.swiftmodule/x86_64-apple-macos.swiftmodule /Applications/Xcode.app/Contents/Developer/Toolchains/XcodeDefault.xctoolchain/usr/lib/swift/macosx/prebuilt-modules/26.4/UniformTypeIdentifiers.swiftmodule/x86_64-apple-macos.swiftmodule /Applications/Xcode.app/Contents/Developer/Toolchains/XcodeDefault.xctoolchain/usr/lib/swift/macosx/prebuilt-modules/26.4/CoreFoundation.swiftmodule/x86_64-apple-macos.swiftmodule /Applications/Xcode.app/Contents/Developer/Toolchains/XcodeDefault.xctoolchain/usr/lib/swift/macosx/prebuilt-modules/26.4/SwiftUICore.swiftmodule/x86_64-apple-macos.swiftmodule /Applications/Xcode.app/Contents/Developer/Toolchains/XcodeDefault.xctoolchain/usr/lib/swift/macosx/prebuilt-modules/26.4/Metal.swiftmodule/x86_64-apple-macos.swiftmodule /Applications/Xcode.app/Contents/Developer/Toolchains/XcodeDefault.xctoolchain/usr/lib/swift/macosx/prebuilt-modules/26.4/CoreData.swiftmodule/x86_64-apple-macos.swiftmodule /Applications/Xcode.app/Contents/Developer/Toolchains/XcodeDefault.xctoolchain/usr/lib/swift/macosx/prebuilt-modules/26.4/CoreImage.swiftmodule/x86_64-apple-macos.swiftmodule /Applications/Xcode.app/Contents/Developer/Toolchains/XcodeDefault.xctoolchain/usr/lib/swift/macosx/prebuilt-modules/26.4/Symbols.swiftmodule/x86_64-apple-macos.swiftmodule /Applications/Xcode.app/Contents/Developer/Toolchains/XcodeDefault.xctoolchain/usr/lib/swift/macosx/prebuilt-modules/26.4/_StringProcessing.swiftmodule/x86_64-apple-macos.swiftmodule /Applications/Xcode.app/Contents/Developer/Toolchains/XcodeDefault.xctoolchain/usr/lib/swift/macosx/prebuilt-modules/26.4/CoreVideo.swiftmodule/x86_64-apple-macos.swiftmodule /Applications/Xcode.app/Contents/Developer/Toolchains/XcodeDefault.xctoolchain/usr/lib/swift/macosx/prebuilt-modules/26.4/ObjectiveC.swiftmodule/x86_64-apple-macos.swiftmodule /Applications/Xcode.app/Contents/Developer/Toolchains/XcodeDefault.xctoolchain/usr/lib/swift/macosx/prebuilt-modules/26.4/os.swiftmodule/x86_64-apple-macos.swiftmodule /Applications/Xcode.app/Contents/Developer/Toolchains/XcodeDefault.xctoolchain/usr/lib/swift/macosx/prebuilt-modules/26.4/Observation.swiftmodule/x86_64-apple-macos.swiftmodule /Applications/Xcode.app/Contents/Developer/Toolchains/XcodeDefault.xctoolchain/usr/lib/swift/macosx/prebuilt-modules/26.4/XPC.swiftmodule/x86_64-apple-macos.swiftmodule /Applications/Xcode.app/Contents/Developer/Toolchains/XcodeDefault.xctoolchain/usr/lib/swift/macosx/prebuilt-modules/26.4/QuartzCore.swiftmodule/x86_64-apple-macos.swiftmodule /Applications/Xcode.app/Contents/Developer/Toolchains/XcodeDefault.xctoolchain/usr/lib/swift/macosx/prebuilt-modules/26.4/simd.swiftmodule/x86_64-apple-macos.swiftmodule /Applications/Xcode.app/Contents/Developer/Toolchains/XcodeDefault.xctoolchain/usr/lib/swift/macosx/prebuilt-modules/26.4/IOKit.swiftmodule/x86_64-apple-macos.swiftmodule /Applications/Xcode.app/Contents/Developer/Toolchains/XcodeDefault.xctoolchain/usr/lib/swift/macosx/prebuilt-modules/26.4/DeveloperToolsSupport.swiftmodule/x86_64-apple-macos.swiftmodule /Applications/Xcode.app/Contents/Developer/Toolchains/XcodeDefault.xctoolchain/usr/lib/swift/macosx/prebuilt-modules/26.4/SwiftUI.swiftmodule/x86_64-apple-macos.swiftmodule /Applications/Xcode.app/Contents/Developer/Toolchains/XcodeDefault.xctoolchain/usr/lib/swift/macosx/prebuilt-modules/26.4/AppKit.swiftmodule/x86_64-apple-macos.swiftmodule /Applications/Xcode.app/Contents/Developer/Toolchains/XcodeDefault.xctoolchain/usr/lib/swift/macosx/prebuilt-modules/26.4/_DarwinFoundation1.swiftmodule/x86_64-apple-macos.swiftmodule /Applications/Xcode.app/Contents/Developer/Toolchains/XcodeDefault.xctoolchain/usr/lib/swift/macosx/prebuilt-modules/26.4/OSLog.swiftmodule/x86_64-apple-macos.swiftmodule /Applications/Xcode.app/Contents/Developer/Toolchains/XcodeDefault.xctoolchain/usr/lib/swift/macosx/prebuilt-modules/26.4/DataDetection.swiftmodule/x86_64-apple-macos.swiftmodule /Applications/Xcode.app/Contents/Developer/Toolchains/XcodeDefault.xctoolchain/usr/lib/swift/macosx/prebuilt-modules/26.4/CoreText.swiftmodule/x86_64-apple-macos.swiftmodule /Users/akhilmeesala/Library/Developer/Xcode/DerivedData/LADM-dcfwxbpqmqbyeieftnccnvynrhwl/Build/Products/Release/LADMCore.framework/Modules/LADMCore.swiftmodule/x86_64-apple-macos.swiftmodule /Applications/Xcode.app/Contents/Developer/Toolchains/XcodeDefault.xctoolchain/usr/lib/swift/macosx/prebuilt-modules/26.4/Swift.swiftmodule/x86_64-apple-macos.swiftmodule /Applications/Xcode.app/Contents/Developer/Toolchains/XcodeDefault.xctoolchain/usr/lib/swift/macosx/prebuilt-modules/26.4/Dispatch.swiftmodule/x86_64-apple-macos.swiftmodule /Applications/Xcode.app/Contents/Developer/Toolchains/XcodeDefault.xctoolchain/usr/lib/swift/macosx/prebuilt-modules/26.4/System.swiftmodule/x86_64-apple-macos.swiftmodule /Applications/Xcode.app/Contents/Developer/Toolchains/XcodeDefault.xctoolchain/usr/lib/swift/macosx/prebuilt-modules/26.4/Darwin.swiftmodule/x86_64-apple-macos.swiftmodule /Applications/Xcode.app/Contents/Developer/Toolchains/XcodeDefault.xctoolchain/usr/lib/swift/macosx/prebuilt-modules/26.4/CoreGraphics.swiftmodule/x86_64-apple-macos.swiftmodule /Applications/Xcode.app/Contents/Developer/Toolchains/XcodeDefault.xctoolchain/usr/lib/swift/macosx/prebuilt-modules/26.4/Combine.swiftmodule/x86_64-apple-macos.swiftmodule /Applications/Xcode.app/Contents/Developer/Toolchains/XcodeDefault.xctoolchain/usr/lib/swift/macosx/prebuilt-modules/26.4/_DarwinFoundation3.swiftmodule/x86_64-apple-macos.swiftmodule /Applications/Xcode.app/Contents/Developer/Toolchains/XcodeDefault.xctoolchain/usr/lib/swift/macosx/prebuilt-modules/26.4/_DarwinFoundation2.swiftmodule/x86_64-apple-macos.swiftmodule /Applications/Xcode.app/Contents/Developer/Toolchains/XcodeDefault.xctoolchain/usr/lib/swift/macosx/prebuilt-modules/26.4/_Builtin_float.swiftmodule/x86_64-apple-macos.swiftmodule /Applications/Xcode.app/Contents/Developer/Toolchains/XcodeDefault.xctoolchain/usr/lib/swift/macosx/prebuilt-modules/26.4/_Concurrency.swiftmodule/x86_64-apple-macos.swiftmodule /Users/akhilmeesala/Library/Developer/Xcode/DerivedData/ModuleCache.noindex/_Builtin_inttypes-CNWLPY8MTG9H7BPC6GI345KQ1.pcm /Users/akhilmeesala/Library/Developer/Xcode/DerivedData/ModuleCache.noindex/ptrcheck-2S2GOU7OT43XX8AABDLBUGW5Y.pcm /Users/akhilmeesala/Library/Developer/Xcode/DerivedData/ModuleCache.noindex/Accessibility-87FJ56JSU51WTQ3QUG6MZJGOD.pcm /Users/akhilmeesala/Library/Developer/Xcode/DerivedData/ModuleCache.noindex/OpenGL-BLYGQF5U7I7SQQCZ9YCQZUY62.pcm /Users/akhilmeesala/Library/Developer/Xcode/DerivedData/ModuleCache.noindex/SwiftShims-AY3LYCS96R6A9LM2Z0PGMYKSG.pcm /Users/akhilmeesala/Library/Developer/Xcode/DerivedData/ModuleCache.noindex/SwiftUICore-AUANAC1832B3WBVL1ZUDQHKM5.pcm /Users/akhilmeesala/Library/Developer/Xcode/DerivedData/ModuleCache.noindex/libDER-D6NOVIM5F39AQFTC1NDWBKPQZ.pcm /Users/akhilmeesala/Library/Developer/Xcode/DerivedData/LADM-dcfwxbpqmqbyeieftnccnvynrhwl/Build/Intermediates.noindex/SwiftExplicitPrecompiledModules/Sparkle-95QO86MQ9TMFXOQMZTSTG07UD.pcm /Users/akhilmeesala/Library/Developer/Xcode/DerivedData/ModuleCache.noindex/Symbols-EGC3AXJKD1DST2IM2Z2Q3IPKU.pcm /Users/akhilmeesala/Library/Developer/Xcode/DerivedData/ModuleCache.noindex/CoreServices-2065WOUQLQMR1Z230JSMEV8ID.pcm /Users/akhilmeesala/Library/Developer/Xcode/DerivedData/ModuleCache.noindex/Foundation-DO1J41ZAA2NHKP23YZYU2P094.pcm /Users/akhilmeesala/Library/Developer/Xcode/DerivedData/ModuleCache.noindex/os_workgroup-CJ9OPD09CXZIHUTJI3DKZ6J6C.pcm /Users/akhilmeesala/Library/Developer/Xcode/DerivedData/ModuleCache.noindex/ObjectiveC-5DHT3J8M0B1B0LX2QD8CQFFI.pcm /Users/akhilmeesala/Library/Developer/Xcode/DerivedData/ModuleCache.noindex/_SwiftConcurrencyShims-CT8URTD6XUPMXYTGIKTX9Q4T5.pcm /Users/akhilmeesala/Library/Developer/Xcode/DerivedData/ModuleCache.noindex/ServiceManagement-9D6E3SSRCDW53K6UBIXVNHRJK.pcm /Users/akhilmeesala/Library/Developer/Xcode/DerivedData/ModuleCache.noindex/_DarwinFoundation1-2VWNXJBTQVA0UXASQAST4J12K.pcm /Users/akhilmeesala/Library/Developer/Xcode/DerivedData/ModuleCache.noindex/_Builtin_stdint-4XRINWCXJSBB4AHB2GXM8ZGRG.pcm /Users/akhilmeesala/Library/Developer/Xcode/DerivedData/ModuleCache.noindex/_DarwinFoundation3-8DM76H0C686YEAAOHOFGS9WGZ.pcm /Users/akhilmeesala/Library/Developer/Xcode/DerivedData/ModuleCache.noindex/os-4KHULFSBDQW85BHQ7VPOKUG5Y.pcm /Users/akhilmeesala/Library/Developer/Xcode/DerivedData/ModuleCache.noindex/Cocoa-7RAY12VVVPV52FULWLFK6PUY0.pcm /Users/akhilmeesala/Library/Developer/Xcode/DerivedData/ModuleCache.noindex/XPC-3U2QKYHCVYX7AY8HKC12IUX2H.pcm /Users/akhilmeesala/Library/Developer/Xcode/DerivedData/ModuleCache.noindex/_Builtin_stdarg-2ON60SPEYCBV5X4BM0JWCLTXK.pcm /Users/akhilmeesala/Library/Developer/Xcode/DerivedData/ModuleCache.noindex/CoreGraphics-C2YU21URA5RMRBI6LN6AECFYV.pcm /Users/akhilmeesala/Library/Developer/Xcode/DerivedData/ModuleCache.noindex/CoreData-1XU1LOPCLQL0N88HPVRPHXBGW.pcm /Users/akhilmeesala/Library/Developer/Xcode/DerivedData/ModuleCache.noindex/UniformTypeIdentifiers-C31ROWRVVNPZP4UWXMJ656CJ6.pcm /Users/akhilmeesala/Library/Developer/Xcode/DerivedData/ModuleCache.noindex/Metal-7MLVJFNWTIPJP1DOMJZ5A0S6.pcm /Users/akhilmeesala/Library/Developer/Xcode/DerivedData/ModuleCache.noindex/_Builtin_stdbool-6TACB5BGOCDYMYLC23PTQAWDX.pcm /Users/akhilmeesala/Library/Developer/Xcode/DerivedData/ModuleCache.noindex/_Builtin_limits-6ETJYH16VGS4ITM3V5K1S49FF.pcm /Users/akhilmeesala/Library/Developer/Xcode/DerivedData/ModuleCache.noindex/_DarwinFoundation2-CTX274X974HDL1MHUM9HBV8SZ.pcm /Users/akhilmeesala/Library/Developer/Xcode/DerivedData/ModuleCache.noindex/CoreImage-F4D7Q737PIVZI2C2PZ301XE46.pcm /Users/akhilmeesala/Library/Developer/Xcode/DerivedData/ModuleCache.noindex/DiskArbitration-8R6IUGCUHMYITUZ1URYWY5JXP.pcm /Users/akhilmeesala/Library/Developer/Xcode/DerivedData/ModuleCache.noindex/IOSurface-4GBMXRIOLPLG995JB95H5X5U9.pcm /Users/akhilmeesala/Library/Developer/Xcode/DerivedData/ModuleCache.noindex/ptrauth-B9E8PO1DSYCTPCMAMJOHLE415.pcm /Users/akhilmeesala/Library/Developer/Xcode/DerivedData/ModuleCache.noindex/SwiftUI-9SS3VP358VPFTZ92LMXNNFCAP.pcm /Users/akhilmeesala/Library/Developer/Xcode/DerivedData/ModuleCache.noindex/OSLog-EIIJMY54KJLKG8T2HV9009DVC.pcm /Users/akhilmeesala/Library/Developer/Xcode/DerivedData/ModuleCache.noindex/libkern-E3LRY973U70LD7MJ83JP6Y596.pcm /Users/akhilmeesala/Library/Developer/Xcode/DerivedData/ModuleCache.noindex/launch-ADWFVTOORSI952CTW6HL01HP1.pcm /Users/akhilmeesala/Library/Developer/Xcode/DerivedData/ModuleCache.noindex/_Builtin_stdatomic-AACZHIWRNLJN5BD8TD9UIRXHY.pcm /Users/akhilmeesala/Library/Developer/Xcode/DerivedData/ModuleCache.noindex/IOKit-7VUYYGXNUBSDYYQ5CH6L9DI41.pcm /Users/akhilmeesala/Library/Developer/Xcode/DerivedData/ModuleCache.noindex/_Builtin_intrinsics-DT1VRFRF0T66XKQPTWIFIN4IB.pcm /Users/akhilmeesala/Library/Developer/Xcode/DerivedData/ModuleCache.noindex/os_object-66G1P3Q6TOUU4NEARMHC9C5UI.pcm /Users/akhilmeesala/Library/Developer/Xcode/DerivedData/ModuleCache.noindex/_Builtin_stddef-874QK9JG325SFFXXZQST1GQTH.pcm /Users/akhilmeesala/Library/Developer/Xcode/DerivedData/ModuleCache.noindex/QuartzCore-CP7GCGZR4KB6NR2FRMIGTLDVF.pcm /Users/akhilmeesala/Library/Developer/Xcode/DerivedData/ModuleCache.noindex/MachO-1ZOJO2DN85U0FKPJKHMQRZSZ0.pcm /Users/akhilmeesala/Library/Developer/Xcode/DerivedData/ModuleCache.noindex/ImageIO-7YX9CVP9DUU88JIS93DDY15M7.pcm /Users/akhilmeesala/Library/Developer/Xcode/DerivedData/ModuleCache.noindex/_Builtin_tgmath-8XYTRFPSLK3XVYZFLDU75GLOV.pcm /Users/akhilmeesala/Library/Developer/Xcode/DerivedData/ModuleCache.noindex/CFNetwork-C7YHIDC2961G14HXB1GBWN55T.pcm /Users/akhilmeesala/Library/Developer/Xcode/DerivedData/ModuleCache.noindex/CoreVideo-BK60JW598SESI03RVBW4RLC5L.pcm /Users/akhilmeesala/Library/Developer/Xcode/DerivedData/ModuleCache.noindex/simd-DKU9XOYJTAP5AT9W1ORDBB9RN.pcm /Users/akhilmeesala/Library/Developer/Xcode/DerivedData/ModuleCache.noindex/DataDetection-4F5A919RHKSRAJBI6A86HQMY4.pcm /Users/akhilmeesala/Library/Developer/Xcode/DerivedData/ModuleCache.noindex/CUPS-DQP554LB92LVYHOR7LRYPFHZ0.pcm /Users/akhilmeesala/Library/Developer/Xcode/DerivedData/ModuleCache.noindex/AppKit-6BPI74ZI67TH85H4NVQARU7EY.pcm /Users/akhilmeesala/Library/Developer/Xcode/DerivedData/ModuleCache.noindex/CoreFoundation-22UZI08Q7YLTUTPGP3YW45C3N.pcm /Users/akhilmeesala/Library/Developer/Xcode/DerivedData/ModuleCache.noindex/CoreText-C8MSF5T4F8U304Q0AMRNBIIW6.pcm /Users/akhilmeesala/Library/Developer/Xcode/DerivedData/ModuleCache.noindex/ApplicationServices-79QBZCVXW84UJS8APPEXY9AFF.pcm /Users/akhilmeesala/Library/Developer/Xcode/DerivedData/ModuleCache.noindex/sys_types-C7L659AIPDPNFMHSWQ5BL9MN6.pcm /Users/akhilmeesala/Library/Developer/Xcode/DerivedData/ModuleCache.noindex/Darwin-AZ3ONHCXG68BLXAQWKJ4JZ1Q6.pcm /Users/akhilmeesala/Library/Developer/Xcode/DerivedData/ModuleCache.noindex/Spatial-DHEWIYLUA8K0LGO44Y9Z4WI60.pcm /Users/akhilmeesala/Library/Developer/Xcode/DerivedData/ModuleCache.noindex/_AvailabilityInternal-D939CLAVNADN0KSU0RBZIRX8I.pcm /Users/akhilmeesala/Library/Developer/Xcode/DerivedData/ModuleCache.noindex/ColorSync-EKOR1MOTF68TXSFUE8VYMDR8E.pcm /Users/akhilmeesala/Library/Developer/Xcode/DerivedData/LADM-dcfwxbpqmqbyeieftnccnvynrhwl/Build/Intermediates.noindex/SwiftExplicitPrecompiledModules/LADMCore-4QFWWUJL4CCJ4UU6NHMFWYXFH.pcm /Users/akhilmeesala/Library/Developer/Xcode/DerivedData/ModuleCache.noindex/Security-A9OWYAS40LGIKF1TQL62O6MCE.pcm /Users/akhilmeesala/Library/Developer/Xcode/DerivedData/ModuleCache.noindex/CoreTransferable-FJ8WLKZ36QZJOEH10124I8HM.pcm /Users/akhilmeesala/Library/Developer/Xcode/DerivedData/ModuleCache.noindex/Dispatch-2AFC58STB50XB8HICO8QYSHG1.pcm /Users/akhilmeesala/Library/Developer/Xcode/DerivedData/ModuleCache.noindex/DeveloperToolsSupport-ADYWF1J8ZEMOR29S3IGN8MO2Z.pcm /Users/akhilmeesala/Library/Developer/Xcode/DerivedData/ModuleCache.noindex/_Builtin_float-BIDISS3ZHFJA8ZD4LQGE6MZSN.pcm /Users/akhilmeesala/Library/Developer/Xcode/DerivedData/LADM-dcfwxbpqmqbyeieftnccnvynrhwl/Build/Intermediates.noindex/LADM.build/Release/LADM.build/Objects-normal/x86_64/LADM-dependencies-2.json (in target 'LADM' from project 'LADM')

CompileSwift normal x86_64 (in target 'LADM' from project 'LADM')
    cd /Users/akhilmeesala/LADM
    

SwiftDriverJobDiscovery normal x86_64 Compiling SettingsView.swift, AppDelegate.swift, UnsupportedMacView.swift, GeneratedAssetSymbols.swift (in target 'LADM' from project 'LADM')

SwiftDriver\ Compilation\ Requirements LADM normal x86_64 com.apple.xcode.tools.swift.compiler (in target 'LADM' from project 'LADM')
    cd /Users/akhilmeesala/LADM
    builtin-Swift-Compilation-Requirements -- /Applications/Xcode.app/Contents/Developer/Toolchains/XcodeDefault.xctoolchain/usr/bin/swiftc -module-name LADM -O -whole-module-optimization @/Users/akhilmeesala/Library/Developer/Xcode/DerivedData/LADM-dcfwxbpqmqbyeieftnccnvynrhwl/Build/Intermediates.noindex/LADM.build/Release/LADM.build/Objects-normal/x86_64/LADM.SwiftFileList -enable-bare-slash-regex -enable-experimental-feature DebugDescriptionMacro -sdk /Applications/Xcode.app/Contents/Developer/Platforms/MacOSX.platform/Developer/SDKs/MacOSX26.4.sdk -target x86_64-apple-macos12.0 -g -module-cache-path /Users/akhilmeesala/Library/Developer/Xcode/DerivedData/ModuleCache.noindex -Xfrontend -serialize-debugging-options -swift-version 5 -I /Users/akhilmeesala/Library/Developer/Xcode/DerivedData/LADM-dcfwxbpqmqbyeieftnccnvynrhwl/Build/Products/Release -F /Users/akhilmeesala/Library/Developer/Xcode/DerivedData/LADM-dcfwxbpqmqbyeieftnccnvynrhwl/Build/Products/Release -F /Users/akhilmeesala/LADM/Vendor -F /Users/akhilmeesala/LADM -c -num-threads 14 -Xcc -ivfsstatcache -Xcc /Users/akhilmeesala/Library/Developer/Xcode/DerivedData/SDKStatCaches.noindex/macosx26.4-25E251-30f9ca8789b706f8bd3fc906a70d770f.sdkstatcache -output-file-map /Users/akhilmeesala/Library/Developer/Xcode/DerivedData/LADM-dcfwxbpqmqbyeieftnccnvynrhwl/Build/Intermediates.noindex/LADM.build/Release/LADM.build/Objects-normal/x86_64/LADM-OutputFileMap.json -use-frontend-parseable-output -save-temps -no-color-diagnostics -explicit-module-build -module-cache-path /Users/akhilmeesala/Library/Developer/Xcode/DerivedData/LADM-dcfwxbpqmqbyeieftnccnvynrhwl/Build/Intermediates.noindex/SwiftExplicitPrecompiledModules -clang-scanner-module-cache-path /Users/akhilmeesala/Library/Developer/Xcode/DerivedData/ModuleCache.noindex -sdk-module-cache-path /Users/akhilmeesala/Library/Developer/Xcode/DerivedData/ModuleCache.noindex -serialize-diagnostics -emit-dependencies -emit-module -emit-module-path /Users/akhilmeesala/Library/Developer/Xcode/DerivedData/LADM-dcfwxbpqmqbyeieftnccnvynrhwl/Build/Intermediates.noindex/LADM.build/Release/LADM.build/Objects-normal/x86_64/LADM.swiftmodule -validate-clang-modules-once -clang-build-session-file /Users/akhilmeesala/Library/Developer/Xcode/DerivedData/ModuleCache.noindex/Session.modulevalidation -Xcc -I/Users/akhilmeesala/Library/Developer/Xcode/DerivedData/LADM-dcfwxbpqmqbyeieftnccnvynrhwl/Build/Intermediates.noindex/LADM.build/Release/LADM.build/swift-overrides.hmap -emit-const-values -Xfrontend -const-gather-protocols-file -Xfrontend /Users/akhilmeesala/Library/Developer/Xcode/DerivedData/LADM-dcfwxbpqmqbyeieftnccnvynrhwl/Build/Intermediates.noindex/LADM.build/Release/LADM.build/Objects-normal/x86_64/LADM_const_extract_protocols.json -Xcc -iquote -Xcc /Users/akhilmeesala/Library/Developer/Xcode/DerivedData/LADM-dcfwxbpqmqbyeieftnccnvynrhwl/Build/Intermediates.noindex/LADM.build/Release/LADM.build/LADM-generated-files.hmap -Xcc -I/Users/akhilmeesala/Library/Developer/Xcode/DerivedData/LADM-dcfwxbpqmqbyeieftnccnvynrhwl/Build/Intermediates.noindex/LADM.build/Release/LADM.build/LADM-own-target-headers.hmap -Xcc -I/Users/akhilmeesala/Library/Developer/Xcode/DerivedData/LADM-dcfwxbpqmqbyeieftnccnvynrhwl/Build/Intermediates.noindex/LADM.build/Release/LADM.build/LADM-all-non-framework-target-headers.hmap -Xcc -ivfsoverlay -Xcc /Users/akhilmeesala/Library/Developer/Xcode/DerivedData/LADM-dcfwxbpqmqbyeieftnccnvynrhwl/Build/Intermediates.noindex/LADM.build/Release/LADM-e2216feeb8af4e91610adbc941f5795f-VFS/all-product-headers.yaml -Xcc -iquote -Xcc /Users/akhilmeesala/Library/Developer/Xcode/DerivedData/LADM-dcfwxbpqmqbyeieftnccnvynrhwl/Build/Intermediates.noindex/LADM.build/Release/LADM.build/LADM-project-headers.hmap -Xcc -I/Users/akhilmeesala/Library/Developer/Xcode/DerivedData/LADM-dcfwxbpqmqbyeieftnccnvynrhwl/Build/Products/Release/include -Xcc -I/Users/akhilmeesala/Library/Developer/Xcode/DerivedData/LADM-dcfwxbpqmqbyeieftnccnvynrhwl/Build/Intermediates.noindex/LADM.build/Release/LADM.build/DerivedSources-normal/x86_64 -Xcc -I/Users/akhilmeesala/Library/Developer/Xcode/DerivedData/LADM-dcfwxbpqmqbyeieftnccnvynrhwl/Build/Intermediates.noindex/LADM.build/Release/LADM.build/DerivedSources/x86_64 -Xcc -I/Users/akhilmeesala/Library/Developer/Xcode/DerivedData/LADM-dcfwxbpqmqbyeieftnccnvynrhwl/Build/Intermediates.noindex/LADM.build/Release/LADM.build/DerivedSources -emit-objc-header -emit-objc-header-path /Users/akhilmeesala/Library/Developer/Xcode/DerivedData/LADM-dcfwxbpqmqbyeieftnccnvynrhwl/Build/Intermediates.noindex/LADM.build/Release/LADM.build/Objects-normal/x86_64/LADM-Swift.h -working-directory /Users/akhilmeesala/LADM -no-emit-module-separately-wmo

Ld /Users/akhilmeesala/Library/Developer/Xcode/DerivedData/LADM-dcfwxbpqmqbyeieftnccnvynrhwl/Build/Intermediates.noindex/LADM.build/Release/LADM.build/Objects-normal/x86_64/Binary/LADM normal x86_64 (in target 'LADM' from project 'LADM')
    cd /Users/akhilmeesala/LADM
    /Applications/Xcode.app/Contents/Developer/Toolchains/XcodeDefault.xctoolchain/usr/bin/clang -Xlinker -reproducible -target x86_64-apple-macos12.0 -isysroot /Applications/Xcode.app/Contents/Developer/Platforms/MacOSX.platform/Developer/SDKs/MacOSX26.4.sdk -Os -L/Users/akhilmeesala/Library/Developer/Xcode/DerivedData/LADM-dcfwxbpqmqbyeieftnccnvynrhwl/Build/Intermediates.noindex/EagerLinkingTBDs/Release -L/Users/akhilmeesala/Library/Developer/Xcode/DerivedData/LADM-dcfwxbpqmqbyeieftnccnvynrhwl/Build/Products/Release -F/Users/akhilmeesala/Library/Developer/Xcode/DerivedData/LADM-dcfwxbpqmqbyeieftnccnvynrhwl/Build/Intermediates.noindex/EagerLinkingTBDs/Release -F/Users/akhilmeesala/Library/Developer/Xcode/DerivedData/LADM-dcfwxbpqmqbyeieftnccnvynrhwl/Build/Products/Release -F/Users/akhilmeesala/LADM/Vendor -F/Users/akhilmeesala/LADM -filelist /Users/akhilmeesala/Library/Developer/Xcode/DerivedData/LADM-dcfwxbpqmqbyeieftnccnvynrhwl/Build/Intermediates.noindex/LADM.build/Release/LADM.build/Objects-normal/x86_64/LADM.LinkFileList -Xlinker -rpath -Xlinker /usr/lib/swift -Xlinker -rpath -Xlinker @executable_path/../Frameworks -Xlinker -object_path_lto -Xlinker /Users/akhilmeesala/Library/Developer/Xcode/DerivedData/LADM-dcfwxbpqmqbyeieftnccnvynrhwl/Build/Intermediates.noindex/LADM.build/Release/LADM.build/Objects-normal/x86_64/LADM_lto.o -Xlinker -dependency_info -Xlinker /Users/akhilmeesala/Library/Developer/Xcode/DerivedData/LADM-dcfwxbpqmqbyeieftnccnvynrhwl/Build/Intermediates.noindex/LADM.build/Release/LADM.build/Objects-normal/x86_64/LADM_dependency_info.dat -fobjc-link-runtime -L/Applications/Xcode.app/Contents/Developer/Toolchains/XcodeDefault.xctoolchain/usr/lib/swift/macosx -L/usr/lib/swift -Xlinker -add_ast_path -Xlinker /Users/akhilmeesala/Library/Developer/Xcode/DerivedData/LADM-dcfwxbpqmqbyeieftnccnvynrhwl/Build/Intermediates.noindex/LADM.build/Release/LADM.build/Objects-normal/x86_64/LADM.swiftmodule @/Users/akhilmeesala/Library/Developer/Xcode/DerivedData/LADM-dcfwxbpqmqbyeieftnccnvynrhwl/Build/Intermediates.noindex/LADM.build/Release/LADM.build/Objects-normal/x86_64/LADM-linker-args.resp -framework LADMCore -framework Sparkle -o /Users/akhilmeesala/Library/Developer/Xcode/DerivedData/LADM-dcfwxbpqmqbyeieftnccnvynrhwl/Build/Intermediates.noindex/LADM.build/Release/LADM.build/Objects-normal/x86_64/Binary/LADM

SwiftDriver\ Compilation LADM normal arm64 com.apple.xcode.tools.swift.compiler (in target 'LADM' from project 'LADM')
    cd /Users/akhilmeesala/LADM
    builtin-Swift-Compilation -- /Applications/Xcode.app/Contents/Developer/Toolchains/XcodeDefault.xctoolchain/usr/bin/swiftc -module-name LADM -O -whole-module-optimization @/Users/akhilmeesala/Library/Developer/Xcode/DerivedData/LADM-dcfwxbpqmqbyeieftnccnvynrhwl/Build/Intermediates.noindex/LADM.build/Release/LADM.build/Objects-normal/arm64/LADM.SwiftFileList -enable-bare-slash-regex -enable-experimental-feature DebugDescriptionMacro -sdk /Applications/Xcode.app/Contents/Developer/Platforms/MacOSX.platform/Developer/SDKs/MacOSX26.4.sdk -target arm64-apple-macos12.0 -g -module-cache-path /Users/akhilmeesala/Library/Developer/Xcode/DerivedData/ModuleCache.noindex -Xfrontend -serialize-debugging-options -swift-version 5 -I /Users/akhilmeesala/Library/Developer/Xcode/DerivedData/LADM-dcfwxbpqmqbyeieftnccnvynrhwl/Build/Products/Release -F /Users/akhilmeesala/Library/Developer/Xcode/DerivedData/LADM-dcfwxbpqmqbyeieftnccnvynrhwl/Build/Products/Release -F /Users/akhilmeesala/LADM/Vendor -F /Users/akhilmeesala/LADM -c -num-threads 14 -Xcc -ivfsstatcache -Xcc /Users/akhilmeesala/Library/Developer/Xcode/DerivedData/SDKStatCaches.noindex/macosx26.4-25E251-30f9ca8789b706f8bd3fc906a70d770f.sdkstatcache -output-file-map /Users/akhilmeesala/Library/Developer/Xcode/DerivedData/LADM-dcfwxbpqmqbyeieftnccnvynrhwl/Build/Intermediates.noindex/LADM.build/Release/LADM.build/Objects-normal/arm64/LADM-OutputFileMap.json -use-frontend-parseable-output -save-temps -no-color-diagnostics -explicit-module-build -module-cache-path /Users/akhilmeesala/Library/Developer/Xcode/DerivedData/LADM-dcfwxbpqmqbyeieftnccnvynrhwl/Build/Intermediates.noindex/SwiftExplicitPrecompiledModules -clang-scanner-module-cache-path /Users/akhilmeesala/Library/Developer/Xcode/DerivedData/ModuleCache.noindex -sdk-module-cache-path /Users/akhilmeesala/Library/Developer/Xcode/DerivedData/ModuleCache.noindex -serialize-diagnostics -emit-dependencies -emit-module -emit-module-path /Users/akhilmeesala/Library/Developer/Xcode/DerivedData/LADM-dcfwxbpqmqbyeieftnccnvynrhwl/Build/Intermediates.noindex/LADM.build/Release/LADM.build/Objects-normal/arm64/LADM.swiftmodule -validate-clang-modules-once -clang-build-session-file /Users/akhilmeesala/Library/Developer/Xcode/DerivedData/ModuleCache.noindex/Session.modulevalidation -Xcc -I/Users/akhilmeesala/Library/Developer/Xcode/DerivedData/LADM-dcfwxbpqmqbyeieftnccnvynrhwl/Build/Intermediates.noindex/LADM.build/Release/LADM.build/swift-overrides.hmap -emit-const-values -Xfrontend -const-gather-protocols-file -Xfrontend /Users/akhilmeesala/Library/Developer/Xcode/DerivedData/LADM-dcfwxbpqmqbyeieftnccnvynrhwl/Build/Intermediates.noindex/LADM.build/Release/LADM.build/Objects-normal/arm64/LADM_const_extract_protocols.json -Xcc -iquote -Xcc /Users/akhilmeesala/Library/Developer/Xcode/DerivedData/LADM-dcfwxbpqmqbyeieftnccnvynrhwl/Build/Intermediates.noindex/LADM.build/Release/LADM.build/LADM-generated-files.hmap -Xcc -I/Users/akhilmeesala/Library/Developer/Xcode/DerivedData/LADM-dcfwxbpqmqbyeieftnccnvynrhwl/Build/Intermediates.noindex/LADM.build/Release/LADM.build/LADM-own-target-headers.hmap -Xcc -I/Users/akhilmeesala/Library/Developer/Xcode/DerivedData/LADM-dcfwxbpqmqbyeieftnccnvynrhwl/Build/Intermediates.noindex/LADM.build/Release/LADM.build/LADM-all-non-framework-target-headers.hmap -Xcc -ivfsoverlay -Xcc /Users/akhilmeesala/Library/Developer/Xcode/DerivedData/LADM-dcfwxbpqmqbyeieftnccnvynrhwl/Build/Intermediates.noindex/LADM.build/Release/LADM-e2216feeb8af4e91610adbc941f5795f-VFS/all-product-headers.yaml -Xcc -iquote -Xcc /Users/akhilmeesala/Library/Developer/Xcode/DerivedData/LADM-dcfwxbpqmqbyeieftnccnvynrhwl/Build/Intermediates.noindex/LADM.build/Release/LADM.build/LADM-project-headers.hmap -Xcc -I/Users/akhilmeesala/Library/Developer/Xcode/DerivedData/LADM-dcfwxbpqmqbyeieftnccnvynrhwl/Build/Products/Release/include -Xcc -I/Users/akhilmeesala/Library/Developer/Xcode/DerivedData/LADM-dcfwxbpqmqbyeieftnccnvynrhwl/Build/Intermediates.noindex/LADM.build/Release/LADM.build/DerivedSources-normal/arm64 -Xcc -I/Users/akhilmeesala/Library/Developer/Xcode/DerivedData/LADM-dcfwxbpqmqbyeieftnccnvynrhwl/Build/Intermediates.noindex/LADM.build/Release/LADM.build/DerivedSources/arm64 -Xcc -I/Users/akhilmeesala/Library/Developer/Xcode/DerivedData/LADM-dcfwxbpqmqbyeieftnccnvynrhwl/Build/Intermediates.noindex/LADM.build/Release/LADM.build/DerivedSources -emit-objc-header -emit-objc-header-path /Users/akhilmeesala/Library/Developer/Xcode/DerivedData/LADM-dcfwxbpqmqbyeieftnccnvynrhwl/Build/Intermediates.noindex/LADM.build/Release/LADM.build/Objects-normal/arm64/LADM-Swift.h -working-directory /Users/akhilmeesala/LADM -no-emit-module-separately-wmo

Copy /Users/akhilmeesala/Library/Developer/Xcode/DerivedData/LADM-dcfwxbpqmqbyeieftnccnvynrhwl/Build/Products/Release/LADM.swiftmodule/Project/x86_64-apple-macos.swiftsourceinfo /Users/akhilmeesala/Library/Developer/Xcode/DerivedData/LADM-dcfwxbpqmqbyeieftnccnvynrhwl/Build/Intermediates.noindex/LADM.build/Release/LADM.build/Objects-normal/x86_64/LADM.swiftsourceinfo (in target 'LADM' from project 'LADM')
    cd /Users/akhilmeesala/LADM
    builtin-copy -exclude .DS_Store -exclude CVS -exclude .svn -exclude .git -exclude .hg -resolve-src-symlinks -rename /Users/akhilmeesala/Library/Developer/Xcode/DerivedData/LADM-dcfwxbpqmqbyeieftnccnvynrhwl/Build/Intermediates.noindex/LADM.build/Release/LADM.build/Objects-normal/x86_64/LADM.swiftsourceinfo /Users/akhilmeesala/Library/Developer/Xcode/DerivedData/LADM-dcfwxbpqmqbyeieftnccnvynrhwl/Build/Products/Release/LADM.swiftmodule/Project/x86_64-apple-macos.swiftsourceinfo

Ld /Users/akhilmeesala/Library/Developer/Xcode/DerivedData/LADM-dcfwxbpqmqbyeieftnccnvynrhwl/Build/Intermediates.noindex/LADM.build/Release/LADM.build/Objects-normal/arm64/Binary/LADM normal arm64 (in target 'LADM' from project 'LADM')
    cd /Users/akhilmeesala/LADM
    /Applications/Xcode.app/Contents/Developer/Toolchains/XcodeDefault.xctoolchain/usr/bin/clang -Xlinker -reproducible -target arm64-apple-macos12.0 -isysroot /Applications/Xcode.app/Contents/Developer/Platforms/MacOSX.platform/Developer/SDKs/MacOSX26.4.sdk -Os -L/Users/akhilmeesala/Library/Developer/Xcode/DerivedData/LADM-dcfwxbpqmqbyeieftnccnvynrhwl/Build/Intermediates.noindex/EagerLinkingTBDs/Release -L/Users/akhilmeesala/Library/Developer/Xcode/DerivedData/LADM-dcfwxbpqmqbyeieftnccnvynrhwl/Build/Products/Release -F/Users/akhilmeesala/Library/Developer/Xcode/DerivedData/LADM-dcfwxbpqmqbyeieftnccnvynrhwl/Build/Intermediates.noindex/EagerLinkingTBDs/Release -F/Users/akhilmeesala/Library/Developer/Xcode/DerivedData/LADM-dcfwxbpqmqbyeieftnccnvynrhwl/Build/Products/Release -F/Users/akhilmeesala/LADM/Vendor -F/Users/akhilmeesala/LADM -filelist /Users/akhilmeesala/Library/Developer/Xcode/DerivedData/LADM-dcfwxbpqmqbyeieftnccnvynrhwl/Build/Intermediates.noindex/LADM.build/Release/LADM.build/Objects-normal/arm64/LADM.LinkFileList -Xlinker -rpath -Xlinker /usr/lib/swift -Xlinker -rpath -Xlinker @executable_path/../Frameworks -Xlinker -object_path_lto -Xlinker /Users/akhilmeesala/Library/Developer/Xcode/DerivedData/LADM-dcfwxbpqmqbyeieftnccnvynrhwl/Build/Intermediates.noindex/LADM.build/Release/LADM.build/Objects-normal/arm64/LADM_lto.o -Xlinker -dependency_info -Xlinker /Users/akhilmeesala/Library/Developer/Xcode/DerivedData/LADM-dcfwxbpqmqbyeieftnccnvynrhwl/Build/Intermediates.noindex/LADM.build/Release/LADM.build/Objects-normal/arm64/LADM_dependency_info.dat -fobjc-link-runtime -L/Applications/Xcode.app/Contents/Developer/Toolchains/XcodeDefault.xctoolchain/usr/lib/swift/macosx -L/usr/lib/swift -Xlinker -add_ast_path -Xlinker /Users/akhilmeesala/Library/Developer/Xcode/DerivedData/LADM-dcfwxbpqmqbyeieftnccnvynrhwl/Build/Intermediates.noindex/LADM.build/Release/LADM.build/Objects-normal/arm64/LADM.swiftmodule @/Users/akhilmeesala/Library/Developer/Xcode/DerivedData/LADM-dcfwxbpqmqbyeieftnccnvynrhwl/Build/Intermediates.noindex/LADM.build/Release/LADM.build/Objects-normal/arm64/LADM-linker-args.resp -framework LADMCore -framework Sparkle -o /Users/akhilmeesala/Library/Developer/Xcode/DerivedData/LADM-dcfwxbpqmqbyeieftnccnvynrhwl/Build/Intermediates.noindex/LADM.build/Release/LADM.build/Objects-normal/arm64/Binary/LADM

Copy /Users/akhilmeesala/Library/Developer/Xcode/DerivedData/LADM-dcfwxbpqmqbyeieftnccnvynrhwl/Build/Products/Release/LADM.swiftmodule/x86_64-apple-macos.abi.json /Users/akhilmeesala/Library/Developer/Xcode/DerivedData/LADM-dcfwxbpqmqbyeieftnccnvynrhwl/Build/Intermediates.noindex/LADM.build/Release/LADM.build/Objects-normal/x86_64/LADM.abi.json (in target 'LADM' from project 'LADM')
    cd /Users/akhilmeesala/LADM
    builtin-copy -exclude .DS_Store -exclude CVS -exclude .svn -exclude .git -exclude .hg -resolve-src-symlinks -rename /Users/akhilmeesala/Library/Developer/Xcode/DerivedData/LADM-dcfwxbpqmqbyeieftnccnvynrhwl/Build/Intermediates.noindex/LADM.build/Release/LADM.build/Objects-normal/x86_64/LADM.abi.json /Users/akhilmeesala/Library/Developer/Xcode/DerivedData/LADM-dcfwxbpqmqbyeieftnccnvynrhwl/Build/Products/Release/LADM.swiftmodule/x86_64-apple-macos.abi.json

Copy /Users/akhilmeesala/Library/Developer/Xcode/DerivedData/LADM-dcfwxbpqmqbyeieftnccnvynrhwl/Build/Products/Release/LADM.swiftmodule/x86_64-apple-macos.swiftmodule /Users/akhilmeesala/Library/Developer/Xcode/DerivedData/LADM-dcfwxbpqmqbyeieftnccnvynrhwl/Build/Intermediates.noindex/LADM.build/Release/LADM.build/Objects-normal/x86_64/LADM.swiftmodule (in target 'LADM' from project 'LADM')
    cd /Users/akhilmeesala/LADM
    builtin-copy -exclude .DS_Store -exclude CVS -exclude .svn -exclude .git -exclude .hg -resolve-src-symlinks -rename /Users/akhilmeesala/Library/Developer/Xcode/DerivedData/LADM-dcfwxbpqmqbyeieftnccnvynrhwl/Build/Intermediates.noindex/LADM.build/Release/LADM.build/Objects-normal/x86_64/LADM.swiftmodule /Users/akhilmeesala/Library/Developer/Xcode/DerivedData/LADM-dcfwxbpqmqbyeieftnccnvynrhwl/Build/Products/Release/LADM.swiftmodule/x86_64-apple-macos.swiftmodule

SwiftDriver\ Compilation LADM normal x86_64 com.apple.xcode.tools.swift.compiler (in target 'LADM' from project 'LADM')
    cd /Users/akhilmeesala/LADM
    builtin-Swift-Compilation -- /Applications/Xcode.app/Contents/Developer/Toolchains/XcodeDefault.xctoolchain/usr/bin/swiftc -module-name LADM -O -whole-module-optimization @/Users/akhilmeesala/Library/Developer/Xcode/DerivedData/LADM-dcfwxbpqmqbyeieftnccnvynrhwl/Build/Intermediates.noindex/LADM.build/Release/LADM.build/Objects-normal/x86_64/LADM.SwiftFileList -enable-bare-slash-regex -enable-experimental-feature DebugDescriptionMacro -sdk /Applications/Xcode.app/Contents/Developer/Platforms/MacOSX.platform/Developer/SDKs/MacOSX26.4.sdk -target x86_64-apple-macos12.0 -g -module-cache-path /Users/akhilmeesala/Library/Developer/Xcode/DerivedData/ModuleCache.noindex -Xfrontend -serialize-debugging-options -swift-version 5 -I /Users/akhilmeesala/Library/Developer/Xcode/DerivedData/LADM-dcfwxbpqmqbyeieftnccnvynrhwl/Build/Products/Release -F /Users/akhilmeesala/Library/Developer/Xcode/DerivedData/LADM-dcfwxbpqmqbyeieftnccnvynrhwl/Build/Products/Release -F /Users/akhilmeesala/LADM/Vendor -F /Users/akhilmeesala/LADM -c -num-threads 14 -Xcc -ivfsstatcache -Xcc /Users/akhilmeesala/Library/Developer/Xcode/DerivedData/SDKStatCaches.noindex/macosx26.4-25E251-30f9ca8789b706f8bd3fc906a70d770f.sdkstatcache -output-file-map /Users/akhilmeesala/Library/Developer/Xcode/DerivedData/LADM-dcfwxbpqmqbyeieftnccnvynrhwl/Build/Intermediates.noindex/LADM.build/Release/LADM.build/Objects-normal/x86_64/LADM-OutputFileMap.json -use-frontend-parseable-output -save-temps -no-color-diagnostics -explicit-module-build -module-cache-path /Users/akhilmeesala/Library/Developer/Xcode/DerivedData/LADM-dcfwxbpqmqbyeieftnccnvynrhwl/Build/Intermediates.noindex/SwiftExplicitPrecompiledModules -clang-scanner-module-cache-path /Users/akhilmeesala/Library/Developer/Xcode/DerivedData/ModuleCache.noindex -sdk-module-cache-path /Users/akhilmeesala/Library/Developer/Xcode/DerivedData/ModuleCache.noindex -serialize-diagnostics -emit-dependencies -emit-module -emit-module-path /Users/akhilmeesala/Library/Developer/Xcode/DerivedData/LADM-dcfwxbpqmqbyeieftnccnvynrhwl/Build/Intermediates.noindex/LADM.build/Release/LADM.build/Objects-normal/x86_64/LADM.swiftmodule -validate-clang-modules-once -clang-build-session-file /Users/akhilmeesala/Library/Developer/Xcode/DerivedData/ModuleCache.noindex/Session.modulevalidation -Xcc -I/Users/akhilmeesala/Library/Developer/Xcode/DerivedData/LADM-dcfwxbpqmqbyeieftnccnvynrhwl/Build/Intermediates.noindex/LADM.build/Release/LADM.build/swift-overrides.hmap -emit-const-values -Xfrontend -const-gather-protocols-file -Xfrontend /Users/akhilmeesala/Library/Developer/Xcode/DerivedData/LADM-dcfwxbpqmqbyeieftnccnvynrhwl/Build/Intermediates.noindex/LADM.build/Release/LADM.build/Objects-normal/x86_64/LADM_const_extract_protocols.json -Xcc -iquote -Xcc /Users/akhilmeesala/Library/Developer/Xcode/DerivedData/LADM-dcfwxbpqmqbyeieftnccnvynrhwl/Build/Intermediates.noindex/LADM.build/Release/LADM.build/LADM-generated-files.hmap -Xcc -I/Users/akhilmeesala/Library/Developer/Xcode/DerivedData/LADM-dcfwxbpqmqbyeieftnccnvynrhwl/Build/Intermediates.noindex/LADM.build/Release/LADM.build/LADM-own-target-headers.hmap -Xcc -I/Users/akhilmeesala/Library/Developer/Xcode/DerivedData/LADM-dcfwxbpqmqbyeieftnccnvynrhwl/Build/Intermediates.noindex/LADM.build/Release/LADM.build/LADM-all-non-framework-target-headers.hmap -Xcc -ivfsoverlay -Xcc /Users/akhilmeesala/Library/Developer/Xcode/DerivedData/LADM-dcfwxbpqmqbyeieftnccnvynrhwl/Build/Intermediates.noindex/LADM.build/Release/LADM-e2216feeb8af4e91610adbc941f5795f-VFS/all-product-headers.yaml -Xcc -iquote -Xcc /Users/akhilmeesala/Library/Developer/Xcode/DerivedData/LADM-dcfwxbpqmqbyeieftnccnvynrhwl/Build/Intermediates.noindex/LADM.build/Release/LADM.build/LADM-project-headers.hmap -Xcc -I/Users/akhilmeesala/Library/Developer/Xcode/DerivedData/LADM-dcfwxbpqmqbyeieftnccnvynrhwl/Build/Products/Release/include -Xcc -I/Users/akhilmeesala/Library/Developer/Xcode/DerivedData/LADM-dcfwxbpqmqbyeieftnccnvynrhwl/Build/Intermediates.noindex/LADM.build/Release/LADM.build/DerivedSources-normal/x86_64 -Xcc -I/Users/akhilmeesala/Library/Developer/Xcode/DerivedData/LADM-dcfwxbpqmqbyeieftnccnvynrhwl/Build/Intermediates.noindex/LADM.build/Release/LADM.build/DerivedSources/x86_64 -Xcc -I/Users/akhilmeesala/Library/Developer/Xcode/DerivedData/LADM-dcfwxbpqmqbyeieftnccnvynrhwl/Build/Intermediates.noindex/LADM.build/Release/LADM.build/DerivedSources -emit-objc-header -emit-objc-header-path /Users/akhilmeesala/Library/Developer/Xcode/DerivedData/LADM-dcfwxbpqmqbyeieftnccnvynrhwl/Build/Intermediates.noindex/LADM.build/Release/LADM.build/Objects-normal/x86_64/LADM-Swift.h -working-directory /Users/akhilmeesala/LADM -no-emit-module-separately-wmo

CreateUniversalBinary /Users/akhilmeesala/Library/Developer/Xcode/DerivedData/LADM-dcfwxbpqmqbyeieftnccnvynrhwl/Build/Products/Release/LADM.app/Contents/MacOS/LADM normal arm64\ x86_64 (in target 'LADM' from project 'LADM')
    cd /Users/akhilmeesala/LADM
    /Applications/Xcode.app/Contents/Developer/Toolchains/XcodeDefault.xctoolchain/usr/bin/lipo -create /Users/akhilmeesala/Library/Developer/Xcode/DerivedData/LADM-dcfwxbpqmqbyeieftnccnvynrhwl/Build/Intermediates.noindex/LADM.build/Release/LADM.build/Objects-normal/arm64/Binary/LADM /Users/akhilmeesala/Library/Developer/Xcode/DerivedData/LADM-dcfwxbpqmqbyeieftnccnvynrhwl/Build/Intermediates.noindex/LADM.build/Release/LADM.build/Objects-normal/x86_64/Binary/LADM -output /Users/akhilmeesala/Library/Developer/Xcode/DerivedData/LADM-dcfwxbpqmqbyeieftnccnvynrhwl/Build/Products/Release/LADM.app/Contents/MacOS/LADM

Copy /Users/akhilmeesala/Library/Developer/Xcode/DerivedData/LADM-dcfwxbpqmqbyeieftnccnvynrhwl/Build/Products/Release/LADM.app/Contents/Frameworks/LADMCore.framework /Users/akhilmeesala/Library/Developer/Xcode/DerivedData/LADM-dcfwxbpqmqbyeieftnccnvynrhwl/Build/Products/Release/LADMCore.framework (in target 'LADM' from project 'LADM')
    cd /Users/akhilmeesala/LADM
    builtin-copy -exclude .DS_Store -exclude CVS -exclude .svn -exclude .git -exclude .hg -exclude Headers -exclude PrivateHeaders -exclude Modules -exclude \*.tbd -resolve-src-symlinks -remove-static-executable /Users/akhilmeesala/Library/Developer/Xcode/DerivedData/LADM-dcfwxbpqmqbyeieftnccnvynrhwl/Build/Products/Release/LADMCore.framework /Users/akhilmeesala/Library/Developer/Xcode/DerivedData/LADM-dcfwxbpqmqbyeieftnccnvynrhwl/Build/Products/Release/LADM.app/Contents/Frameworks

CopySwiftLibs /Users/akhilmeesala/Library/Developer/Xcode/DerivedData/LADM-dcfwxbpqmqbyeieftnccnvynrhwl/Build/Products/Release/LADM.app (in target 'LADM' from project 'LADM')
    cd /Users/akhilmeesala/LADM
    builtin-swiftStdLibTool --copy --verbose --scan-executable /Users/akhilmeesala/Library/Developer/Xcode/DerivedData/LADM-dcfwxbpqmqbyeieftnccnvynrhwl/Build/Products/Release/LADM.app/Contents/MacOS/LADM --scan-folder /Users/akhilmeesala/Library/Developer/Xcode/DerivedData/LADM-dcfwxbpqmqbyeieftnccnvynrhwl/Build/Products/Release/LADM.app/Contents/Frameworks --scan-folder /Users/akhilmeesala/Library/Developer/Xcode/DerivedData/LADM-dcfwxbpqmqbyeieftnccnvynrhwl/Build/Products/Release/LADM.app/Contents/PlugIns --scan-folder /Users/akhilmeesala/Library/Developer/Xcode/DerivedData/LADM-dcfwxbpqmqbyeieftnccnvynrhwl/Build/Products/Release/LADM.app/Contents/Library/SystemExtensions --scan-folder /Users/akhilmeesala/Library/Developer/Xcode/DerivedData/LADM-dcfwxbpqmqbyeieftnccnvynrhwl/Build/Products/Release/LADM.app/Contents/Extensions --scan-folder /Users/akhilmeesala/Library/Developer/Xcode/DerivedData/LADM-dcfwxbpqmqbyeieftnccnvynrhwl/Build/Products/Release/LADMCore.framework --scan-folder /Users/akhilmeesala/LADM/Vendor/Sparkle.framework --platform macosx --toolchain /Applications/Xcode.app/Contents/Developer/Toolchains/XcodeDefault.xctoolchain --destination /Users/akhilmeesala/Library/Developer/Xcode/DerivedData/LADM-dcfwxbpqmqbyeieftnccnvynrhwl/Build/Products/Release/LADM.app/Contents/Frameworks --strip-bitcode --strip-bitcode-tool /Applications/Xcode.app/Contents/Developer/Toolchains/XcodeDefault.xctoolchain/usr/bin/bitcode_strip --emit-dependency-info /Users/akhilmeesala/Library/Developer/Xcode/DerivedData/LADM-dcfwxbpqmqbyeieftnccnvynrhwl/Build/Intermediates.noindex/LADM.build/Release/LADM.build/SwiftStdLibToolInputDependencies.dep --filter-for-swift-os --back-deploy-swift-span
Ignoring --strip-bitcode because --sign was not passed

ExtractAppIntentsMetadata (in target 'LADM' from project 'LADM')
    cd /Users/akhilmeesala/LADM
    /Applications/Xcode.app/Contents/Developer/Toolchains/XcodeDefault.xctoolchain/usr/bin/appintentsmetadataprocessor --toolchain-dir /Applications/Xcode.app/Contents/Developer/Toolchains/XcodeDefault.xctoolchain --module-name LADM --sdk-root /Applications/Xcode.app/Contents/Developer/Platforms/MacOSX.platform/Developer/SDKs/MacOSX26.4.sdk --xcode-version 17E202 --platform-family macOS --deployment-target 12.0 --bundle-identifier com.akhilmeesala.LADM --output /Users/akhilmeesala/Library/Developer/Xcode/DerivedData/LADM-dcfwxbpqmqbyeieftnccnvynrhwl/Build/Products/Release/LADM.app/Contents/Resources --target-triple arm64-apple-macos12.0 --target-triple x86_64-apple-macos12.0 --binary-file /Users/akhilmeesala/Library/Developer/Xcode/DerivedData/LADM-dcfwxbpqmqbyeieftnccnvynrhwl/Build/Products/Release/LADM.app/Contents/MacOS/LADM --dependency-file /Users/akhilmeesala/Library/Developer/Xcode/DerivedData/LADM-dcfwxbpqmqbyeieftnccnvynrhwl/Build/Intermediates.noindex/LADM.build/Release/LADM.build/Objects-normal/arm64/LADM_dependency_info.dat --dependency-file /Users/akhilmeesala/Library/Developer/Xcode/DerivedData/LADM-dcfwxbpqmqbyeieftnccnvynrhwl/Build/Intermediates.noindex/LADM.build/Release/LADM.build/Objects-normal/x86_64/LADM_dependency_info.dat --stringsdata-file /Users/akhilmeesala/Library/Developer/Xcode/DerivedData/LADM-dcfwxbpqmqbyeieftnccnvynrhwl/Build/Intermediates.noindex/LADM.build/Release/LADM.build/Objects-normal/arm64/ExtractedAppShortcutsMetadata.stringsdata --stringsdata-file /Users/akhilmeesala/Library/Developer/Xcode/DerivedData/LADM-dcfwxbpqmqbyeieftnccnvynrhwl/Build/Intermediates.noindex/LADM.build/Release/LADM.build/Objects-normal/x86_64/ExtractedAppShortcutsMetadata.stringsdata --source-file-list /Users/akhilmeesala/Library/Developer/Xcode/DerivedData/LADM-dcfwxbpqmqbyeieftnccnvynrhwl/Build/Intermediates.noindex/LADM.build/Release/LADM.build/Objects-normal/arm64/LADM.SwiftFileList --source-file-list /Users/akhilmeesala/Library/Developer/Xcode/DerivedData/LADM-dcfwxbpqmqbyeieftnccnvynrhwl/Build/Intermediates.noindex/LADM.build/Release/LADM.build/Objects-normal/x86_64/LADM.SwiftFileList --metadata-file-list /Users/akhilmeesala/Library/Developer/Xcode/DerivedData/LADM-dcfwxbpqmqbyeieftnccnvynrhwl/Build/Intermediates.noindex/LADM.build/Release/LADM.build/LADM.DependencyMetadataFileList --static-metadata-file-list /Users/akhilmeesala/Library/Developer/Xcode/DerivedData/LADM-dcfwxbpqmqbyeieftnccnvynrhwl/Build/Intermediates.noindex/LADM.build/Release/LADM.build/LADM.DependencyStaticMetadataFileList --swift-const-vals-list /Users/akhilmeesala/Library/Developer/Xcode/DerivedData/LADM-dcfwxbpqmqbyeieftnccnvynrhwl/Build/Intermediates.noindex/LADM.build/Release/LADM.build/Objects-normal/arm64/LADM.SwiftConstValuesFileList --swift-const-vals-list /Users/akhilmeesala/Library/Developer/Xcode/DerivedData/LADM-dcfwxbpqmqbyeieftnccnvynrhwl/Build/Intermediates.noindex/LADM.build/Release/LADM.build/Objects-normal/x86_64/LADM.SwiftConstValuesFileList --compile-time-extraction --deployment-aware-processing --validate-assistant-intents --no-app-shortcuts-localization
2026-04-18 13:04:47.738 appintentsmetadataprocessor[17604:717025] Starting appintentsmetadataprocessor export
2026-04-18 13:04:47.740 appintentsmetadataprocessor[17604:717025] warning: Metadata extraction skipped. No AppIntents.framework dependency found.

ProcessInfoPlistFile /Users/akhilmeesala/Library/Developer/Xcode/DerivedData/LADM-dcfwxbpqmqbyeieftnccnvynrhwl/Build/Products/Release/LADM.app/Contents/Info.plist /Users/akhilmeesala/LADM/Resources/Info.plist (in target 'LADM' from project 'LADM')
    cd /Users/akhilmeesala/LADM
    builtin-infoPlistUtility /Users/akhilmeesala/LADM/Resources/Info.plist -producttype com.apple.product-type.application -genpkginfo /Users/akhilmeesala/Library/Developer/Xcode/DerivedData/LADM-dcfwxbpqmqbyeieftnccnvynrhwl/Build/Products/Release/LADM.app/Contents/PkgInfo -expandbuildsettings -platform macosx -additionalcontentfile /Users/akhilmeesala/Library/Developer/Xcode/DerivedData/LADM-dcfwxbpqmqbyeieftnccnvynrhwl/Build/Intermediates.noindex/LADM.build/Release/LADM.build/Base.lproj/Main-SBPartialInfo.plist -additionalcontentfile /Users/akhilmeesala/Library/Developer/Xcode/DerivedData/LADM-dcfwxbpqmqbyeieftnccnvynrhwl/Build/Intermediates.noindex/LADM.build/Release/LADM.build/assetcatalog_generated_info.plist -scanforprivacyfile /Users/akhilmeesala/Library/Developer/Xcode/DerivedData/LADM-dcfwxbpqmqbyeieftnccnvynrhwl/Build/Products/Release/LADM.app/Contents/Frameworks/LADMCore.framework -scanforprivacyfile /Users/akhilmeesala/Library/Developer/Xcode/DerivedData/LADM-dcfwxbpqmqbyeieftnccnvynrhwl/Build/Products/Release/LADM.app/Contents/Frameworks/Sparkle.framework -o /Users/akhilmeesala/Library/Developer/Xcode/DerivedData/LADM-dcfwxbpqmqbyeieftnccnvynrhwl/Build/Products/Release/LADM.app/Contents/Info.plist

GenerateDSYMFile /Users/akhilmeesala/Library/Developer/Xcode/DerivedData/LADM-dcfwxbpqmqbyeieftnccnvynrhwl/Build/Products/Release/LADM.app.dSYM /Users/akhilmeesala/Library/Developer/Xcode/DerivedData/LADM-dcfwxbpqmqbyeieftnccnvynrhwl/Build/Products/Release/LADM.app/Contents/MacOS/LADM (in target 'LADM' from project 'LADM')
    cd /Users/akhilmeesala/LADM
    /Applications/Xcode.app/Contents/Developer/Toolchains/XcodeDefault.xctoolchain/usr/bin/dsymutil /Users/akhilmeesala/Library/Developer/Xcode/DerivedData/LADM-dcfwxbpqmqbyeieftnccnvynrhwl/Build/Products/Release/LADM.app/Contents/MacOS/LADM -o /Users/akhilmeesala/Library/Developer/Xcode/DerivedData/LADM-dcfwxbpqmqbyeieftnccnvynrhwl/Build/Products/Release/LADM.app.dSYM

** BUILD SUCCEEDED **

